Archive member included to satisfy reference by file (symbol)

lib/libql_app_peripheral.a(led_cfg_demo.c.obj)
                              components/ql-application/init/CMakeFiles/APPIMAGE_APP.dir/ql_init.c.obj (ql_ledcfg_app_init)
lib/libql_app_peripheral.a(uart_demo.c.obj)
                              components/ql-application/init/CMakeFiles/APPIMAGE_APP.dir/ql_init.c.obj (ql_uart_app_init)
lib/libql_app_peripheral.a(ql_pin_cfg.c.obj)
                              components/ql-application/init/CMakeFiles/APPIMAGE_APP.dir/ql_init.c.obj (ql_pin_cfg_map)
lib/libql_app_power.a(power_demo.c.obj)
                              components/ql-application/init/CMakeFiles/APPIMAGE_APP.dir/ql_init.c.obj (ql_power_app_init)
..\..\components\newlib\armca5\libc.a(lib_a-atof.o)
                              lib/libql_app_peripheral.a(uart_demo.c.obj) (atof)
..\..\components\newlib\armca5\libc.a(lib_a-atoi.o)
                              lib/libql_app_peripheral.a(uart_demo.c.obj) (atoi)
..\..\components\newlib\armca5\libc.a(lib_a-memchr.o)
                              lib/libql_app_peripheral.a(uart_demo.c.obj) (memchr)
..\..\components\newlib\armca5\libc.a(lib_a-memcpy-stub.o)
                              lib/libql_app_peripheral.a(uart_demo.c.obj) (memcpy)
..\..\components\newlib\armca5\libc.a(lib_a-memmove.o)
                              lib/libql_app_peripheral.a(uart_demo.c.obj) (memmove)
..\..\components\newlib\armca5\libc.a(lib_a-memset.o)
                              lib/libql_app_peripheral.a(uart_demo.c.obj) (memset)
..\..\components\newlib\armca5\libc.a(lib_a-snprintf.o)
                              lib/libql_app_peripheral.a(uart_demo.c.obj) (snprintf)
..\..\components\newlib\armca5\libc.a(lib_a-sprintf.o)
                              lib/libql_app_peripheral.a(uart_demo.c.obj) (sprintf)
..\..\components\newlib\armca5\libc.a(lib_a-strcat.o)
                              lib/libql_app_peripheral.a(uart_demo.c.obj) (strcat)
..\..\components\newlib\armca5\libc.a(lib_a-strchr.o)
                              lib/libql_app_peripheral.a(uart_demo.c.obj) (strchr)
..\..\components\newlib\armca5\libc.a(lib_a-strcmp.o)
                              lib/libql_app_peripheral.a(uart_demo.c.obj) (strcmp)
..\..\components\newlib\armca5\libc.a(lib_a-strcpy.o)
                              lib/libql_app_peripheral.a(uart_demo.c.obj) (strcpy)
..\..\components\newlib\armca5\libc.a(lib_a-strlen.o)
                              lib/libql_app_peripheral.a(uart_demo.c.obj) (strlen)
..\..\components\newlib\armca5\libc.a(lib_a-strncasecmp.o)
                              lib/libql_app_peripheral.a(uart_demo.c.obj) (strncasecmp)
..\..\components\newlib\armca5\libc.a(lib_a-strncat.o)
                              lib/libql_app_peripheral.a(uart_demo.c.obj) (strncat)
..\..\components\newlib\armca5\libc.a(lib_a-strncmp.o)
                              lib/libql_app_peripheral.a(uart_demo.c.obj) (strncmp)
..\..\components\newlib\armca5\libc.a(lib_a-strncpy.o)
                              lib/libql_app_peripheral.a(uart_demo.c.obj) (strncpy)
..\..\components\newlib\armca5\libc.a(lib_a-strtod.o)
                              ..\..\components\newlib\armca5\libc.a(lib_a-atof.o) (strtod)
..\..\components\newlib\armca5\libc.a(lib_a-strtok.o)
                              lib/libql_app_peripheral.a(uart_demo.c.obj) (strtok)
..\..\components\newlib\armca5\libc.a(lib_a-strtok_r.o)
                              ..\..\components\newlib\armca5\libc.a(lib_a-strtok.o) (__strtok_r)
..\..\components\newlib\armca5\libc.a(lib_a-strtol.o)
                              ..\..\components\newlib\armca5\libc.a(lib_a-atoi.o) (_strtol_r)
..\..\components\newlib\armca5\libc.a(lib_a-svfprintf.o)
                              ..\..\components\newlib\armca5\libc.a(lib_a-snprintf.o) (_svfprintf_r)
..\..\components\newlib\armca5\libc.a(lib_a-ctype_.o)
                              ..\..\components\newlib\armca5\libc.a(lib_a-strncasecmp.o) (_ctype_)
..\..\components\newlib\armca5\libc.a(lib_a-dtoa.o)
                              ..\..\components\newlib\armca5\libc.a(lib_a-svfprintf.o) (_dtoa_r)
..\..\components\newlib\armca5\libc.a(lib_a-gdtoa-gethex.o)
                              ..\..\components\newlib\armca5\libc.a(lib_a-strtod.o) (__gethex)
..\..\components\newlib\armca5\libc.a(lib_a-gdtoa-hexnan.o)
                              ..\..\components\newlib\armca5\libc.a(lib_a-strtod.o) (__match)
..\..\components\newlib\armca5\libc.a(lib_a-impure.o)
                              ..\..\components\newlib\armca5\libc.a(lib_a-snprintf.o) (_impure_ptr)
..\..\components\newlib\armca5\libc.a(lib_a-lnumeric.o)
                              ..\..\components\newlib\armca5\libc.a(lib_a-strtod.o) (_C_numeric_locale)
..\..\components\newlib\armca5\libc.a(lib_a-localeconv.o)
                              ..\..\components\newlib\armca5\libc.a(lib_a-svfprintf.o) (_localeconv_r)
..\..\components\newlib\armca5\libc.a(lib_a-locale.o)
[...]
Memory Configuration

Name             Origin             Length             Attributes
flash            0x60250000         0x00120000         xr
ram              0x80fa0000         0x00020000         xrw
*default*        0x00000000         0xffffffff

Linker script and memory map

LOAD lib/core_stub.o
LOAD components/ql-application/init/CMakeFiles/APPIMAGE_APP.dir/ql_init.c.obj
LOAD ../../components/newlib/armca5/libc.a
LOAD ../../components/newlib/armca5/libm.a
LOAD ../../prebuilts/win32/gcc-arm-none-eabi/bin/../lib/gcc/arm-none-eabi/7.2.1/thumb/v7-ar/fpv3/hard/libgcc.a
LOAD lib/libql_app_nw.a
LOAD lib/libql_app_peripheral.a
LOAD lib/libql_app_osi.a
LOAD lib/libql_app_dev.a
LOAD lib/libql_app_sim.a
LOAD lib/libql_app_power.a
LOAD lib/libql_app_gnss.a
LOAD lib/libql_app_file.a
LOAD lib/libql_app_ftp.a
LOAD lib/libql_app_http.a
LOAD lib/libql_app_mqtt.a
LOAD lib/libql_app_ssl.a
LOAD lib/libql_app_ping.a
LOAD lib/libql_app_ntp.a
LOAD lib/libql_app_lbs.a
LOAD lib/libql_app_ctsreg.a
LOAD lib/libql_app_socket.a
LOAD lib/libql_app_audio.a
LOAD lib/libql_app_tts.a
LOAD ../../components/newlib/armca5/libql_api_tts.a
LOAD ../../components/newlib/armca5/libm.a
LOAD lib/libql_app_wifi_scan.a
LOAD lib/libql_app_bt.a
LOAD lib/libql_app_bt_hfp.a
LOAD lib/libql_app_ble_gatt.a
LOAD lib/libql_app_gnss.a
LOAD lib/libql_app_lcd.a
LOAD lib/libql_app_lvgl.a
LOAD lib/libql_app_camera.a
LOAD lib/libql_app_file.a
LOAD lib/libql_app_sms.a
LOAD lib/libql_app_voice_call.a
LOAD lib/libql_app_spi.a
LOAD lib/libql_app_spi_nor_flash.a
LOAD lib/libql_app_spi6_ext_nor_flash.a
LOAD lib/libql_app_spi_nand_flash.a
LOAD lib/libql_app_decoder.a
LOAD ../../components/newlib/armca5/libql_api_decoder.a
LOAD ../../components/newlib/armca5/libm.a
LOAD lib/libql_app_rtc.a
LOAD lib/libql_ali_linkSDK.a
LOAD lib/libql_qcloud_iot.a
LOAD lib/libql_app_virt_at.a
LOAD lib/libql_app_http_fota.a
LOAD lib/libql_app_ftp_fota.a
LOAD lib/libql_app_i2c.a
LOAD lib/libql_app_sdmmc.a
LOAD lib/libql_app_mxml.a
LOAD lib/libql_app_hilinksdk.a
LOAD lib/libql_app_hilinksdk.a
LOAD lib/ql_hilinksdk.a
START GROUP
LOAD ..\..\components\newlib\armca5\libc.a
LOAD ..\..\components\newlib\armca5\libm.a
LOAD ..\..\prebuilts\win32\gcc-arm-none-eabi\lib\gcc\arm-none-eabi\7.2.1\thumb\v7-ar\fpv3\hard\libgcc.a
LOAD ..\..\components\ql-application\HiLinkSDK\lib\tl8251\lib\debug\libhilinkbtsdk.a
LOAD ..\..\components\ql-application\HiLinkSDK\lib\WiFi\ota\debug\libhilinkota.a
LOAD ..\..\components\ql-application\HiLinkSDK\lib\WiFi\softap\debug\libhilinkdevicesdk.a
END GROUP
LOAD ../../components/newlib/armca5/libm.a
LOAD lib/libql_app_bt.a
LOAD lib/liblvgl.a
LOAD lib/libql_app_peripheral.a
LOAD lib/libql_app_hilinksdk.a
LOAD ../../components/newlib/armca5/libql_newlib.a
LOAD ../../components/newlib/armca5/libc.a
LOAD ../../components/newlib/armca5/libm.a
LOAD ../../prebuilts/win32/gcc-arm-none-eabi/bin/../lib/gcc/arm-none-eabi/7.2.1/thumb/v7-ar/fpv3/hard/libgcc.a
                0x00000000                PROVIDE (appimg_get_param, 0x0)
                0x00000000                PROVIDE (appimg_set_param, 0x0)
                0x60250000                . = ORIGIN (flash)
                0x60250000                __flash_start = .

.imageheader    0x60250000       0x80
                0x60250000        0x4 LONG 0x41505032
                0x60250004        0x4 LONG 0x0
                0x60250008        0x4 LONG 0x0
 *(.rodata.core_stub.header)
 .rodata.core_stub.header
                0x6025000c       0x14 lib/core_stub.o
                0x6025000c                gAppImageCoreHeader
                0x60250020        0x4 LONG 0x2
                0x60250024        0x4 LONG 0x80 (__corestub_load_start - __flash_start)
                0x60250028        0x4 LONG 0x318 (__corestub_end - __corestub_start)
                0x6025002c        0x4 LONG 0x80fa0000 __corestub_start
                0x60250030        0x4 LONG 0x4
                0x60250034        0x4 LONG 0xe60 (__text_load_start - __flash_start)
                0x60250038        0x4 LONG 0x12c90 (__text_end - __text_start)
                0x6025003c        0x4 LONG 0x60250e60 __text_start
                0x60250040        0x4 LONG 0x4
                0x60250044        0x4 LONG 0x13b20 (__init_array_load_start - __flash_start)
                0x60250048        0x4 LONG 0x0 (__init_array_end - __init_array_start)
                0x6025004c        0x4 LONG 0x60263b20 __init_array_start
                0x60250050        0x4 LONG 0x1
                0x60250054        0x4 LONG 0x3a0 (__data_load_start - __flash_start)
                0x60250058        0x4 LONG 0xaa8 (__data_end - __data_start)
                0x6025005c        0x4 LONG 0x80fa0320 __data_start
                0x60250060        0x4 LONG 0x3
                0x60250064        0x4 LONG 0x0
                0x60250068        0x4 LONG 0x67e0 (__bss_end - __bss_start)
                0x6025006c        0x4 LONG 0x80fa0de0 __bss_start
                0x60250070        0x4 LONG 0x0
                0x60250074        0x4 LONG 0x0
                0x60250078        0x4 LONG 0x0
                0x6025007c        0x4 LONG 0x0
                0x00000001                ASSERT ((SIZEOF (.imageheader) == 0x80), invalid app image header)
                0x80fa0000                . = ORIGIN (ram)
                0x80fa0000                __ram_start = .

.corestub       0x80fa0000      0x320 load address 0x60250080
                0x80fa0000                __corestub_start = .
 *(.text.core_stub.*)
 .text.core_stub.calloc
                0x80fa0000        0x8 lib/core_stub.o
                0x80fa0000                calloc
 .text.core_stub.free
                0x80fa0008        0x8 lib/core_stub.o
                0x80fa0008                free
 .text.core_stub.ip4addr_ntoa_r
                0x80fa0010        0x8 lib/core_stub.o
                0x80fa0010                ip4addr_ntoa_r
 .text.core_stub.malloc
                0x80fa0018        0x8 lib/core_stub.o
                0x80fa0018                malloc
 .text.core_stub.osiTracePrintf
                0x80fa0020        0x8 lib/core_stub.o
                0x80fa0020                osiTracePrintf
 .text.core_stub.ql_autosleep_enable
                0x80fa0028        0x8 lib/core_stub.o
                0x80fa0028                ql_autosleep_enable
 .text.core_stub.ql_bind_sim_and_profile
                0x80fa0030        0x8 lib/core_stub.o
                0x80fa0030                ql_bind_sim_and_profile
 .text.core_stub.ql_dev_cfg_wdt
                0x80fa0038        0x8 lib/core_stub.o
                0x80fa0038                ql_dev_cfg_wdt
 .text.core_stub.ql_dev_get_firmware_version
                0x80fa0040        0x8 lib/core_stub.o
                0x80fa0040                ql_dev_get_firmware_version
 .text.core_stub.ql_dev_get_imei
                0x80fa0048        0x8 lib/core_stub.o
                0x80fa0048                ql_dev_get_imei
 .text.core_stub.ql_dev_set_modem_fun
                0x80fa0050        0x8 lib/core_stub.o
                0x80fa0050                ql_dev_set_modem_fun
 .text.core_stub.ql_event_try_wait
                0x80fa0058        0x8 lib/core_stub.o
                0x80fa0058                ql_event_try_wait
 .text.core_stub.ql_fclose
                0x80fa0060        0x8 lib/core_stub.o
                0x80fa0060                ql_fclose
 .text.core_stub.ql_fgets
                0x80fa0068        0x8 lib/core_stub.o
                0x80fa0068                ql_fgets
 .text.core_stub.ql_file_exist
                0x80fa0070        0x8 lib/core_stub.o
                0x80fa0070                ql_file_exist
 .text.core_stub.ql_fopen
                0x80fa0078        0x8 lib/core_stub.o
                0x80fa0078                ql_fopen
 .text.core_stub.ql_fota_file_reset
                0x80fa0080        0x8 lib/core_stub.o
                0x80fa0080                ql_fota_file_reset
 .text.core_stub.ql_fota_get_result
                0x80fa0088        0x8 lib/core_stub.o
                0x80fa0088                ql_fota_get_result
 .text.core_stub.ql_fota_image_verify
                0x80fa0090        0x8 lib/core_stub.o
                0x80fa0090                ql_fota_image_verify
 .text.core_stub.ql_fread
                0x80fa0098        0x8 lib/core_stub.o
                0x80fa0098                ql_fread
 .text.core_stub.ql_fs_free_size
                0x80fa00a0        0x8 lib/core_stub.o
                0x80fa00a0                ql_fs_free_size
 .text.core_stub.ql_fseek
                0x80fa00a8        0x8 lib/core_stub.o
                0x80fa00a8                ql_fseek
 .text.core_stub.ql_fsize
                0x80fa00b0        0x8 lib/core_stub.o
                0x80fa00b0                ql_fsize
 .text.core_stub.ql_ftp_client_close
                0x80fa00b8        0x8 lib/core_stub.o
                0x80fa00b8                ql_ftp_client_close
 .text.core_stub.ql_ftp_client_get_ex
                0x80fa00c0        0x8 lib/core_stub.o
                0x80fa00c0                ql_ftp_client_get_ex
 .text.core_stub.ql_ftp_client_new
                0x80fa00c8        0x8 lib/core_stub.o
                0x80fa00c8                ql_ftp_client_new
 .text.core_stub.ql_ftp_client_open
                0x80fa00d0        0x8 lib/core_stub.o
                0x80fa00d0                ql_ftp_client_open
 .text.core_stub.ql_ftp_client_release
                0x80fa00d8        0x8 lib/core_stub.o
                0x80fa00d8                ql_ftp_client_release
 .text.core_stub.ql_ftp_client_setopt
                0x80fa00e0        0x8 lib/core_stub.o
                0x80fa00e0                ql_ftp_client_setopt
 .text.core_stub.ql_ftp_client_size
                0x80fa00e8        0x8 lib/core_stub.o
                0x80fa00e8                ql_ftp_client_size
 .text.core_stub.ql_fwrite
                0x80fa00f0        0x8 lib/core_stub.o
                0x80fa00f0                ql_fwrite
 .text.core_stub.ql_get_data_call_info
                0x80fa00f8        0x8 lib/core_stub.o
                0x80fa00f8                ql_get_data_call_info
 .text.core_stub.ql_gnss_apflash_cycle_update
                0x80fa0100        0x8 lib/core_stub.o
                0x80fa0100                ql_gnss_apflash_cycle_update
 .text.core_stub.ql_gnss_apflash_data_parse
                0x80fa0108        0x8 lib/core_stub.o
                0x80fa0108                ql_gnss_apflash_data_parse
 .text.core_stub.ql_gnss_apflash_get_recv_status
                0x80fa0110        0x8 lib/core_stub.o
                0x80fa0110                ql_gnss_apflash_get_recv_status
 .text.core_stub.ql_gnss_apflash_getpvdata
                0x80fa0118        0x8 lib/core_stub.o
                0x80fa0118                ql_gnss_apflash_getpvdata
 .text.core_stub.ql_gnss_apflash_retry_enable
                0x80fa0120        0x8 lib/core_stub.o
                0x80fa0120                ql_gnss_apflash_retry_enable
 .text.core_stub.ql_gnss_apflash_set_recv_status
                0x80fa0128        0x8 lib/core_stub.o
                0x80fa0128                ql_gnss_apflash_set_recv_status
 .text.core_stub.ql_gnss_callback_register
                0x80fa0130        0x8 lib/core_stub.o
                0x80fa0130                ql_gnss_callback_register
 .text.core_stub.ql_gnss_nmea_get
                0x80fa0138        0x8 lib/core_stub.o
                0x80fa0138                ql_gnss_nmea_get
 .text.core_stub.ql_gnss_state_info_get
                0x80fa0140        0x8 lib/core_stub.o
                0x80fa0140                ql_gnss_state_info_get
 .text.core_stub.ql_gnss_switch
                0x80fa0148        0x8 lib/core_stub.o
                0x80fa0148                ql_gnss_switch
 .text.core_stub.ql_gpio_init
                0x80fa0150        0x8 lib/core_stub.o
                0x80fa0150                ql_gpio_init
 .text.core_stub.ql_gpio_set_level
                0x80fa0158        0x8 lib/core_stub.o
                0x80fa0158                ql_gpio_set_level
 .text.core_stub.ql_ledcfg_callback_register
                0x80fa0160        0x8 lib/core_stub.o
                0x80fa0160                ql_ledcfg_callback_register
 .text.core_stub.ql_lpm_wakelock_unlock
                0x80fa0168        0x8 lib/core_stub.o
                0x80fa0168                ql_lpm_wakelock_unlock
 .text.core_stub.ql_mqtt_client_deinit
                0x80fa0170        0x8 lib/core_stub.o
                0x80fa0170                ql_mqtt_client_deinit
 .text.core_stub.ql_mqtt_client_init
                0x80fa0178        0x8 lib/core_stub.o
                0x80fa0178                ql_mqtt_client_init
 .text.core_stub.ql_mqtt_connect
                0x80fa0180        0x8 lib/core_stub.o
                0x80fa0180                ql_mqtt_connect
 .text.core_stub.ql_mqtt_publish
                0x80fa0188        0x8 lib/core_stub.o
                0x80fa0188                ql_mqtt_publish
 .text.core_stub.ql_mqtt_set_inpub_callback
                0x80fa0190        0x8 lib/core_stub.o
                0x80fa0190                ql_mqtt_set_inpub_callback
 .text.core_stub.ql_mqtt_sub_unsub
                0x80fa0198        0x8 lib/core_stub.o
                0x80fa0198                ql_mqtt_sub_unsub
 .text.core_stub.ql_network_register_wait
                0x80fa01a0        0x8 lib/core_stub.o
                0x80fa01a0                ql_network_register_wait
 .text.core_stub.ql_nw_get_csq
                0x80fa01a8        0x8 lib/core_stub.o
                0x80fa01a8                ql_nw_get_csq
 .text.core_stub.ql_nw_get_operator_name
                0x80fa01b0        0x8 lib/core_stub.o
                0x80fa01b0                ql_nw_get_operator_name
 .text.core_stub.ql_nw_get_signal_strength
                0x80fa01b8        0x8 lib/core_stub.o
                0x80fa01b8                ql_nw_get_signal_strength
 .text.core_stub.ql_pin_set_func
                0x80fa01c0        0x8 lib/core_stub.o
                0x80fa01c0                ql_pin_set_func
 .text.core_stub.ql_power_down
                0x80fa01c8        0x8 lib/core_stub.o
                0x80fa01c8                ql_power_down
 .text.core_stub.ql_power_reset
                0x80fa01d0        0x8 lib/core_stub.o
                0x80fa01d0                ql_power_reset
 .text.core_stub.ql_pwm_lpg_enable
                0x80fa01d8        0x8 lib/core_stub.o
                0x80fa01d8                ql_pwm_lpg_enable
 .text.core_stub.ql_pwm_open
                0x80fa01e0        0x8 lib/core_stub.o
                0x80fa01e0                ql_pwm_open
 .text.core_stub.ql_remove
                0x80fa01e8        0x8 lib/core_stub.o
                0x80fa01e8                ql_remove
 .text.core_stub.ql_rtc_get_localtime
                0x80fa01f0        0x8 lib/core_stub.o
                0x80fa01f0                ql_rtc_get_localtime
 .text.core_stub.ql_rtc_get_time
                0x80fa01f8        0x8 lib/core_stub.o
                0x80fa01f8                ql_rtc_get_time
 .text.core_stub.ql_rtc_print_time
                0x80fa0200        0x8 lib/core_stub.o
                0x80fa0200                ql_rtc_print_time
 .text.core_stub.ql_rtc_set_time
                0x80fa0208        0x8 lib/core_stub.o
                0x80fa0208                ql_rtc_set_time
 .text.core_stub.ql_rtc_set_timezone
                0x80fa0210        0x8 lib/core_stub.o
                0x80fa0210                ql_rtc_set_timezone
 .text.core_stub.ql_rtos_event_send
                0x80fa0218        0x8 lib/core_stub.o
                0x80fa0218                ql_rtos_event_send
 .text.core_stub.ql_rtos_get_system_tick
                0x80fa0220        0x8 lib/core_stub.o
                0x80fa0220                ql_rtos_get_system_tick
 .text.core_stub.ql_rtos_queue_create
                0x80fa0228        0x8 lib/core_stub.o
                0x80fa0228                ql_rtos_queue_create
 .text.core_stub.ql_rtos_queue_release
                0x80fa0230        0x8 lib/core_stub.o
                0x80fa0230                ql_rtos_queue_release
 .text.core_stub.ql_rtos_queue_wait
                0x80fa0238        0x8 lib/core_stub.o
                0x80fa0238                ql_rtos_queue_wait
 .text.core_stub.ql_rtos_semaphore_create
                0x80fa0240        0x8 lib/core_stub.o
                0x80fa0240                ql_rtos_semaphore_create
 .text.core_stub.ql_rtos_semaphore_release
                0x80fa0248        0x8 lib/core_stub.o
                0x80fa0248                ql_rtos_semaphore_release
 .text.core_stub.ql_rtos_semaphore_wait
                0x80fa0250        0x8 lib/core_stub.o
                0x80fa0250                ql_rtos_semaphore_wait
 .text.core_stub.ql_rtos_task_create
                0x80fa0258        0x8 lib/core_stub.o
                0x80fa0258                ql_rtos_task_create
 .text.core_stub.ql_rtos_task_delete
                0x80fa0260        0x8 lib/core_stub.o
                0x80fa0260                ql_rtos_task_delete
 .text.core_stub.ql_rtos_task_sleep_ms
                0x80fa0268        0x8 lib/core_stub.o
                0x80fa0268                ql_rtos_task_sleep_ms
 .text.core_stub.ql_rtos_task_sleep_s
                0x80fa0270        0x8 lib/core_stub.o
                0x80fa0270                ql_rtos_task_sleep_s
 .text.core_stub.ql_rtos_task_suspend
                0x80fa0278        0x8 lib/core_stub.o
                0x80fa0278                ql_rtos_task_suspend
 .text.core_stub.ql_rtos_timer_create
                0x80fa0280        0x8 lib/core_stub.o
                0x80fa0280                ql_rtos_timer_create
 .text.core_stub.ql_rtos_timer_start
                0x80fa0288        0x8 lib/core_stub.o
                0x80fa0288                ql_rtos_timer_start
 .text.core_stub.ql_rtos_timer_stop
                0x80fa0290        0x8 lib/core_stub.o
                0x80fa0290                ql_rtos_timer_stop
 .text.core_stub.ql_sdmmc_mount
                0x80fa0298        0x8 lib/core_stub.o
                0x80fa0298                ql_sdmmc_mount
 .text.core_stub.ql_set_data_call_asyn_mode
                0x80fa02a0        0x8 lib/core_stub.o
                0x80fa02a0                ql_set_data_call_asyn_mode
 .text.core_stub.ql_sim_get_card_status
                0x80fa02a8        0x8 lib/core_stub.o
                0x80fa02a8                ql_sim_get_card_status
 .text.core_stub.ql_sleep_register_cb
                0x80fa02b0        0x8 lib/core_stub.o
                0x80fa02b0                ql_sleep_register_cb
 .text.core_stub.ql_start_data_call
                0x80fa02b8        0x8 lib/core_stub.o
                0x80fa02b8                ql_start_data_call
 .text.core_stub.ql_stop_data_call
                0x80fa02c0        0x8 lib/core_stub.o
                0x80fa02c0                ql_stop_data_call
 .text.core_stub.ql_uart_get_dcbconfig
                0x80fa02c8        0x8 lib/core_stub.o
                0x80fa02c8                ql_uart_get_dcbconfig
 .text.core_stub.ql_uart_get_tx_fifo_status
                0x80fa02d0        0x8 lib/core_stub.o
                0x80fa02d0                ql_uart_get_tx_fifo_status
 .text.core_stub.ql_uart_open
                0x80fa02d8        0x8 lib/core_stub.o
                0x80fa02d8                ql_uart_open
 .text.core_stub.ql_uart_read
                0x80fa02e0        0x8 lib/core_stub.o
                0x80fa02e0                ql_uart_read
 .text.core_stub.ql_uart_register_cb
                0x80fa02e8        0x8 lib/core_stub.o
                0x80fa02e8                ql_uart_register_cb
 .text.core_stub.ql_uart_set_dcbconfig
                0x80fa02f0        0x8 lib/core_stub.o
                0x80fa02f0                ql_uart_set_dcbconfig
 .text.core_stub.ql_uart_write
                0x80fa02f8        0x8 lib/core_stub.o
                0x80fa02f8                ql_uart_write
 .text.core_stub.ql_usb_bind_hotplug_cb
                0x80fa0300        0x8 lib/core_stub.o
                0x80fa0300                ql_usb_bind_hotplug_cb
 .text.core_stub.ql_wakeup_register_cb
                0x80fa0308        0x8 lib/core_stub.o
                0x80fa0308                ql_wakeup_register_cb
 .text.core_stub.realloc
                0x80fa0310        0x8 lib/core_stub.o
                0x80fa0310                realloc
                0x80fa0318                __corestub_end = .
                0x80fa0320                . = ALIGN (0x20)
 *fill*         0x80fa0318        0x8 
                0x60250080                __corestub_load_start = LOADADDR (.corestub)

.data           0x80fa0320      0xac0 load address 0x602503a0
                0x80fa0320                __data_start = .
 *(.data .data.* .gnu.linkonce.d.*)
 .data.Atribute_data
                0x80fa0320        0x7 lib/libql_app_peripheral.a(uart_demo.c.obj)
                0x80fa0320                Atribute_data
 .data.Atribute_data_req
                0x80fa0327        0x7 lib/libql_app_peripheral.a(uart_demo.c.obj)
                0x80fa0327                Atribute_data_req
 .data.On_Demand_PumpOff
                0x80fa032e        0x7 lib/libql_app_peripheral.a(uart_demo.c.obj)
                0x80fa032e                On_Demand_PumpOff
 .data.On_Demand_PumpOn
                0x80fa0335        0x7 lib/libql_app_peripheral.a(uart_demo.c.obj)
                0x80fa0335                On_Demand_PumpOn
 .data.Periodic_data
                0x80fa033c        0x7 lib/libql_app_peripheral.a(uart_demo.c.obj)
                0x80fa033c                Periodic_data
 .data.Periodic_data_req
                0x80fa0343        0x7 lib/libql_app_peripheral.a(uart_demo.c.obj)
                0x80fa0343                Periodic_data_req
 .data.Retry_server
                0x80fa034a        0x1 lib/libql_app_peripheral.a(uart_demo.c.obj)
                0x80fa034a                Retry_server
 .data.Retry_server_thingsboard
                0x80fa034b        0x1 lib/libql_app_peripheral.a(uart_demo.c.obj)
                0x80fa034b                Retry_server_thingsboard
 .data.akeyString
                0x80fa034c      0x154 lib/libql_app_peripheral.a(uart_demo.c.obj)
                0x80fa034c                akeyString
 .data.approximate_zero
                0x80fa04a0        0x4 lib/libql_app_peripheral.a(uart_demo.c.obj)
                0x80fa04a0                approximate_zero
 .data.delims   0x80fa04a4        0x9 lib/libql_app_peripheral.a(uart_demo.c.obj)
                0x80fa04a4                delims
 .data.file_full_path
                0x80fa04ad       0x16 lib/libql_app_peripheral.a(uart_demo.c.obj)
                0x80fa04ad                file_full_path
 .data.file_progress_show
                0x80fa04c3        0x1 lib/libql_app_peripheral.a(uart_demo.c.obj)
                0x80fa04c3                file_progress_show
 .data.hdata_int
                0x80fa04c4        0x1 lib/libql_app_peripheral.a(uart_demo.c.obj)
                0x80fa04c4                hdata_int
 .data.hostname
                0x80fa04c5        0xf lib/libql_app_peripheral.a(uart_demo.c.obj)
                0x80fa04c5                hostname
 .data.keyString
                0x80fa04d4      0x2f8 lib/libql_app_peripheral.a(uart_demo.c.obj)
                0x80fa04d4                keyString
 .data.local_filename
                0x80fa07cc        0xd lib/libql_app_peripheral.a(uart_demo.c.obj)
                0x80fa07cc                local_filename
 .data.mq_client_pwd
                0x80fa07d9       0x14 lib/libql_app_peripheral.a(uart_demo.c.obj)
                0x80fa07d9                mq_client_pwd
 *fill*         0x80fa07ed        0x3 
 .data.networkStatus
                0x80fa07f0        0x4 lib/libql_app_peripheral.a(uart_demo.c.obj)
                0x80fa07f0                networkStatus
 .data.password
                0x80fa07f4        0x9 lib/libql_app_peripheral.a(uart_demo.c.obj)
                0x80fa07f4                password
 .data.pdata_int
                0x80fa07fd        0x1 lib/libql_app_peripheral.a(uart_demo.c.obj)
                0x80fa07fd                pdata_int
 *fill*         0x80fa07fe        0x2 
 .data.profile_idx
                0x80fa0800        0x4 lib/libql_app_peripheral.a(uart_demo.c.obj)
                0x80fa0800                profile_idx
 .data.test_file
                0x80fa0804        0xd lib/libql_app_peripheral.a(uart_demo.c.obj)
                0x80fa0804                test_file
 .data.username
                0x80fa0811        0x9 lib/libql_app_peripheral.a(uart_demo.c.obj)
                0x80fa0811                username
 .data.version  0x80fa081a        0xf lib/libql_app_peripheral.a(uart_demo.c.obj)
                0x80fa081a                version
 *fill*         0x80fa0829        0x3 
 .data._impure_ptr
                0x80fa082c        0x4 ..\..\components\newlib\armca5\libc.a(lib_a-impure.o)
                0x80fa082c                _impure_ptr
 .data.impure_data
                0x80fa0830      0x428 ..\..\components\newlib\armca5\libc.a(lib_a-impure.o)
 .data.numempty
                0x80fa0c58        0x2 ..\..\components\newlib\armca5\libc.a(lib_a-lnumeric.o)
 *fill*         0x80fa0c5a        0x2 
 .data.__global_locale
                0x80fa0c5c      0x16c ..\..\components\newlib\armca5\libc.a(lib_a-locale.o)
                0x80fa0c5c                __global_locale
                0x80fa0dc8                __data_end = .
                0x80fa0de0                . = ALIGN (0x20)
 *fill*         0x80fa0dc8       0x18 
                0x602503a0                __data_load_start = LOADADDR (.data)

.igot.plt       0x60250e60        0x0
 .igot.plt      0x60250e60        0x0 lib/core_stub.o

.bss            0x80fa0de0     0x67e0
                0x80fa0de0                __bss_start = .
 *(.bss .bss.* COMMON .scommon .sbss .sbss.* .sbss2 .sbss2.* .gnu.linkonce.b.*)
 COMMON         0x80fa0de0      0x130 components/ql-application/init/CMakeFiles/APPIMAGE_APP.dir/ql_init.c.obj
                0x80fa0de0                snl_conf_read
                0x80fa0e70                gnnsPosDat
                0x80fa0e80                snl_conf
 .bss.ledcfg_task
                0x80fa0f10        0x4 lib/libql_app_peripheral.a(led_cfg_demo.c.obj)
                0x80fa0f10                ledcfg_task
 .bss.ArrayOfString
                0x80fa0f14      0x177 lib/libql_app_peripheral.a(uart_demo.c.obj)
                0x80fa0f14                ArrayOfString
 .bss.DataRepubFlag
                0x80fa108b        0x1 lib/libql_app_peripheral.a(uart_demo.c.obj)
                0x80fa108b                DataRepubFlag
 .bss.DataRepubFlag_SDM
                0x80fa108c        0x1 lib/libql_app_peripheral.a(uart_demo.c.obj)
                0x80fa108c                DataRepubFlag_SDM
 .bss.DataRepubFlag_TB
                0x80fa108d        0x1 lib/libql_app_peripheral.a(uart_demo.c.obj)
                0x80fa108d                DataRepubFlag_TB
 .bss.Lat_Long_CRI
                0x80fa108e       0x19 lib/libql_app_peripheral.a(uart_demo.c.obj)
                0x80fa108e                Lat_Long_CRI
 *fill*         0x80fa10a7        0x1 
 .bss.NOntwrk_data_flag
                0x80fa10a8        0x4 lib/libql_app_peripheral.a(uart_demo.c.obj)
                0x80fa10a8                NOntwrk_data_flag
 .bss.NumberOFLinesinFile
                0x80fa10ac        0x4 lib/libql_app_peripheral.a(uart_demo.c.obj)
                0x80fa10ac                NumberOFLinesinFile
 .bss.NumberofPacketsInQueue
                0x80fa10b0        0x4 lib/libql_app_peripheral.a(uart_demo.c.obj)
                0x80fa10b0                NumberofPacketsInQueue
 .bss.O_lat     0x80fa10b4        0xf lib/libql_app_peripheral.a(uart_demo.c.obj)
                0x80fa10b4                O_lat
 .bss.O_lon     0x80fa10c3        0xf lib/libql_app_peripheral.a(uart_demo.c.obj)
                0x80fa10c3                O_lon
 .bss.O_sat     0x80fa10d2        0xf lib/libql_app_peripheral.a(uart_demo.c.obj)
                0x80fa10d2                O_sat
 .bss.RPC_Log_data
                0x80fa10e1      0x7d0 lib/libql_app_peripheral.a(uart_demo.c.obj)
                0x80fa10e1                RPC_Log_data
 .bss.Retry_server_flag
                0x80fa18b1        0x1 lib/libql_app_peripheral.a(uart_demo.c.obj)
                0x80fa18b1                Retry_server_flag
 .bss.Retry_server_flag_Thingboard
                0x80fa18b2        0x1 lib/libql_app_peripheral.a(uart_demo.c.obj)
                0x80fa18b2                Retry_server_flag_Thingboard
 *fill*         0x80fa18b3        0x1 
 .bss.Rssi      0x80fa18b4        0x4 lib/libql_app_peripheral.a(uart_demo.c.obj)
                0x80fa18b4                Rssi
 .bss.SedemPassword
                0x80fa18b8       0x14 lib/libql_app_peripheral.a(uart_demo.c.obj)
                0x80fa18b8                SedemPassword
 .bss.Usart_rcvbf_collect_flag
                0x80fa18cc        0x1 lib/libql_app_peripheral.a(uart_demo.c.obj)
                0x80fa18cc                Usart_rcvbf_collect_flag
 .bss.apn_set   0x80fa18cd        0x1 lib/libql_app_peripheral.a(uart_demo.c.obj)
                0x80fa18cd                apn_set
 .bss.buffer.10294
                0x80fa18ce      0x800 lib/libql_app_peripheral.a(uart_demo.c.obj)
 .bss.card_status
                0x80fa20ce        0x1 lib/libql_app_peripheral.a(uart_demo.c.obj)
                0x80fa20ce                card_status
 .bss.cfg_rw    0x80fa20cf        0xa lib/libql_app_peripheral.a(uart_demo.c.obj)
                0x80fa20cf                cfg_rw
 *fill*         0x80fa20d9        0x3 
 .bss.client_info
                0x80fa20dc       0x20 lib/libql_app_peripheral.a(uart_demo.c.obj)
                0x80fa20dc                client_info
 .bss.client_info_sdm
                0x80fa20fc       0x20 lib/libql_app_peripheral.a(uart_demo.c.obj)
                0x80fa20fc                client_info_sdm
 .bss.cnt_timer
                0x80fa211c        0x4 lib/libql_app_peripheral.a(uart_demo.c.obj)
                0x80fa211c                cnt_timer
 .bss.config_buf
                0x80fa2120      0x5dc lib/libql_app_peripheral.a(uart_demo.c.obj)
                0x80fa2120                config_buf
 .bss.configdata_onceupdate
                0x80fa26fc        0x1 lib/libql_app_peripheral.a(uart_demo.c.obj)
                0x80fa26fc                configdata_onceupdate
 .bss.cotp_v    0x80fa26fd        0xc lib/libql_app_peripheral.a(uart_demo.c.obj)
                0x80fa26fd                cotp_v
 *fill*         0x80fa2709        0x3 
 .bss.count     0x80fa270c        0x4 lib/libql_app_peripheral.a(uart_demo.c.obj)
                0x80fa270c                count
 .bss.csq       0x80fa2710        0x1 lib/libql_app_peripheral.a(uart_demo.c.obj)
                0x80fa2710                csq
 .bss.current_dt
                0x80fa2711       0x19 lib/libql_app_peripheral.a(uart_demo.c.obj)
                0x80fa2711                current_dt
 *fill*         0x80fa272a        0x2 
 .bss.d_index   0x80fa272c        0x4 lib/libql_app_peripheral.a(uart_demo.c.obj)
                0x80fa272c                d_index
 .bss.dt_time_CRI
                0x80fa2730       0x19 lib/libql_app_peripheral.a(uart_demo.c.obj)
                0x80fa2730                dt_time_CRI
 *fill*         0x80fa2749        0x3 
 .bss.fota_ftp_cli
                0x80fa274c      0x4cc lib/libql_app_peripheral.a(uart_demo.c.obj)
                0x80fa274c                fota_ftp_cli
 .bss.g_gps_data
                0x80fa2c18      0x148 lib/libql_app_peripheral.a(uart_demo.c.obj)
                0x80fa2c18                g_gps_data
 .bss.gnss_device_info
                0x80fa2d60       0x64 lib/libql_app_peripheral.a(uart_demo.c.obj)
                0x80fa2d60                gnss_device_info
 .bss.gnss_task
                0x80fa2dc4        0x4 lib/libql_app_peripheral.a(uart_demo.c.obj)
                0x80fa2dc4                gnss_task
 .bss.gps_Set_event
                0x80fa2dc8        0x4 lib/libql_app_peripheral.a(uart_demo.c.obj)
                0x80fa2dc8                gps_Set_event
 .bss.gpsloc    0x80fa2dcc        0x1 lib/libql_app_peripheral.a(uart_demo.c.obj)
                0x80fa2dcc                gpsloc
 .bss.hdata_onceupdate
                0x80fa2dcd        0x1 lib/libql_app_peripheral.a(uart_demo.c.obj)
                0x80fa2dcd                hdata_onceupdate
 .bss.heart_buf
                0x80fa2dce      0x258 lib/libql_app_peripheral.a(uart_demo.c.obj)
                0x80fa2dce                heart_buf
 .bss.imei_no   0x80fa3026       0x14 lib/libql_app_peripheral.a(uart_demo.c.obj)
                0x80fa3026                imei_no
 .bss.json_data_buf
                0x80fa303a      0x7d0 lib/libql_app_peripheral.a(uart_demo.c.obj)
                0x80fa303a                json_data_buf
 .bss.log_path_name
                0x80fa380a       0x19 lib/libql_app_peripheral.a(uart_demo.c.obj)
                0x80fa380a                log_path_name
 *fill*         0x80fa3823        0x1 
 .bss.max_cnr.10663
                0x80fa3824        0x4 lib/libql_app_peripheral.a(uart_demo.c.obj)
 .bss.min_cnr.10664
                0x80fa3828        0x4 lib/libql_app_peripheral.a(uart_demo.c.obj)
 .bss.mq_client_id
                0x80fa382c       0x3c lib/libql_app_peripheral.a(uart_demo.c.obj)
                0x80fa382c                mq_client_id
 .bss.mq_client_uname
                0x80fa3868       0x3c lib/libql_app_peripheral.a(uart_demo.c.obj)
                0x80fa3868                mq_client_uname
 .bss.mqtt_connected
                0x80fa38a4        0x4 lib/libql_app_peripheral.a(uart_demo.c.obj)
                0x80fa38a4                mqtt_connected
 .bss.mqtt_connected_sdm
                0x80fa38a8        0x4 lib/libql_app_peripheral.a(uart_demo.c.obj)
                0x80fa38a8                mqtt_connected_sdm
 .bss.mqtt_semp
                0x80fa38ac        0x4 lib/libql_app_peripheral.a(uart_demo.c.obj)
 .bss.mqtt_task
                0x80fa38b0        0x4 lib/libql_app_peripheral.a(uart_demo.c.obj)
                0x80fa38b0                mqtt_task
 .bss.msgid_ev  0x80fa38b4        0x1 lib/libql_app_peripheral.a(uart_demo.c.obj)
                0x80fa38b4                msgid_ev
 .bss.nSim      0x80fa38b5        0x1 lib/libql_app_peripheral.a(uart_demo.c.obj)
                0x80fa38b5                nSim
 .bss.no_NwLog_data
                0x80fa38b6      0x7d0 lib/libql_app_peripheral.a(uart_demo.c.obj)
                0x80fa38b6                no_NwLog_data
 *fill*         0x80fa4086        0x2 
 .bss.numberOFLInes
                0x80fa4088        0x4 lib/libql_app_peripheral.a(uart_demo.c.obj)
                0x80fa4088                numberOFLInes
 .bss.ondem_buf
                0x80fa408c      0x5dc lib/libql_app_peripheral.a(uart_demo.c.obj)
                0x80fa408c                ondem_buf
 .bss.ondemand_onceupdate
                0x80fa4668        0x1 lib/libql_app_peripheral.a(uart_demo.c.obj)
                0x80fa4668                ondemand_onceupdate
 .bss.only_dt   0x80fa4669        0xa lib/libql_app_peripheral.a(uart_demo.c.obj)
                0x80fa4669                only_dt
 .bss.only_tm   0x80fa4673        0xa lib/libql_app_peripheral.a(uart_demo.c.obj)
                0x80fa4673                only_tm
 .bss.operator_name
                0x80fa467d        0xf lib/libql_app_peripheral.a(uart_demo.c.obj)
                0x80fa467d                operator_name
 .bss.otp_buf   0x80fa468c       0x64 lib/libql_app_peripheral.a(uart_demo.c.obj)
                0x80fa468c                otp_buf
 .bss.potp_v    0x80fa46f0        0xc lib/libql_app_peripheral.a(uart_demo.c.obj)
                0x80fa46f0                potp_v
 .bss.prev_ms_gsv
                0x80fa46fc        0x4 lib/libql_app_peripheral.a(uart_demo.c.obj)
 .bss.rcv_data_buf
                0x80fa4700      0x1f4 lib/libql_app_peripheral.a(uart_demo.c.obj)
                0x80fa4700                rcv_data_buf
 .bss.read_cmd  0x80fa48f4        0x1 lib/libql_app_peripheral.a(uart_demo.c.obj)
                0x80fa48f4                read_cmd
 *fill*         0x80fa48f5        0x3 
 .bss.ret       0x80fa48f8        0x4 lib/libql_app_peripheral.a(uart_demo.c.obj)
                0x80fa48f8                ret
 .bss.sd_NnwPath_name
                0x80fa48fc       0x19 lib/libql_app_peripheral.a(uart_demo.c.obj)
                0x80fa48fc                sd_NnwPath_name
 .bss.sd_NnwPath_name_cmpr
                0x80fa4915       0x19 lib/libql_app_peripheral.a(uart_demo.c.obj)
                0x80fa4915                sd_NnwPath_name_cmpr
 .bss.sd_NnwSDMPath_name
                0x80fa492e       0x19 lib/libql_app_peripheral.a(uart_demo.c.obj)
                0x80fa492e                sd_NnwSDMPath_name
 .bss.sd_NnwSDMPath_name_cmpr
                0x80fa4947       0x19 lib/libql_app_peripheral.a(uart_demo.c.obj)
                0x80fa4947                sd_NnwSDMPath_name_cmpr
 .bss.sd_NnwTBPath_name
                0x80fa4960       0x19 lib/libql_app_peripheral.a(uart_demo.c.obj)
                0x80fa4960                sd_NnwTBPath_name
 .bss.sd_NnwTBPath_name_cmpr
                0x80fa4979       0x19 lib/libql_app_peripheral.a(uart_demo.c.obj)
                0x80fa4979                sd_NnwTBPath_name_cmpr
 .bss.sd_buffer
                0x80fa4992      0x7d0 lib/libql_app_peripheral.a(uart_demo.c.obj)
                0x80fa4992                sd_buffer
 .bss.sd_buffer_rcvr
                0x80fa5162      0x7d0 lib/libql_app_peripheral.a(uart_demo.c.obj)
                0x80fa5162                sd_buffer_rcvr
 *fill*         0x80fa5932        0x2 
 .bss.sd_load_status
                0x80fa5934        0x4 lib/libql_app_peripheral.a(uart_demo.c.obj)
                0x80fa5934                sd_load_status
 .bss.sd_path_name_RPC
                0x80fa5938       0x19 lib/libql_app_peripheral.a(uart_demo.c.obj)
                0x80fa5938                sd_path_name_RPC
 .bss.sd_test_path_name
                0x80fa5951       0x19 lib/libql_app_peripheral.a(uart_demo.c.obj)
                0x80fa5951                sd_test_path_name
 *fill*         0x80fa596a        0x2 
 .bss.sim_flag  0x80fa596c        0x4 lib/libql_app_peripheral.a(uart_demo.c.obj)
                0x80fa596c                sim_flag
 .bss.sim_id    0x80fa5970        0x1 lib/libql_app_peripheral.a(uart_demo.c.obj)
                0x80fa5970                sim_id
 *fill*         0x80fa5971        0x3 
 .bss.snr_num.10662
                0x80fa5974        0x4 lib/libql_app_peripheral.a(uart_demo.c.obj)
 .bss.temperature_status
                0x80fa5978        0x4 lib/libql_app_peripheral.a(uart_demo.c.obj)
                0x80fa5978                temperature_status
 .bss.tick_overflow
                0x80fa597c        0x1 lib/libql_app_peripheral.a(uart_demo.c.obj)
 .bss.tot_rcvd  0x80fa597d        0x1 lib/libql_app_peripheral.a(uart_demo.c.obj)
                0x80fa597d                tot_rcvd
 *fill*         0x80fa597e        0x2 
 .bss.total_bytes.10293
                0x80fa5980        0x4 lib/libql_app_peripheral.a(uart_demo.c.obj)
 .bss.total_cnr.10661
                0x80fa5984        0x4 lib/libql_app_peripheral.a(uart_demo.c.obj)
 .bss.uart_task
                0x80fa5988        0x4 lib/libql_app_peripheral.a(uart_demo.c.obj)
                0x80fa5988                uart_task
 .bss.valConfString
                0x80fa598c       0xe1 lib/libql_app_peripheral.a(uart_demo.c.obj)
                0x80fa598c                valConfString
 .bss.valueString
                0x80fa5a6d      0x177 lib/libql_app_peripheral.a(uart_demo.c.obj)
                0x80fa5a6d                valueString
 .bss.write_cmd
                0x80fa5be4        0x1 lib/libql_app_peripheral.a(uart_demo.c.obj)
                0x80fa5be4                write_cmd
 *fill*         0x80fa5be5        0x3 
 COMMON         0x80fa5be8     0x19cc lib/libql_app_peripheral.a(uart_demo.c.obj)
                0x80fa5be8                mqtt_cli
                0x80fa5bec                heartbeatpub
                0x80fa5d18                ondemandpub
                0x80fa5e44                TB_RPC
                0x80fa5ea0                configpub
                0x80fa5fcc                Ist_Sec
                0x80fa5fd0                mq_operator
                0x80fa5fe4                time_z
                0x80fa6000                infosub
                0x80fa612c                otpsub
                0x80fa6258                rpc_data
                0x80fa625c                cred_f
                0x80fa6260                Gps_Day
                0x80fa6264                mqtt_cli_sdm
                0x80fa6268                event_uart
                0x80fa6278                r_conf
                0x80fa6550                Ist_Hour
                0x80fa6554                nmea_handle
                0x80fa66d4                configsub
                0x80fa6800                buffer
                0x80fa6fd0                datapub
                0x80fa70fc                tm
                0x80fa7118                Gps_Month
                0x80fa711c                Ist_Min
                0x80fa7120                recvr_Sd_Data
                0x80fa7124                event
                0x80fa7134                SEDEM_RPC
                0x80fa7190                ondemandsub
                0x80fa72bc                Gps_Year
                0x80fa72c0                mqtt_ssl_url
                0x80fa7324                sdData
                0x80fa7328                mq_url
                0x80fa7454                Pump_Run_Status
                0x80fa7458                gps_strctdata
                0x80fa7468                rpc_buf
                0x80fa74cc                temp_buf
                0x80fa7594                Ist_test
                0x80fa7598                gnss_location_time_Data
                0x80fa759c                g_dt_tm
 .bss.power_task
                0x80fa75b4        0x4 lib/libql_app_power.a(power_demo.c.obj)
                0x80fa75b4                power_task
 COMMON         0x80fa75b8        0x8 lib/libql_app_power.a(power_demo.c.obj)
                0x80fa75b8                wake_lock_1
                0x80fa75bc                wake_lock_2
                0x80fa75c0                __bss_end = .
                0x80fa75c0                . = ALIGN (0x20)
                0x60250e60                . = ((LOADADDR (.corestub) + SIZEOF (.corestub)) + SIZEOF (.data))

.text           0x60250e60    0x12ca0
                0x60250e60                __text_start = .
 *(.text .text.* .gnu.linkonce.t.* .rdata .rodata .rodata.* .gnu.linkonce.r.* .glue_7 .glue_7t .vfp11_veneer .v4_bx)
 .glue_7        0x60250e60        0x0 linker stubs
 .glue_7t       0x60250e60        0x0 linker stubs
 .vfp11_veneer  0x60250e60        0x0 linker stubs
 .v4_bx         0x60250e60        0x0 linker stubs
 .text.ql_init_demo_thread
                0x60250e60       0x40 components/ql-application/init/CMakeFiles/APPIMAGE_APP.dir/ql_init.c.obj
 .text.ql_pin_cfg_init
                0x60250ea0       0x6c components/ql-application/init/CMakeFiles/APPIMAGE_APP.dir/ql_init.c.obj
                0x60250ea0                ql_pin_cfg_init
 .text.appimg_enter
                0x60250f0c       0x98 components/ql-application/init/CMakeFiles/APPIMAGE_APP.dir/ql_init.c.obj
                0x60250f0c                appimg_enter
 .text.appimg_exit
                0x60250fa4       0x1c components/ql-application/init/CMakeFiles/APPIMAGE_APP.dir/ql_init.c.obj
                0x60250fa4                appimg_exit
 .rodata.__FUNCTION__.9836
                0x60250fc0       0x10 components/ql-application/init/CMakeFiles/APPIMAGE_APP.dir/ql_init.c.obj
 .rodata.__FUNCTION__.9843
                0x60250fd0       0x14 components/ql-application/init/CMakeFiles/APPIMAGE_APP.dir/ql_init.c.obj
 .rodata.__FUNCTION__.9849
                0x60250fe4        0xd components/ql-application/init/CMakeFiles/APPIMAGE_APP.dir/ql_init.c.obj
 .rodata.__FUNCTION__.9853
                0x60250ff1        0xc components/ql-application/init/CMakeFiles/APPIMAGE_APP.dir/ql_init.c.obj
 .rodata.appimg_enter.str1.1
                0x60250ffd       0x66 components/ql-application/init/CMakeFiles/APPIMAGE_APP.dir/ql_init.c.obj
 .rodata.appimg_exit.str1.1
                0x60251063       0x21 components/ql-application/init/CMakeFiles/APPIMAGE_APP.dir/ql_init.c.obj
 .rodata.ql_init_demo_thread.str1.1
                0x60251084       0x35 components/ql-application/init/CMakeFiles/APPIMAGE_APP.dir/ql_init.c.obj
 .rodata.ql_pin_cfg_init.str1.1
                0x602510b9       0x20 components/ql-application/init/CMakeFiles/APPIMAGE_APP.dir/ql_init.c.obj
 *fill*         0x602510d9        0x3 
 .text.ql_ledcfg_demo_thread
                0x602510dc      0x134 lib/libql_app_peripheral.a(led_cfg_demo.c.obj)
 .text._ledcfg_demo_cb
                0x60251210       0x58 lib/libql_app_peripheral.a(led_cfg_demo.c.obj)
 .text.ql_ledcfg_app_init
                0x60251268       0x50 lib/libql_app_peripheral.a(led_cfg_demo.c.obj)
                0x60251268                ql_ledcfg_app_init
 .rodata.__FUNCTION__.8786
                0x602512b8       0x10 lib/libql_app_peripheral.a(led_cfg_demo.c.obj)
 .rodata.__FUNCTION__.8790
                0x602512c8       0x16 lib/libql_app_peripheral.a(led_cfg_demo.c.obj)
 .rodata.__FUNCTION__.8814
                0x602512de       0x13 lib/libql_app_peripheral.a(led_cfg_demo.c.obj)
 .rodata._ledcfg_demo_cb.str1.1
                0x602512f1       0x72 lib/libql_app_peripheral.a(led_cfg_demo.c.obj)
 .rodata.ql_ledcfg_app_init.str1.1
                0x60251363       0x4a lib/libql_app_peripheral.a(led_cfg_demo.c.obj)
 .rodata.ql_ledcfg_demo_thread.str1.1
                0x602513ad      0x1ca lib/libql_app_peripheral.a(led_cfg_demo.c.obj)
 *fill*         0x60251577        0x1 
 .text._is_value_set
                0x60251578       0x14 lib/libql_app_peripheral.a(uart_demo.c.obj)
 .text.mqtt_state_exception_cb_sdm
                0x6025158c       0x28 lib/libql_app_peripheral.a(uart_demo.c.obj)
 .text.mqtt_state_exception_cb
                0x602515b4       0x28 lib/libql_app_peripheral.a(uart_demo.c.obj)
 .text.jsoneq   0x602515dc       0x38 lib/libql_app_peripheral.a(uart_demo.c.obj)
 .text.mqtt_requst_result_cb_sdm
                0x60251614       0x30 lib/libql_app_peripheral.a(uart_demo.c.obj)
 .text.mqtt_requst_result_cb
                0x60251644       0x30 lib/libql_app_peripheral.a(uart_demo.c.obj)
 .text.mqtt_connect_result_cb_sdm
                0x60251674       0x40 lib/libql_app_peripheral.a(uart_demo.c.obj)
 .text.mqtt_connect_result_cb
                0x602516b4       0x40 lib/libql_app_peripheral.a(uart_demo.c.obj)
 .text.timer_callback
                0x602516f4       0x90 lib/libql_app_peripheral.a(uart_demo.c.obj)
                0x602516f4                timer_callback
 .text.conv_num
                0x60251784       0x5a lib/libql_app_peripheral.a(uart_demo.c.obj)
 *fill*         0x602517de        0x2 
 .text.ql_gnss_notify_cb
                0x602517e0       0x70 lib/libql_app_peripheral.a(uart_demo.c.obj)
                0x602517e0                ql_gnss_notify_cb
 .text._split_string_by_comma.constprop.8
                0x60251850       0x24 lib/libql_app_peripheral.a(uart_demo.c.obj)
 *fill*         0x60251874        0x4 
 .text.SeperateSring
                0x60251878      0x2d0 lib/libql_app_peripheral.a(uart_demo.c.obj)
                0x60251878                SeperateSring
 .text.ql_gnss_device_info_request
                0x60251b48       0xb0 lib/libql_app_peripheral.a(uart_demo.c.obj)
                0x60251b48                ql_gnss_device_info_request
 .text.nmea_get_checksum
                0x60251bf8       0x18 lib/libql_app_peripheral.a(uart_demo.c.obj)
                0x60251bf8                nmea_get_checksum
 .text.nmea_has_checksum
                0x60251c10       0x10 lib/libql_app_peripheral.a(uart_demo.c.obj)
                0x60251c10                nmea_has_checksum
 .text.nmea_validate
                0x60251c20       0xac lib/libql_app_peripheral.a(uart_demo.c.obj)
                0x60251c20                nmea_validate
 .text.nmea_get_type
                0x60251ccc       0x80 lib/libql_app_peripheral.a(uart_demo.c.obj)
                0x60251ccc                nmea_get_type
 .text.nmea_position_parse
                0x60251d4c       0x42 lib/libql_app_peripheral.a(uart_demo.c.obj)
                0x60251d4c                nmea_position_parse
 *fill*         0x60251d8e        0x2 
 .text.nmea_cardinal_direction_parse
                0x60251d90       0x1c lib/libql_app_peripheral.a(uart_demo.c.obj)
                0x60251d90                nmea_cardinal_direction_parse
 .text.nmea_validate_parse
                0x60251dac        0xe lib/libql_app_peripheral.a(uart_demo.c.obj)
                0x60251dac                nmea_validate_parse
 *fill*         0x60251dba        0x2 
 .text.nmea_parse_txt
                0x60251dbc       0x94 lib/libql_app_peripheral.a(uart_demo.c.obj)
                0x60251dbc                nmea_parse_txt
 .text.nmea_parse_gsv
                0x60251e50      0x160 lib/libql_app_peripheral.a(uart_demo.c.obj)
                0x60251e50                nmea_parse_gsv
 .text.nmea_parse_gga
                0x60251fb0       0xf4 lib/libql_app_peripheral.a(uart_demo.c.obj)
                0x60251fb0                nmea_parse_gga
 .text.nmea_parse_gsa
                0x602520a4       0xb8 lib/libql_app_peripheral.a(uart_demo.c.obj)
                0x602520a4                nmea_parse_gsa
 .text.nmea_satellite_check
                0x6025215c       0x8c lib/libql_app_peripheral.a(uart_demo.c.obj)
                0x6025215c                nmea_satellite_check
 .text.strptime
                0x602521e8      0x3fc lib/libql_app_peripheral.a(uart_demo.c.obj)
                0x602521e8                strptime
 .text.nmea_time_parse
                0x602525e4       0x30 lib/libql_app_peripheral.a(uart_demo.c.obj)
                0x602525e4                nmea_time_parse
 .text.nmea_date_parse
                0x60252614       0x30 lib/libql_app_peripheral.a(uart_demo.c.obj)
                0x60252614                nmea_date_parse
 .text.nmea_parse_rmc
                0x60252644      0x148 lib/libql_app_peripheral.a(uart_demo.c.obj)
                0x60252644                nmea_parse_rmc
 .text.nmea_parse
                0x6025278c      0x1b8 lib/libql_app_peripheral.a(uart_demo.c.obj)
                0x6025278c                nmea_parse
 *fill*         0x60252944        0x4 
 .text.nmea_value_update
                0x60252948      0x320 lib/libql_app_peripheral.a(uart_demo.c.obj)
                0x60252948                nmea_value_update
 .text.ql_gnss_demo_thread
                0x60252c68      0x2c4 lib/libql_app_peripheral.a(uart_demo.c.obj)
 .text.set_gps_time
                0x60252f2c      0x218 lib/libql_app_peripheral.a(uart_demo.c.obj)
                0x60252f2c                set_gps_time
 .text.get_network_time
                0x60253144      0x168 lib/libql_app_peripheral.a(uart_demo.c.obj)
                0x60253144                get_network_time
 .text.get_time
                0x602532ac       0x6c lib/libql_app_peripheral.a(uart_demo.c.obj)
                0x602532ac                get_time
 .text.sim_status
                0x60253318       0x7c lib/libql_app_peripheral.a(uart_demo.c.obj)
                0x60253318                sim_status
 .text.signal_quality
                0x60253394       0x88 lib/libql_app_peripheral.a(uart_demo.c.obj)
                0x60253394                signal_quality
 .text.Timesync
                0x6025341c       0x58 lib/libql_app_peripheral.a(uart_demo.c.obj)
                0x6025341c                Timesync
 .text.set_network_time
                0x60253474       0x48 lib/libql_app_peripheral.a(uart_demo.c.obj)
                0x60253474                set_network_time
 .text.jsmn_parse
                0x602534bc      0x362 lib/libql_app_peripheral.a(uart_demo.c.obj)
                0x602534bc                jsmn_parse
 *fill*         0x6025381e        0x2 
 .text.tokenize_UartData
                0x60253820      0x110 lib/libql_app_peripheral.a(uart_demo.c.obj)
                0x60253820                tokenize_UartData
 .text.ConvertJsonData
                0x60253930      0x218 lib/libql_app_peripheral.a(uart_demo.c.obj)
                0x60253930                ConvertJsonData
 .text.fota_ftp_client_init
                0x60253b48       0xe8 lib/libql_app_peripheral.a(uart_demo.c.obj)
                0x60253b48                fota_ftp_client_init
 .text.fota_ftp_net_register
                0x60253c30      0x158 lib/libql_app_peripheral.a(uart_demo.c.obj)
                0x60253c30                fota_ftp_net_register
 .text.fota_ftp_server_connect
                0x60253d88       0x5c lib/libql_app_peripheral.a(uart_demo.c.obj)
                0x60253d88                fota_ftp_server_connect
 .text.fota_ftp_get_server_file_size
                0x60253de4       0x60 lib/libql_app_peripheral.a(uart_demo.c.obj)
                0x60253de4                fota_ftp_get_server_file_size
 .text.fota_ftp_net_connect_ready
                0x60253e44       0xb0 lib/libql_app_peripheral.a(uart_demo.c.obj)
                0x60253e44                fota_ftp_net_connect_ready
 .text.fota_ftp_show_file_progress
                0x60253ef4       0xa8 lib/libql_app_peripheral.a(uart_demo.c.obj)
                0x60253ef4                fota_ftp_show_file_progress
 .text.fota_ftp_write_cb
                0x60253f9c       0xb0 lib/libql_app_peripheral.a(uart_demo.c.obj)
                0x60253f9c                fota_ftp_write_cb
 .text.fota_ftp_get_file
                0x6025404c       0x94 lib/libql_app_peripheral.a(uart_demo.c.obj)
                0x6025404c                fota_ftp_get_file
 .text.fota_ftp_file_download
                0x602540e0       0x9c lib/libql_app_peripheral.a(uart_demo.c.obj)
                0x602540e0                fota_ftp_file_download
 .text.fota_ftp_file_check
                0x6025417c       0xa4 lib/libql_app_peripheral.a(uart_demo.c.obj)
                0x6025417c                fota_ftp_file_check
 .text.fota_ftp_result_process
                0x60254220       0x9c lib/libql_app_peripheral.a(uart_demo.c.obj)
                0x60254220                fota_ftp_result_process
 .text.fota_ftp_app
                0x602542bc       0x8c lib/libql_app_peripheral.a(uart_demo.c.obj)
                0x602542bc                fota_ftp_app
 .text.airplane_mode
                0x60254348       0x60 lib/libql_app_peripheral.a(uart_demo.c.obj)
                0x60254348                airplane_mode
 .text.check_operator
                0x602543a8      0x1b8 lib/libql_app_peripheral.a(uart_demo.c.obj)
                0x602543a8                check_operator
 .text.sim_net_register
                0x60254560      0x228 lib/libql_app_peripheral.a(uart_demo.c.obj)
                0x60254560                sim_net_register
 .text.publish_lost_data
                0x60254788      0x15c lib/libql_app_peripheral.a(uart_demo.c.obj)
                0x60254788                publish_lost_data
 .text.publish_missed_Packets
                0x602548e4      0x118 lib/libql_app_peripheral.a(uart_demo.c.obj)
                0x602548e4                publish_missed_Packets
 .text.Connected_server
                0x602549fc       0x98 lib/libql_app_peripheral.a(uart_demo.c.obj)
                0x602549fc                Connected_server
 .text.ql_sdmmc_pin_init
                0x60254a94       0x36 lib/libql_app_peripheral.a(uart_demo.c.obj)
                0x60254a94                ql_sdmmc_pin_init
 *fill*         0x60254aca        0x2 
 .text.ql_sdmmc_mount_demo
                0x60254acc       0x70 lib/libql_app_peripheral.a(uart_demo.c.obj)
                0x60254acc                ql_sdmmc_mount_demo
 .text.ql_sdmmc_fs_test
                0x60254b3c       0xd4 lib/libql_app_peripheral.a(uart_demo.c.obj)
                0x60254b3c                ql_sdmmc_fs_test
 .text.ql_sdmmc_fs_NetworkLog
                0x60254c10      0x238 lib/libql_app_peripheral.a(uart_demo.c.obj)
                0x60254c10                ql_sdmmc_fs_NetworkLog
 .text.ql_uart_notify_cb
                0x60254e48      0x200 lib/libql_app_peripheral.a(uart_demo.c.obj)
                0x60254e48                ql_uart_notify_cb
 .text.read_logged_files_fromRPC
                0x60255048      0x1a8 lib/libql_app_peripheral.a(uart_demo.c.obj)
                0x60255048                read_logged_files_fromRPC
 .text.read_logged_files_toRetry
                0x602551f0      0x18c lib/libql_app_peripheral.a(uart_demo.c.obj)
                0x602551f0                read_logged_files_toRetry
 .text.read_config_fileUFS
                0x6025537c      0x12c lib/libql_app_peripheral.a(uart_demo.c.obj)
                0x6025537c                read_config_fileUFS
 .text.write_config_fileUFS
                0x602554a8      0x108 lib/libql_app_peripheral.a(uart_demo.c.obj)
                0x602554a8                write_config_fileUFS
 .text.jsonextract
                0x602555b0      0xc54 lib/libql_app_peripheral.a(uart_demo.c.obj)
                0x602555b0                jsonextract
 .text.mqtt_inpub_data_cb_sdm
                0x60256204      0x178 lib/libql_app_peripheral.a(uart_demo.c.obj)
 .text.mqtt_inpub_data_cb
                0x6025637c      0x114 lib/libql_app_peripheral.a(uart_demo.c.obj)
 .text.uart_data_send
                0x60256490       0x3c lib/libql_app_peripheral.a(uart_demo.c.obj)
                0x60256490                uart_data_send
 .text.send_rpc_to_criBrd
                0x602564cc      0x344 lib/libql_app_peripheral.a(uart_demo.c.obj)
                0x602564cc                send_rpc_to_criBrd
 .text.mqtt_app_thread
                0x60256810     0x1480 lib/libql_app_peripheral.a(uart_demo.c.obj)
 .text.uart_init
                0x60257c90       0xc4 lib/libql_app_peripheral.a(uart_demo.c.obj)
                0x60257c90                uart_init
 .text.ql_uart_demo_thread
                0x60257d54      0x448 lib/libql_app_peripheral.a(uart_demo.c.obj)
 .text.ql_uart_app_init
                0x6025819c      0x160 lib/libql_app_peripheral.a(uart_demo.c.obj)
                0x6025819c                ql_uart_app_init
 .rodata        0x602582fc       0x14 lib/libql_app_peripheral.a(uart_demo.c.obj)
 .rodata.CSWTCH.418
                0x60258310       0x13 lib/libql_app_peripheral.a(uart_demo.c.obj)
 .rodata.Connected_server.str1.1
                0x60258323       0x72 lib/libql_app_peripheral.a(uart_demo.c.obj)
 .rodata.ConvertJsonData.str1.1
                0x60258395      0x211 lib/libql_app_peripheral.a(uart_demo.c.obj)
                                0x213 (size before relaxing)
 .rodata.SeperateSring.str1.1
                0x602585a6      0x2f2 lib/libql_app_peripheral.a(uart_demo.c.obj)
 .rodata.Timesync.str1.1
                0x60258898       0xa4 lib/libql_app_peripheral.a(uart_demo.c.obj)
 .rodata.__FUNCTION__.10266
                0x6025893c        0xe lib/libql_app_peripheral.a(uart_demo.c.obj)
 .rodata.__FUNCTION__.10286
                0x6025894a       0x12 lib/libql_app_peripheral.a(uart_demo.c.obj)
 .rodata.__FUNCTION__.10290
                0x6025895c       0x14 lib/libql_app_peripheral.a(uart_demo.c.obj)
 .rodata.__FUNCTION__.10341
                0x60258970       0x1c lib/libql_app_peripheral.a(uart_demo.c.obj)
 .rodata.__FUNCTION__.10364
                0x6025898c        0xe lib/libql_app_peripheral.a(uart_demo.c.obj)
 .rodata.__FUNCTION__.10424
                0x6025899a        0xf lib/libql_app_peripheral.a(uart_demo.c.obj)
 .rodata.__FUNCTION__.10441
                0x602589a9        0xf lib/libql_app_peripheral.a(uart_demo.c.obj)
 .rodata.__FUNCTION__.10467
                0x602589b8        0xf lib/libql_app_peripheral.a(uart_demo.c.obj)
 .rodata.__FUNCTION__.10503
                0x602589c7        0xf lib/libql_app_peripheral.a(uart_demo.c.obj)
 .rodata.__FUNCTION__.10529
                0x602589d6        0xf lib/libql_app_peripheral.a(uart_demo.c.obj)
 .rodata.__FUNCTION__.10554
                0x602589e5        0xb lib/libql_app_peripheral.a(uart_demo.c.obj)
 .rodata.__FUNCTION__.10656
                0x602589f0       0x12 lib/libql_app_peripheral.a(uart_demo.c.obj)
 .rodata.__FUNCTION__.15842
                0x60258a02       0x11 lib/libql_app_peripheral.a(uart_demo.c.obj)
 .rodata.__FUNCTION__.15845
                0x60258a13        0x9 lib/libql_app_peripheral.a(uart_demo.c.obj)
 .rodata.__FUNCTION__.15848
                0x60258a1c       0x11 lib/libql_app_peripheral.a(uart_demo.c.obj)
 .rodata.__FUNCTION__.15851
                0x60258a2d        0xd lib/libql_app_peripheral.a(uart_demo.c.obj)
 .rodata.__FUNCTION__.15854
                0x60258a3a        0xb lib/libql_app_peripheral.a(uart_demo.c.obj)
 .rodata.__FUNCTION__.15858
                0x60258a45        0xf lib/libql_app_peripheral.a(uart_demo.c.obj)
 .rodata.__FUNCTION__.15862
                0x60258a54        0x9 lib/libql_app_peripheral.a(uart_demo.c.obj)
 .rodata.__FUNCTION__.16162
                0x60258a5d       0x12 lib/libql_app_peripheral.a(uart_demo.c.obj)
 .rodata.__FUNCTION__.16175
                0x60258a6f       0x10 lib/libql_app_peripheral.a(uart_demo.c.obj)
 .rodata.__FUNCTION__.16197
                0x60258a7f        0xc lib/libql_app_peripheral.a(uart_demo.c.obj)
 .rodata.__FUNCTION__.16410
                0x60258a8b       0x15 lib/libql_app_peripheral.a(uart_demo.c.obj)
 .rodata.__FUNCTION__.16421
                0x60258aa0       0x16 lib/libql_app_peripheral.a(uart_demo.c.obj)
 .rodata.__FUNCTION__.16427
                0x60258ab6       0x18 lib/libql_app_peripheral.a(uart_demo.c.obj)
 .rodata.__FUNCTION__.16431
                0x60258ace       0x1e lib/libql_app_peripheral.a(uart_demo.c.obj)
 .rodata.__FUNCTION__.16439
                0x60258aec       0x1b lib/libql_app_peripheral.a(uart_demo.c.obj)
 .rodata.__FUNCTION__.16446
                0x60258b07       0x1c lib/libql_app_peripheral.a(uart_demo.c.obj)
 .rodata.__FUNCTION__.16453
                0x60258b23       0x12 lib/libql_app_peripheral.a(uart_demo.c.obj)
 .rodata.__FUNCTION__.16460
                0x60258b35       0x12 lib/libql_app_peripheral.a(uart_demo.c.obj)
 .rodata.__FUNCTION__.16466
                0x60258b47       0x17 lib/libql_app_peripheral.a(uart_demo.c.obj)
 .rodata.__FUNCTION__.16474
                0x60258b5e       0x14 lib/libql_app_peripheral.a(uart_demo.c.obj)
 .rodata.__FUNCTION__.16479
                0x60258b72       0x18 lib/libql_app_peripheral.a(uart_demo.c.obj)
 .rodata.__FUNCTION__.16485
                0x60258b8a        0xd lib/libql_app_peripheral.a(uart_demo.c.obj)
 .rodata.__FUNCTION__.16533
                0x60258b97        0xe lib/libql_app_peripheral.a(uart_demo.c.obj)
 .rodata.__FUNCTION__.16537
                0x60258ba5        0xf lib/libql_app_peripheral.a(uart_demo.c.obj)
 .rodata.__FUNCTION__.16541
                0x60258bb4       0x13 lib/libql_app_peripheral.a(uart_demo.c.obj)
 .rodata.__FUNCTION__.16553
                0x60258bc7       0x11 lib/libql_app_peripheral.a(uart_demo.c.obj)
 .rodata.__FUNCTION__.16557
                0x60258bd8       0x18 lib/libql_app_peripheral.a(uart_demo.c.obj)
 .rodata.__FUNCTION__.16563
                0x60258bf0       0x17 lib/libql_app_peripheral.a(uart_demo.c.obj)
 .rodata.__FUNCTION__.16569
                0x60258c07       0x16 lib/libql_app_peripheral.a(uart_demo.c.obj)
 .rodata.__FUNCTION__.16578
                0x60258c1d       0x13 lib/libql_app_peripheral.a(uart_demo.c.obj)
 .rodata.__FUNCTION__.16586
                0x60258c30       0x1c lib/libql_app_peripheral.a(uart_demo.c.obj)
 .rodata.__FUNCTION__.16592
                0x60258c4c       0x1b lib/libql_app_peripheral.a(uart_demo.c.obj)
 .rodata.__FUNCTION__.16598
                0x60258c67       0x1a lib/libql_app_peripheral.a(uart_demo.c.obj)
 .rodata.__FUNCTION__.16607
                0x60258c81       0x17 lib/libql_app_peripheral.a(uart_demo.c.obj)
 .rodata.__FUNCTION__.16623
                0x60258c98       0x12 lib/libql_app_peripheral.a(uart_demo.c.obj)
 .rodata.__FUNCTION__.16628
                0x60258caa       0x17 lib/libql_app_peripheral.a(uart_demo.c.obj)
 .rodata.__FUNCTION__.16632
                0x60258cc1       0x11 lib/libql_app_peripheral.a(uart_demo.c.obj)
 .rodata.__FUNCTION__.16641
                0x60258cd2       0x10 lib/libql_app_peripheral.a(uart_demo.c.obj)
 .rodata.__FUNCTION__.16775
                0x60258ce2       0x14 lib/libql_app_peripheral.a(uart_demo.c.obj)
 .rodata.__FUNCTION__.16781
                0x60258cf6       0x11 lib/libql_app_peripheral.a(uart_demo.c.obj)
 .rodata.__FUNCTION__.16787
                0x60258d07       0x17 lib/libql_app_peripheral.a(uart_demo.c.obj)
 .rodata.__FUNCTION__.16795
                0x60258d1e       0x1a lib/libql_app_peripheral.a(uart_demo.c.obj)
 .rodata.__FUNCTION__.16807
                0x60258d38       0x1a lib/libql_app_peripheral.a(uart_demo.c.obj)
 .rodata.__FUNCTION__.16817
                0x60258d52       0x14 lib/libql_app_peripheral.a(uart_demo.c.obj)
 .rodata.__FUNCTION__.16822
                0x60258d66       0x15 lib/libql_app_peripheral.a(uart_demo.c.obj)
 .rodata.__FUNCTION__.16853
                0x60258d7b        0xf lib/libql_app_peripheral.a(uart_demo.c.obj)
 .rodata.__FUNCTION__.16859
                0x60258d8a        0xf lib/libql_app_peripheral.a(uart_demo.c.obj)
 .rodata.__FUNCTION__.16869
                0x60258d99       0x12 lib/libql_app_peripheral.a(uart_demo.c.obj)
 .rodata.__FUNCTION__.16878
                0x60258dab        0xa lib/libql_app_peripheral.a(uart_demo.c.obj)
 .rodata.__FUNCTION__.16883
                0x60258db5       0x14 lib/libql_app_peripheral.a(uart_demo.c.obj)
 .rodata.__FUNCTION__.16891
                0x60258dc9       0x11 lib/libql_app_peripheral.a(uart_demo.c.obj)
 *fill*         0x60258dda        0x2 
 .rodata.abday  0x60258ddc       0x1c lib/libql_app_peripheral.a(uart_demo.c.obj)
 .rodata.abmon  0x60258df8       0x30 lib/libql_app_peripheral.a(uart_demo.c.obj)
 .rodata.airplane_mode.str1.1
                0x60258e28       0x85 lib/libql_app_peripheral.a(uart_demo.c.obj)
 .rodata.check_operator.str1.1
                0x60258ead      0x135 lib/libql_app_peripheral.a(uart_demo.c.obj)
                                0x13d (size before relaxing)
 *fill*         0x60258fe2        0x2 
 .rodata.day    0x60258fe4       0x1c lib/libql_app_peripheral.a(uart_demo.c.obj)
 .rodata.fota_ftp_app.str1.1
                0x60259000       0x6d lib/libql_app_peripheral.a(uart_demo.c.obj)
 .rodata.fota_ftp_client_init.str1.1
                0x6025906d       0x43 lib/libql_app_peripheral.a(uart_demo.c.obj)
 .rodata.fota_ftp_file_check.str1.1
                0x602590b0      0x12e lib/libql_app_peripheral.a(uart_demo.c.obj)
 .rodata.fota_ftp_file_download.str1.1
                0x602591de      0x1d2 lib/libql_app_peripheral.a(uart_demo.c.obj)
 .rodata.fota_ftp_get_file.str1.1
                0x602593b0       0xc5 lib/libql_app_peripheral.a(uart_demo.c.obj)
 .rodata.fota_ftp_get_server_file_size.str1.1
                0x60259475       0xa5 lib/libql_app_peripheral.a(uart_demo.c.obj)
 .rodata.fota_ftp_net_connect_ready.str1.1
                0x6025951a      0x1d5 lib/libql_app_peripheral.a(uart_demo.c.obj)
 .rodata.fota_ftp_net_register.str1.1
                0x602596ef      0x1e3 lib/libql_app_peripheral.a(uart_demo.c.obj)
 .rodata.fota_ftp_result_process.str1.1
                0x602598d2       0xe7 lib/libql_app_peripheral.a(uart_demo.c.obj)
 .rodata.fota_ftp_server_connect.str1.1
                0x602599b9       0x46 lib/libql_app_peripheral.a(uart_demo.c.obj)
 .rodata.fota_ftp_show_file_progress.str1.1
                0x602599ff       0xa8 lib/libql_app_peripheral.a(uart_demo.c.obj)
 .rodata.fota_ftp_write_cb.str1.1
                0x60259aa7       0x81 lib/libql_app_peripheral.a(uart_demo.c.obj)
 .rodata.get_network_time.str1.1
                0x60259b28      0x108 lib/libql_app_peripheral.a(uart_demo.c.obj)
 .rodata.get_time.str1.1
                0x60259c30       0x60 lib/libql_app_peripheral.a(uart_demo.c.obj)
 .rodata.jsonextract.str1.1
                0x60259c90      0x567 lib/libql_app_peripheral.a(uart_demo.c.obj)
                                0x571 (size before relaxing)
 *fill*         0x6025a1f7        0x1 
 .rodata.mon    0x6025a1f8       0x30 lib/libql_app_peripheral.a(uart_demo.c.obj)
 .rodata.mqtt_app_thread.str1.1
                0x6025a228     0x110e lib/libql_app_peripheral.a(uart_demo.c.obj)
                               0x1128 (size before relaxing)
 .rodata.mqtt_connect_result_cb.str1.1
                0x6025b336       0x37 lib/libql_app_peripheral.a(uart_demo.c.obj)
 .rodata.mqtt_connect_result_cb_sdm.str1.1
                0x6025b36d       0x3a lib/libql_app_peripheral.a(uart_demo.c.obj)
 .rodata.mqtt_inpub_data_cb.str1.1
                0x6025b3a7      0x204 lib/libql_app_peripheral.a(uart_demo.c.obj)
 .rodata.mqtt_inpub_data_cb_sdm.str1.1
                0x6025b5ab      0x16e lib/libql_app_peripheral.a(uart_demo.c.obj)
 .rodata.mqtt_requst_result_cb.str1.1
                0x6025b719       0x47 lib/libql_app_peripheral.a(uart_demo.c.obj)
 .rodata.mqtt_requst_result_cb_sdm.str1.1
                0x6025b760       0x4a lib/libql_app_peripheral.a(uart_demo.c.obj)
 .rodata.mqtt_state_exception_cb.str1.1
                0x6025b7aa       0x33 lib/libql_app_peripheral.a(uart_demo.c.obj)
 .rodata.mqtt_state_exception_cb_sdm.str1.1
                0x6025b7dd       0x3a lib/libql_app_peripheral.a(uart_demo.c.obj)
 .rodata.nmea_date_parse.str1.1
                0x6025b817        0x7 lib/libql_app_peripheral.a(uart_demo.c.obj)
 .rodata.nmea_get_type.str1.1
                0x6025b81e       0x18 lib/libql_app_peripheral.a(uart_demo.c.obj)
 .rodata.nmea_parse.str1.1
                0x6025b836      0x1ee lib/libql_app_peripheral.a(uart_demo.c.obj)
 .rodata.nmea_parse_gga.str1.1
                0x6025ba24       0x32 lib/libql_app_peripheral.a(uart_demo.c.obj)
 .rodata.nmea_parse_gsa.str1.1
                0x6025ba56       0x32 lib/libql_app_peripheral.a(uart_demo.c.obj)
 .rodata.nmea_parse_rmc.str1.1
                0x6025ba88       0xf8 lib/libql_app_peripheral.a(uart_demo.c.obj)
 .rodata.nmea_parse_txt.str1.1
                0x6025bb80       0x34 lib/libql_app_peripheral.a(uart_demo.c.obj)
 .rodata.nmea_satellite_check.str1.1
                0x6025bbb4       0x12 lib/libql_app_peripheral.a(uart_demo.c.obj)
                                 0x15 (size before relaxing)
 .rodata.nmea_time_parse.str1.1
                0x6025bbc6        0x7 lib/libql_app_peripheral.a(uart_demo.c.obj)
 .rodata.nmea_validate.str1.1
                0x6025bbcd       0x16 lib/libql_app_peripheral.a(uart_demo.c.obj)
 .rodata.nmea_value_update.str1.1
                0x6025bbe3      0x18b lib/libql_app_peripheral.a(uart_demo.c.obj)
 .rodata.publish_lost_data.str1.1
                0x6025bd6e       0x93 lib/libql_app_peripheral.a(uart_demo.c.obj)
 .rodata.ql_gnss_assist_data_delete.str1.1
                0x6025be01       0x83 lib/libql_app_peripheral.a(uart_demo.c.obj)
                                 0x86 (size before relaxing)
 .rodata.ql_gnss_demo_thread.str1.1
                0x6025be84      0x134 lib/libql_app_peripheral.a(uart_demo.c.obj)
 .rodata.ql_gnss_device_info_request.str1.1
                0x6025bfb8       0x71 lib/libql_app_peripheral.a(uart_demo.c.obj)
 .rodata.ql_gnss_notify_cb.str1.1
                0x6025c029       0x7c lib/libql_app_peripheral.a(uart_demo.c.obj)
 .rodata.ql_sdmmc_fs_NetworkLog.str1.1
                0x6025c0a5       0xdb lib/libql_app_peripheral.a(uart_demo.c.obj)
 .rodata.ql_sdmmc_fs_test.str1.1
                0x6025c180       0x9e lib/libql_app_peripheral.a(uart_demo.c.obj)
                                 0xa0 (size before relaxing)
 .rodata.ql_sdmmc_mount_demo.str1.1
                0x6025c21e       0x76 lib/libql_app_peripheral.a(uart_demo.c.obj)
 .rodata.ql_uart_app_init.str1.1
                0x6025c294      0x13b lib/libql_app_peripheral.a(uart_demo.c.obj)
 .rodata.ql_uart_demo_thread.str1.1
                0x6025c3cf      0x66d lib/libql_app_peripheral.a(uart_demo.c.obj)
 .rodata.ql_uart_notify_cb.str1.1
                0x6025ca3c      0x1c2 lib/libql_app_peripheral.a(uart_demo.c.obj)
 .rodata.read_config_fileUFS.str1.1
                0x6025cbfe      0x155 lib/libql_app_peripheral.a(uart_demo.c.obj)
 .rodata.read_logged_files_fromRPC.str1.1
                0x6025cd53      0x180 lib/libql_app_peripheral.a(uart_demo.c.obj)
                                0x182 (size before relaxing)
 .rodata.read_logged_files_toRetry.str1.1
                0x6025ced3       0x7e lib/libql_app_peripheral.a(uart_demo.c.obj)
 .rodata.send_rpc_to_criBrd.str1.1
                0x6025cf51      0x4da lib/libql_app_peripheral.a(uart_demo.c.obj)
 .rodata.set_gps_time.str1.1
                0x6025d42b      0x142 lib/libql_app_peripheral.a(uart_demo.c.obj)
 .rodata.set_network_time.str1.1
                0x6025d56d       0x54 lib/libql_app_peripheral.a(uart_demo.c.obj)
 .rodata.signal_quality.str1.1
                0x6025d5c1       0x72 lib/libql_app_peripheral.a(uart_demo.c.obj)
 .rodata.sim_net_register.str1.1
                0x6025d633      0x277 lib/libql_app_peripheral.a(uart_demo.c.obj)
 .rodata.sim_status.str1.1
                0x6025d8aa       0x8e lib/libql_app_peripheral.a(uart_demo.c.obj)
 .rodata.str1.1
                0x6025d938       0xd7 lib/libql_app_peripheral.a(uart_demo.c.obj)
 .rodata.strptime.str1.1
                0x6025da0f       0x30 lib/libql_app_peripheral.a(uart_demo.c.obj)
 .rodata.timer_callback.str1.1
                0x6025da3f       0x5b lib/libql_app_peripheral.a(uart_demo.c.obj)
 .rodata.tokenize_UartData.str1.1
                0x6025da9a       0x80 lib/libql_app_peripheral.a(uart_demo.c.obj)
 .rodata.uart_data_send.str1.1
                0x6025db1a       0x26 lib/libql_app_peripheral.a(uart_demo.c.obj)
 .rodata.uart_init.str1.1
                0x6025db40      0x111 lib/libql_app_peripheral.a(uart_demo.c.obj)
 .rodata.write_config_fileUFS.str1.1
                0x6025dc51       0xe9 lib/libql_app_peripheral.a(uart_demo.c.obj)
 .rodata.ql_pin_cfg_map
                0x6025dd3a      0x17a lib/libql_app_peripheral.a(ql_pin_cfg.c.obj)
                0x6025dd3a                ql_pin_cfg_map
 .text.ql_exit_sleep_cb
                0x6025deb4        0x8 lib/libql_app_power.a(power_demo.c.obj)
                0x6025deb4                ql_exit_sleep_cb
 .text.ql_enter_sleep_cb
                0x6025debc       0x1e lib/libql_app_power.a(power_demo.c.obj)
                0x6025debc                ql_enter_sleep_cb
 *fill*         0x6025deda        0x2 
 .text.ql_power_demo_thread
                0x6025dedc      0x118 lib/libql_app_power.a(power_demo.c.obj)
 .text.usb_hotplug_cb
                0x6025dff4       0x30 lib/libql_app_power.a(power_demo.c.obj)
                0x6025dff4                usb_hotplug_cb
 .text.ql_power_app_init
                0x6025e024       0x50 lib/libql_app_power.a(power_demo.c.obj)
                0x6025e024                ql_power_app_init
 .rodata.__FUNCTION__.8063
                0x6025e074        0xf lib/libql_app_power.a(power_demo.c.obj)
 .rodata.__FUNCTION__.8070
                0x6025e083       0x15 lib/libql_app_power.a(power_demo.c.obj)
 .rodata.__FUNCTION__.8092
                0x6025e098       0x12 lib/libql_app_power.a(power_demo.c.obj)
 .rodata.ql_power_app_init.str1.1
                0x6025e0aa       0x3f lib/libql_app_power.a(power_demo.c.obj)
 .rodata.ql_power_demo_thread.str1.1
                0x6025e0e9       0xd3 lib/libql_app_power.a(power_demo.c.obj)
 .rodata.usb_hotplug_cb.str1.1
                0x6025e1bc       0x40 lib/libql_app_power.a(power_demo.c.obj)
 .text.atof     0x6025e1fc        0x6 ..\..\components\newlib\armca5\libc.a(lib_a-atof.o)
                0x6025e1fc                atof
 .text.atoi     0x6025e202        0x8 ..\..\components\newlib\armca5\libc.a(lib_a-atoi.o)
                0x6025e202                atoi
 *fill*         0x6025e20a        0x6 
 .text          0x6025e210       0xe8 ..\..\components\newlib\armca5\libc.a(lib_a-memchr.o)
                0x6025e210                memchr
 .text.memcpy   0x6025e2f8       0xc8 ..\..\components\newlib\armca5\libc.a(lib_a-memcpy-stub.o)
                0x6025e2f8                memcpy
 .text.memmove  0x6025e3c0       0xd4 ..\..\components\newlib\armca5\libc.a(lib_a-memmove.o)
                0x6025e3c0                memmove
 .text.memset   0x6025e494       0xa8 ..\..\components\newlib\armca5\libc.a(lib_a-memset.o)
                0x6025e494                memset
 .text.snprintf
                0x6025e53c       0x68 ..\..\components\newlib\armca5\libc.a(lib_a-snprintf.o)
                0x6025e53c                snprintf
 .text.sprintf  0x6025e5a4       0x40 ..\..\components\newlib\armca5\libc.a(lib_a-sprintf.o)
                0x6025e5a4                sprintf
 .text.strcat   0x6025e5e4       0x40 ..\..\components\newlib\armca5\libc.a(lib_a-strcat.o)
                0x6025e5e4                strcat
 .text.strchr   0x6025e624       0xd0 ..\..\components\newlib\armca5\libc.a(lib_a-strchr.o)
                0x6025e624                strchr
 *fill*         0x6025e6f4        0xc 
 .text          0x6025e700      0x2dc ..\..\components\newlib\armca5\libc.a(lib_a-strcmp.o)
                0x6025e708                strcmp
 .text.strcpy   0x6025e9dc       0xc4 ..\..\components\newlib\armca5\libc.a(lib_a-strcpy.o)
                0x6025e9dc                strcpy
 *fill*         0x6025eaa0       0x20 
 .text          0x6025eac0       0xdc ..\..\components\newlib\armca5\libc.a(lib_a-strlen.o)
                0x6025eac0                strlen
 .text.strncasecmp
                0x6025eb9c       0x54 ..\..\components\newlib\armca5\libc.a(lib_a-strncasecmp.o)
                0x6025eb9c                strncasecmp
 .text.strncat  0x6025ebf0       0x5c ..\..\components\newlib\armca5\libc.a(lib_a-strncat.o)
                0x6025ebf0                strncat
 .text.strncmp  0x6025ec4c       0x84 ..\..\components\newlib\armca5\libc.a(lib_a-strncmp.o)
                0x6025ec4c                strncmp
 .text.strncpy  0x6025ecd0       0x74 ..\..\components\newlib\armca5\libc.a(lib_a-strncpy.o)
                0x6025ecd0                strncpy
 .text.sulp     0x6025ed44       0x34 ..\..\components\newlib\armca5\libc.a(lib_a-strtod.o)
 .rodata._strtod_l.str1.1
                0x6025ed78       0x40 ..\..\components\newlib\armca5\libc.a(lib_a-strtod.o)
                                  0xd (size before relaxing)
 .text._strtod_l
                0x6025ed78      0xb8c ..\..\components\newlib\armca5\libc.a(lib_a-strtod.o)
                0x6025ed78                _strtod_l
 .text.strtod   0x6025f904       0x18 ..\..\components\newlib\armca5\libc.a(lib_a-strtod.o)
                0x6025f904                strtod
 .rodata.fpi.7542
                0x6025f91c       0x14 ..\..\components\newlib\armca5\libc.a(lib_a-strtod.o)
 .rodata.fpinan.7578
                0x6025f930       0x14 ..\..\components\newlib\armca5\libc.a(lib_a-strtod.o)
 *fill*         0x6025f944        0x4 
 .rodata.tinytens
                0x6025f948       0x28 ..\..\components\newlib\armca5\libc.a(lib_a-strtod.o)
 .text.strtok   0x6025f970       0x14 ..\..\components\newlib\armca5\libc.a(lib_a-strtok.o)
                0x6025f970                strtok
 .text.__strtok_r
                0x6025f984       0x70 ..\..\components\newlib\armca5\libc.a(lib_a-strtok_r.o)
                0x6025f984                __strtok_r
 .text._strtol_l.isra.0
                0x6025f9f4       0xec ..\..\components\newlib\armca5\libc.a(lib_a-strtol.o)
 .text.strtol   0x6025fae0       0x14 ..\..\components\newlib\armca5\libc.a(lib_a-strtol.o)
                0x6025fae0                strtol
 .rodata._svfprintf_r.str1.1
                0x6025faf4       0x3b ..\..\components\newlib\armca5\libc.a(lib_a-svfprintf.o)
 *fill*         0x6025fb2f        0x1 
 .text._svfprintf_r
                0x6025fb30     0x1314 ..\..\components\newlib\armca5\libc.a(lib_a-svfprintf.o)
                0x6025fb30                _svfprintf_r
 .rodata.blanks.8609
                0x60260e44       0x10 ..\..\components\newlib\armca5\libc.a(lib_a-svfprintf.o)
 .rodata.zeroes.8610
                0x60260e54       0x10 ..\..\components\newlib\armca5\libc.a(lib_a-svfprintf.o)
 .rodata._ctype_
                0x60260e64      0x101 ..\..\components\newlib\armca5\libc.a(lib_a-ctype_.o)
                0x60260e64                _ctype_
 *fill*         0x60260f65        0x1 
 .text.quorem   0x60260f66      0x126 ..\..\components\newlib\armca5\libc.a(lib_a-dtoa.o)
 .rodata._dtoa_r.str1.1
                0x6026108c        0xd ..\..\components\newlib\armca5\libc.a(lib_a-dtoa.o)
                                  0xf (size before relaxing)
 *fill*         0x60261099        0x7 
 .text._dtoa_r  0x602610a0      0xa50 ..\..\components\newlib\armca5\libc.a(lib_a-dtoa.o)
                0x602610a0                _dtoa_r
 .text.rshift   0x60261af0       0xa6 ..\..\components\newlib\armca5\libc.a(lib_a-gdtoa-gethex.o)
 .text.__hexdig_fun
                0x60261b96       0x2a ..\..\components\newlib\armca5\libc.a(lib_a-gdtoa-gethex.o)
                0x60261b96                __hexdig_fun
 .text.__gethex
                0x60261bc0      0x454 ..\..\components\newlib\armca5\libc.a(lib_a-gdtoa-gethex.o)
                0x60261bc0                __gethex
 .text.L_shift  0x60262014       0x24 ..\..\components\newlib\armca5\libc.a(lib_a-gdtoa-hexnan.o)
 .text.__match  0x60262038       0x28 ..\..\components\newlib\armca5\libc.a(lib_a-gdtoa-hexnan.o)
                0x60262038                __match
 .text.__hexnan
                0x60262060      0x138 ..\..\components\newlib\armca5\libc.a(lib_a-gdtoa-hexnan.o)
                0x60262060                __hexnan
 .rodata.str1.1
                0x60262198        0x2 ..\..\components\newlib\armca5\libc.a(lib_a-lnumeric.o)
                                  0x3 (size before relaxing)
 *fill*         0x6026219a        0x2 
 .rodata._C_numeric_locale
                0x6026219c        0xc ..\..\components\newlib\armca5\libc.a(lib_a-lnumeric.o)
                0x6026219c                _C_numeric_locale
 .text._localeconv_r
                0x602621a8        0x8 ..\..\components\newlib\armca5\libc.a(lib_a-localeconv.o)
                0x602621a8                _localeconv_r
 .rodata._setlocale_r.str1.1
                0x602621b0        0x6 ..\..\components\newlib\armca5\libc.a(lib_a-locale.o)
                                  0x9 (size before relaxing)
 .rodata.str1.1
                0x602621b6        0x2 ..\..\components\newlib\armca5\libc.a(lib_a-locale.o)
 .text.__ascii_mbtowc
                0x602621b6       0x24 ..\..\components\newlib\armca5\libc.a(lib_a-mbtowc_r.o)
                0x602621b6                __ascii_mbtowc
 .text._Balloc  0x602621da       0x48 ..\..\components\newlib\armca5\libc.a(lib_a-mprec.o)
                0x602621da                _Balloc
 .text._Bfree   0x60262222       0x12 ..\..\components\newlib\armca5\libc.a(lib_a-mprec.o)
                0x60262222                _Bfree
 .text.__multadd
                0x60262234       0x7c ..\..\components\newlib\armca5\libc.a(lib_a-mprec.o)
                0x60262234                __multadd
 .text.__s2b    0x602622b0       0x88 ..\..\components\newlib\armca5\libc.a(lib_a-mprec.o)
                0x602622b0                __s2b
 .text.__hi0bits
                0x60262338       0x40 ..\..\components\newlib\armca5\libc.a(lib_a-mprec.o)
                0x60262338                __hi0bits
 .text.__lo0bits
                0x60262378       0x5c ..\..\components\newlib\armca5\libc.a(lib_a-mprec.o)
                0x60262378                __lo0bits
 .text.__i2b    0x602623d4       0x12 ..\..\components\newlib\armca5\libc.a(lib_a-mprec.o)
                0x602623d4                __i2b
 .text.__multiply
                0x602623e6      0x136 ..\..\components\newlib\armca5\libc.a(lib_a-mprec.o)
                0x602623e6                __multiply
 .text.__pow5mult
                0x6026251c       0x80 ..\..\components\newlib\armca5\libc.a(lib_a-mprec.o)
                0x6026251c                __pow5mult
 .text.__lshift
                0x6026259c       0xbe ..\..\components\newlib\armca5\libc.a(lib_a-mprec.o)
                0x6026259c                __lshift
 .text.__mcmp   0x6026265a       0x36 ..\..\components\newlib\armca5\libc.a(lib_a-mprec.o)
                0x6026265a                __mcmp
 .text.__mdiff  0x60262690       0xec ..\..\components\newlib\armca5\libc.a(lib_a-mprec.o)
                0x60262690                __mdiff
 .text.__ulp    0x6026277c       0x58 ..\..\components\newlib\armca5\libc.a(lib_a-mprec.o)
                0x6026277c                __ulp
 .text.__b2d    0x602627d4       0xa0 ..\..\components\newlib\armca5\libc.a(lib_a-mprec.o)
                0x602627d4                __b2d
 .text.__d2b    0x60262874       0xa4 ..\..\components\newlib\armca5\libc.a(lib_a-mprec.o)
                0x60262874                __d2b
 .text.__ratio  0x60262918       0x64 ..\..\components\newlib\armca5\libc.a(lib_a-mprec.o)
                0x60262918                __ratio
 .text.__copybits
                0x6026297c       0x46 ..\..\components\newlib\armca5\libc.a(lib_a-mprec.o)
                0x6026297c                __copybits
 .text.__any_on
                0x602629c2       0x42 ..\..\components\newlib\armca5\libc.a(lib_a-mprec.o)
                0x602629c2                __any_on
 *fill*         0x60262a04        0x4 
 .rodata.__mprec_bigtens
                0x60262a08       0x28 ..\..\components\newlib\armca5\libc.a(lib_a-mprec.o)
                0x60262a08                __mprec_bigtens
 .rodata.__mprec_tens
                0x60262a30       0xc8 ..\..\components\newlib\armca5\libc.a(lib_a-mprec.o)
                0x60262a30                __mprec_tens
 .rodata.p05.7382
                0x60262af8        0xc ..\..\components\newlib\armca5\libc.a(lib_a-mprec.o)
 *fill*         0x60262b04        0x4 
 .text.frexp    0x60262b08       0x70 ..\..\components\newlib\armca5\libc.a(lib_a-s_frexp.o)
                0x60262b08                frexp
 .text.nan      0x60262b78       0x10 ..\..\components\newlib\armca5\libc.a(lib_a-s_nan.o)
                0x60262b78                nan
 .text.__ssprint_r
                0x60262b88       0xea ..\..\components\newlib\armca5\libc.a(lib_a-svfiprintf.o)
                0x60262b88                __ssprint_r
 .text.__ascii_wctomb
                0x60262c72       0x1a ..\..\components\newlib\armca5\libc.a(lib_a-wctomb_r.o)
                0x60262c72                __ascii_wctomb
 *fill*         0x60262c8c        0x4 
 .text          0x60262c90      0x278 ..\..\prebuilts\win32\gcc-arm-none-eabi\lib\gcc\arm-none-eabi\7.2.1\thumb\v7-ar\fpv3\hard\libgcc.a(_udivsi3.o)
                0x60262c90                __aeabi_uidiv
                0x60262c90                __udivsi3
                0x60262eec                __aeabi_uidivmod
 .text          0x60262f08      0x2b0 ..\..\prebuilts\win32\gcc-arm-none-eabi\lib\gcc\arm-none-eabi\7.2.1\thumb\v7-ar\fpv3\hard\libgcc.a(_divsi3.o)
                0x60262f08                __divsi3
                0x60262f08                __aeabi_idiv
                0x6026319c                __aeabi_idivmod
 .text          0x602631b8        0x4 ..\..\prebuilts\win32\gcc-arm-none-eabi\lib\gcc\arm-none-eabi\7.2.1\thumb\v7-ar\fpv3\hard\libgcc.a(_dvmd_tls.o)
                0x602631b8                __aeabi_idiv0
                0x602631b8                __aeabi_ldiv0
 .text          0x602631bc      0x378 ..\..\prebuilts\win32\gcc-arm-none-eabi\lib\gcc\arm-none-eabi\7.2.1\thumb\v7-ar\fpv3\hard\libgcc.a(_arm_addsubdf3.o)
                0x602631bc                __aeabi_drsub
                0x602631c4                __aeabi_dsub
                0x602631c4                __subdf3
                0x602631c8                __aeabi_dadd
                0x602631c8                __adddf3
                0x60263440                __floatunsidf
                0x60263440                __aeabi_ui2d
                0x60263460                __floatsidf
                0x60263460                __aeabi_i2d
                0x60263484                __aeabi_f2d
                0x60263484                __extendsfdf2
                0x602634c8                __floatundidf
                0x602634c8                __aeabi_ul2d
                0x602634d8                __floatdidf
                0x602634d8                __aeabi_l2d
 .text          0x60263534       0x30 ..\..\prebuilts\win32\gcc-arm-none-eabi\lib\gcc\arm-none-eabi\7.2.1\thumb\v7-ar\fpv3\hard\libgcc.a(_aeabi_uldivmod.o)
                0x60263534                __aeabi_uldivmod
 .text          0x60263564       0x24 ..\..\prebuilts\win32\gcc-arm-none-eabi\lib\gcc\arm-none-eabi\7.2.1\thumb\v7-ar\fpv3\hard\libgcc.a(_fixdfdi.o)
                0x60263564                __fixdfdi
                0x60263564                __aeabi_d2lz
 .text          0x60263588       0x50 ..\..\prebuilts\win32\gcc-arm-none-eabi\lib\gcc\arm-none-eabi\7.2.1\thumb\v7-ar\fpv3\hard\libgcc.a(_fixunsdfdi.o)
                0x60263588                __fixunsdfdi
                0x60263588                __aeabi_d2ulz
 .text          0x602635d8      0x144 ..\..\prebuilts\win32\gcc-arm-none-eabi\lib\gcc\arm-none-eabi\7.2.1\thumb\v7-ar\fpv3\hard\libgcc.a(_udivmoddi4.o)
                0x602635d8                __udivmoddi4
 *fill*         0x6026371c        0x4 
 .text.__stub   0x60263720      0x3d0 linker stubs
                0x60263af0                __text_end = .
                0x60263b00                . = ALIGN (0x20)
 *fill*         0x60263af0       0x10 
                0x60250e60                __text_load_start = LOADADDR (.text)

.iplt           0x60263b00        0x0
 .iplt          0x60263b00        0x0 lib/core_stub.o

.rel.dyn        0x60263b00        0x0
 .rel.iplt      0x60263b00        0x0 lib/core_stub.o

.ARM.exidx      0x60263b00        0x8
 .ARM.exidx     0x60263b00        0x8 ..\..\prebuilts\win32\gcc-arm-none-eabi\lib\gcc\arm-none-eabi\7.2.1\thumb\v7-ar\fpv3\hard\libgcc.a(_udivmoddi4.o)

.init_array     0x60263b20        0x0
                0x60263b20                __init_array_start = .
 *(.init_array*)
                0x60263b20                __init_array_end = .
                0x60263b20                . = ALIGN (0x20)
                0x60263b20                __init_array_load_start = LOADADDR (.init_array)
                0x60263b20                __flash_end = (ADDR (.init_array) + SIZEOF (.init_array))
                0x80fa75c0                __ram_end = (ADDR (.bss) + SIZEOF (.bss))
                0x00000001                ASSERT ((__flash_end <= (ORIGIN (flash) + LENGTH (flash))), FLASH overflow)
                0x00000001                ASSERT ((__ram_end <= (ORIGIN (ram) + LENGTH (ram))), RAM overflow)

.comment        0x00000000       0xf7
 *(.comment)
 .comment       0x00000000       0x7e components/ql-application/init/CMakeFiles/APPIMAGE_APP.dir/ql_init.c.obj
                                 0x7f (size before relaxing)
 .comment       0x0000007e       0x7f lib/libql_app_peripheral.a(led_cfg_demo.c.obj)
 .comment       0x0000007e       0x7f lib/libql_app_peripheral.a(uart_demo.c.obj)
 .comment       0x0000007e       0x7f lib/libql_app_peripheral.a(ql_pin_cfg.c.obj)
 .comment       0x0000007e       0x7f lib/libql_app_power.a(power_demo.c.obj)
 .comment       0x0000007e       0x79 ..\..\components\newlib\armca5\libc.a(lib_a-atof.o)
                                 0x7a (size before relaxing)
 .comment       0x000000f7       0x7a ..\..\components\newlib\armca5\libc.a(lib_a-atoi.o)
 .comment       0x000000f7       0x7a ..\..\components\newlib\armca5\libc.a(lib_a-memcpy-stub.o)
 .comment       0x000000f7       0x7a ..\..\components\newlib\armca5\libc.a(lib_a-memmove.o)
 .comment       0x000000f7       0x7a ..\..\components\newlib\armca5\libc.a(lib_a-memset.o)
 .comment       0x000000f7       0x7a ..\..\components\newlib\armca5\libc.a(lib_a-snprintf.o)
 .comment       0x000000f7       0x7a ..\..\components\newlib\armca5\libc.a(lib_a-sprintf.o)
 .comment       0x000000f7       0x7a ..\..\components\newlib\armca5\libc.a(lib_a-strcat.o)
 .comment       0x000000f7       0x7a ..\..\components\newlib\armca5\libc.a(lib_a-strchr.o)
 .comment       0x000000f7       0x7a ..\..\components\newlib\armca5\libc.a(lib_a-strcpy.o)
 .comment       0x000000f7       0x7a ..\..\components\newlib\armca5\libc.a(lib_a-strncasecmp.o)
 .comment       0x000000f7       0x7a ..\..\components\newlib\armca5\libc.a(lib_a-strncat.o)
 .comment       0x000000f7       0x7a ..\..\components\newlib\armca5\libc.a(lib_a-strncmp.o)
 .comment       0x000000f7       0x7a ..\..\components\newlib\armca5\libc.a(lib_a-strncpy.o)
 .comment       0x000000f7       0x7a ..\..\components\newlib\armca5\libc.a(lib_a-strtod.o)
 .comment       0x000000f7       0x7a ..\..\components\newlib\armca5\libc.a(lib_a-strtok.o)
 .comment       0x000000f7       0x7a ..\..\components\newlib\armca5\libc.a(lib_a-strtok_r.o)
 .comment       0x000000f7       0x7a ..\..\components\newlib\armca5\libc.a(lib_a-strtol.o)
 .comment       0x000000f7       0x7a ..\..\components\newlib\armca5\libc.a(lib_a-svfprintf.o)
 .comment       0x000000f7       0x7a ..\..\components\newlib\armca5\libc.a(lib_a-ctype_.o)
 .comment       0x000000f7       0x7a ..\..\components\newlib\armca5\libc.a(lib_a-dtoa.o)
 .comment       0x000000f7       0x7a ..\..\components\newlib\armca5\libc.a(lib_a-gdtoa-gethex.o)
 .comment       0x000000f7       0x7a ..\..\components\newlib\armca5\libc.a(lib_a-gdtoa-hexnan.o)
 .comment       0x000000f7       0x7a ..\..\components\newlib\armca5\libc.a(lib_a-impure.o)
 .comment       0x000000f7       0x7a ..\..\components\newlib\armca5\libc.a(lib_a-lnumeric.o)
 .comment       0x000000f7       0x7a ..\..\components\newlib\armca5\libc.a(lib_a-localeconv.o)
 .comment       0x000000f7       0x7a ..\..\components\newlib\armca5\libc.a(lib_a-locale.o)
 .comment       0x000000f7       0x7a ..\..\components\newlib\armca5\libc.a(lib_a-mbtowc_r.o)
 .comment       0x000000f7       0x7a ..\..\components\newlib\armca5\libc.a(lib_a-mprec.o)
 .comment       0x000000f7       0x7a ..\..\components\newlib\armca5\libc.a(lib_a-s_frexp.o)