Archive member included to satisfy reference by file (symbol)

lib/libbootloader.a(boot_platform_8910.c.obj)
                              (--whole-archive)
lib/libbootloader.a(boot_secure.c.obj)
                              (--whole-archive)
lib/libbootloader.a(boot_entry_v7a.S.obj)
                              (--whole-archive)
lib/libbootloader.a(boot_sffs_port.c.obj)
                              (--whole-archive)
lib/libbootloader.a(boot_stub.c.obj)
                              (--whole-archive)
lib/libbootloader.a(boot_delay.c.obj)
                              (--whole-archive)
lib/libbootloader.a(boot_mem.c.obj)
                              (--whole-archive)
lib/libbootloader.a(boot_spi_flash.c.obj)
                              (--whole-archive)
lib/libbootloader.a(boot_debuguart.c.obj)
                              (--whole-archive)
lib/libbootloader.a(boot_trace.c.obj)
                              (--whole-archive)
lib/libbootloader.a(boot_fdl.c.obj)
                              (--whole-archive)
lib/libbootloader.a(boot_fdl_dnld.c.obj)
                              (--whole-archive)
lib/libbootloader.a(boot_aes.c.obj)
                              (--whole-archive)
lib/libbootloader.a(boot_vfs.c.obj)
                              (--whole-archive)
lib/libbootloader.a(boot_irq.c.obj)
                              (--whole-archive)
lib/libbootloader.a(boot_timer.c.obj)
                              (--whole-archive)
lib/libbootloader.a(boot_uart.c.obj)
                              (--whole-archive)
lib/libbootloader.a(boot_uart_cmn.c.obj)
                              (--whole-archive)
lib/libbootloader.a(boot_mmu.c.obj)
                              (--whole-archive)
lib/libbootloader.a(boot_uimage.c.obj)
                              (--whole-archive)
lib/libbootloader.a(boot_udc.c.obj)
                              (--whole-archive)
lib/libbootloader.a(boot_usb_fdl_channel.c.obj)
                              (--whole-archive)
lib/libbootloader.a(boot_pdl.c.obj)
                              (--whole-archive)
lib/libbootloader.a(boot_pdl_uimage.c.obj)
                              (--whole-archive)
lib/libhal.a(hal_clock_init.c.obj)
                              components/bootloader/CMakeFiles/boot.dir/boot/boot_start_8910.c.obj (halClockInit)
lib/libhal.a(hal_chip_8910.c.obj)
                              lib/libbootloader.a(boot_usb_fdl_channel.c.obj) (osiDCacheClean)
lib/libhal.a(hal_pmu_8910.c.obj)
                              lib/libbootloader.a(boot_fdl_dnld.c.obj) (halPmuExtFlashPowerOn)
lib/libhal.a(hal_efuse_8910.c.obj)
                              lib/libbootloader.a(boot_secure.c.obj) (halEfuseOpen)
lib/libhal.a(hal_delay.c.obj)
                              lib/libbootloader.a(boot_platform_8910.c.obj) (osiDelayUS)
lib/libhal.a(hal_iomux.c.obj)
                              lib/libhal.a(hal_chip_8910.c.obj) (halIomuxSetFunction)
lib/libhal.a(hal_reg_apply.c.obj)
                              lib/libhal.a(hal_clock_init.c.obj) (halApplyRegisters)
lib/libhal.a(hal_chip.c.obj)  lib/libbootloader.a(boot_uart.c.obj) (halCalcDivider20)
lib/libhal.a(hal_adi_bus.c.obj)
                              components/bootloader/CMakeFiles/boot.dir/boot/boot_start_8910.c.obj (halAdiBusInit)
lib/libhal.a(hal_hwspinlock.c.obj)
                              lib/libhal.a(hal_efuse_8910.c.obj) (halHwspinlockAcquire)
lib/libhal.a(hal_lzma.c.obj)  components/bootloader/CMakeFiles/boot.dir/boot/boot_start_8910.c.obj (halLzmaDecompressFile)
lib/libhal.a(hal_spi_flash.c.obj)
                              lib/libbootloader.a(boot_spi_flash.c.obj) (halSpiFlashPageProgram)
lib/libhal.a(hal_blue_screen.c.obj)
                              lib/libbootloader.a(boot_platform_8910.c.obj) (halBlueScreenSaveContext)
lib/libcalclib.a(crc32.c.obj)
                              lib/libbootloader.a(boot_fdl_dnld.c.obj) (crc32Init)
../../components/newlib/armca5/libc.a(lib_a-memcmp.o)
                              lib/libbootloader.a(boot_secure.c.obj) (memcmp)
../../components/newlib/armca5/libc.a(lib_a-memcpy-stub.o)
                              lib/libbootloader.a(boot_spi_flash.c.obj) (memcpy)
../../components/newlib/armca5/libc.a(lib_a-memset.o)
                              lib/libbootloader.a(boot_secure.c.obj) (memset)
../../components/newlib/armca5/libc.a(lib_a-snprintf.o)
                              lib/libhal.a(hal_blue_screen.c.obj) (snprintf)
../../components/newlib/armca5/libc.a(lib_a-strcat.o)
                              lib/libbootloader.a(boot_vfs.c.obj) (strcat)
../../components/newlib/armca5/libc.a(lib_a-strchr.o)
                              lib/libbootloader.a(boot_vfs.c.obj) (strchr)
../../components/newlib/armca5/libc.a(lib_a-strcpy.o)
                              ../../components/newlib/armca5/libc.a(lib_a-strcat.o) (strcpy)
../../components/newlib/armca5/libc.a(lib_a-strdup.o)
                              lib/libbootloader.a(boot_vfs.c.obj) (strdup)
[...]
Memory Configuration

Name             Origin             Length             Attributes
sram             0x00800100         0x0000ff00         xrw
*default*        0x00000000         0xffffffff

Linker script and memory map

LOAD components/bootloader/CMakeFiles/boot.dir/boot/boot_start_8910.c.obj
LOAD components/bootloader/CMakeFiles/boot.dir/boot2.img.lzmar.S.obj
LOAD lib/libbootloader.a
START GROUP
LOAD lib/libhal.a
LOAD lib/libcalclib.a
END GROUP
LOAD ../../components/newlib/armca5/libc.a
LOAD ../../prebuilts/win32/gcc-arm-none-eabi/bin/../lib/gcc/arm-none-eabi/7.2.1/thumb/v7-ar/fpv3/hard/libgcc.a
LOAD lib/libboot_ex_ql.a
LOAD lib/libboot_ex_fat.a
LOAD lib/libboot_ex_sdmmc.a
LOAD lib/libboot_ex_spi6nor.a
LOAD lib/libboot_ex_ql_pin.a
LOAD lib/libcalclib.a
LOAD ../../components/libs/boot_encrypt/libboot_encrypt.a
LOAD lib/libdriver.a
LOAD lib/libhal_prop.a
LOAD lib/liboql_core_boot_virt_func.a

.text           0x00800100     0xb580
                0x00800100                __text_start = .
 *(BOOT_ENTRY)
 BOOT_ENTRY     0x00800100      0x184 lib/libbootloader.a(boot_entry_v7a.S.obj)
                0x008001b0                bootEntry
                0x0080021c                bootJumpImageEntry
 SORT_BY_NAME(*)(.sramboottext .sramboottext.*)
 .sramboottext  0x00800284       0x6c lib/libhal.a(hal_delay.c.obj)
                0x00800284                osiDelayLoops
                0x00800290                osiDelayUS
                0x008002b0                osiDebugEvent
                0x008002e4                osiHWTick16K
 .sramboottext  0x008002f0       0x56 lib/libhal.a(hal_reg_apply.c.obj)
                0x008002f0                halApplyRegisters
                0x00800322                halApplyRegisterList
 SORT_BY_NAME(*)(.sramtext .sramtext.*)
 .sramtext      0x00800346       0x1e lib/libhal.a(hal_chip_8910.c.obj)
                0x00800346                uxPortSetInterruptMaskFromISR
                0x00800346                vPortDisableInterrupts
                0x00800346                uxPortEnterCritical
                0x00800346                osiEnterCritical
                0x00800346                osiIrqSave
                0x00800356                osiExitCritical
                0x00800356                osiIrqRestore
                0x00800356                vPortExitCritical
                0x00800356                vPortClearInterruptMaskFromISR
 SORT_BY_NAME(*)(.ramtext .ramtext.*)
 SORT_BY_NAME(*)(.text .text.* .gnu.linkonce.t.* .rdata .rodata .rodata.* .rodata1 .gnu.linkonce.r.*)
 .text          0x00800364        0x4 ../../prebuilts/win32/gcc-arm-none-eabi/bin/../lib/gcc/arm-none-eabi/7.2.1/thumb/v7-ar/fpv3/hard/libgcc.a(_dvmd_tls.o)
                0x00800364                __aeabi_idiv0
                0x00800364                __aeabi_ldiv0
 .text          0x00800368      0x278 ../../prebuilts/win32/gcc-arm-none-eabi/bin/../lib/gcc/arm-none-eabi/7.2.1/thumb/v7-ar/fpv3/hard/libgcc.a(_udivsi3.o)
                0x00800368                __aeabi_uidiv
                0x00800368                __udivsi3
                0x008005c4                __aeabi_uidivmod
 .text          0x008005e0     0xa9b0 components/bootloader/CMakeFiles/boot.dir/boot2.img.lzmar.S.obj
                0x008005e0                gBoot2CompData
 .text.bootIrqHandler
                0x0080af90        0x2 components/bootloader/CMakeFiles/boot.dir/boot/boot_start_8910.c.obj
                0x0080af90                bootIrqHandler
 .text.bootBlueScreen
                0x0080af92        0x2 components/bootloader/CMakeFiles/boot.dir/boot/boot_start_8910.c.obj
                0x0080af92                bootBlueScreen
 .text.bootStart
                0x0080af94       0x4c components/bootloader/CMakeFiles/boot.dir/boot/boot_start_8910.c.obj
                0x0080af94                bootStart
 .text.bootPanic
                0x0080afe0        0x2 lib/libbootloader.a(boot_delay.c.obj)
                0x0080afe0                osiPanic
                0x0080afe0                bootPanic
 *fill*         0x0080afe2        0x2 
 .text.bootElapsedTimerStart
                0x0080afe4       0x10 lib/libbootloader.a(boot_delay.c.obj)
                0x0080afe4                osiElapsedTimerStart
                0x0080afe4                bootElapsedTimerStart
 .text.bootElapsedTimeUS
                0x0080aff4       0x14 lib/libbootloader.a(boot_delay.c.obj)
                0x0080aff4                bootElapsedTimeUS
                0x0080aff4                osiElapsedTimeUS
 .text.bootResetPinEnable
                0x0080b008       0x44 lib/libbootloader.a(boot_platform_8910.c.obj)
                0x0080b008                bootResetPinEnable
 .text.osiPmSourceCreate
                0x0080b04c        0x8 lib/libbootloader.a(boot_stub.c.obj)
                0x0080b04c                osiPmSourceCreate
 .text.bootUimageEntry
                0x0080b054        0xc lib/libbootloader.a(boot_uimage.c.obj)
                0x0080b054                bootUimageEntry
 .text._initCfgReg
                0x0080b060       0x28 lib/libhal.a(hal_adi_bus.c.obj)
                0x0080b060                _initCfgReg
 .text._adiBusResume
                0x0080b088        0xa lib/libhal.a(hal_adi_bus.c.obj)
 *fill*         0x0080b092        0x2 
 .text.halAdiBusInit
                0x0080b094       0x1c lib/libhal.a(hal_adi_bus.c.obj)
                0x0080b094                halAdiBusInit
 .text.halAdiBusRead
                0x0080b0b0       0x3c lib/libhal.a(hal_adi_bus.c.obj)
                0x0080b0b0                halAdiBusRead
 .text.halAdiBusWrite
                0x0080b0ec       0x2c lib/libhal.a(hal_adi_bus.c.obj)
                0x0080b0ec                halAdiBusWrite
 .text.halAdiBusChange
                0x0080b118       0x64 lib/libhal.a(hal_adi_bus.c.obj)
                0x0080b118                halAdiBusChange
 .rodata        0x0080b17c        0x4 lib/libhal.a(hal_adi_bus.c.obj)
 .rodata._adiBusPmOps
                0x0080b180       0x10 lib/libhal.a(hal_adi_bus.c.obj)
 .text.osiDCacheClean
                0x0080b190       0x1c lib/libhal.a(hal_chip_8910.c.obj)
                0x0080b190                osiDCacheClean
 .text.osiDCacheInvalidate
                0x0080b1ac       0x18 lib/libhal.a(hal_chip_8910.c.obj)
                0x0080b1ac                osiDCacheInvalidate
 .text.prvDelayUS
                0x0080b1c4       0x14 lib/libhal.a(hal_clock_init.c.obj)
 .text.halClockInit
                0x0080b1d8      0x240 lib/libhal.a(hal_clock_init.c.obj)
                0x0080b1d8                halClockInit
 .text.halHwspinlockAcquire
                0x0080b418       0x38 lib/libhal.a(hal_hwspinlock.c.obj)
                0x0080b418                halHwspinlockAcquire
 .text.halHwspinlockRelease
                0x0080b450       0x14 lib/libhal.a(hal_hwspinlock.c.obj)
                0x0080b450                halHwspinlockRelease
 .text.halHwspinlockReleaseInCritical
                0x0080b464       0x14 lib/libhal.a(hal_hwspinlock.c.obj)
                0x0080b464                halHwspinlockReleaseInCritical
 .text.halLzmaReset
                0x0080b478       0x30 lib/libhal.a(hal_lzma.c.obj)
                0x0080b478                halLzmaReset
 .text.halLzmaEnable
                0x0080b4a8       0x18 lib/libhal.a(hal_lzma.c.obj)
                0x0080b4a8                halLzmaEnable
 .text.halLzmaDisable
                0x0080b4c0       0x18 lib/libhal.a(hal_lzma.c.obj)
                0x0080b4c0                halLzmaDisable
 .text.halLzmaDecompressBlock
                0x0080b4d8       0xd0 lib/libhal.a(hal_lzma.c.obj)
                0x0080b4d8                halLzmaDecompressBlock
 .text.halLzmaDecompressFile
                0x0080b5a8       0xc0 lib/libhal.a(hal_lzma.c.obj)
                0x0080b5a8                halLzmaDecompressFile
 *(.rokeep)
                0x0080b668                __text_end = .
                0x0080b680                . = ALIGN (0x20)
 *fill*         0x0080b668       0x18 

.data           0x0080b680       0x20
                0x0080b680                __data_start = .
 SORT_BY_NAME(*)(.sramdata .sramdata.*)
 SORT_BY_NAME(*)(.data .data.* .sdata .sdata.* .data1 .gnu.linkonce.d.*)
 *(.rwkeep)
 .rwkeep        0x0080b680        0xc lib/libhal.a(hal_blue_screen.c.obj)
                0x0080b680                gGdbRegAddress
                0x0080b684                gCpGdbRegAddress
                0x0080b688                gGdbCtxType
                0x0080b68c                __data_end = .
                0x0080b6a0                . = ALIGN (0x20)
 *fill*         0x0080b68c       0x14 

.lastflash      0x0080b6a0        0x0
                0x0080b6a0                . = ALIGN (0x20)

.bss            0x0080b6a0        0x0
                0x0080b6a0                __bss_start = .
 *(.srambss .srambss.*)
 *(.bss .bss.* COMMON .scommon .sbss .sbss.* .sbss2 .sbss2.* .gnu.linkonce.b.*)
                0x0080b6a0                __bss_end = .
                0x0080b6a0                . = ALIGN (0x20)

.sys_stack      0x0080b6a0     0x1800
                0x0080b6a0                __sys_stack_start = .
                0x0080cea0                . = (. + 0x1800)
 *fill*         0x0080b6a0     0x1800 
                0x0080cea0                __sys_stack_end = .
                0x0080cea0                . = ALIGN (0x20)

.irq_stack      0x0080cea0      0x800
                0x0080cea0                __irq_stack_start = .
                0x0080d6a0                . = (. + 0x800)
 *fill*         0x0080cea0      0x800 
                0x0080d6a0                __irq_stack_end = .
                0x0080d6a0                . = ALIGN (0x20)

.blue_screen    0x0080d6a0      0x400
                0x0080d6a0                __blue_screen_start = .
                0x0080daa0                . = (. + 0x400)
 *fill*         0x0080d6a0      0x400 
                0x0080daa0                __blue_screen_end = .
                0x0080daa0                . = ALIGN (0x20)

.sram_heap      0x0080daa0     0x2560
                0x0080daa0                __sram_heap_start = .
                0x00810000                . = (ORIGIN (sram) + LENGTH (sram))
 *fill*         0x0080daa0     0x2560 
                0x00810000                __sram_heap_end = .
                0x00810000                . = ALIGN (0x20)
                0x00800100                __flash_start = LOADADDR (.text)
                0x0080b6a0                __flash_end = ADDR (.lastflash)
                0x00000001                ASSERT (((__flash_end - 0x8000c0) <= 0xbae0), flash overflow)

.comment        0x00000000       0x7e
 *(.comment)
 .comment       0x00000000       0x7e components/bootloader/CMakeFiles/boot.dir/boot/boot_start_8910.c.obj
                                 0x7f (size before relaxing)
 .comment       0x0000007e       0x7f lib/libbootloader.a(boot_platform_8910.c.obj)
 .comment       0x0000007e       0x7f lib/libbootloader.a(boot_stub.c.obj)
 .comment       0x0000007e       0x7f lib/libbootloader.a(boot_delay.c.obj)
 .comment       0x0000007e       0x7f lib/libbootloader.a(boot_uimage.c.obj)
 .comment       0x0000007e       0x7f lib/libhal.a(hal_clock_init.c.obj)
 .comment       0x0000007e       0x7f lib/libhal.a(hal_chip_8910.c.obj)
 .comment       0x0000007e       0x7f lib/libhal.a(hal_delay.c.obj)
 .comment       0x0000007e       0x7f lib/libhal.a(hal_reg_apply.c.obj)
 .comment       0x0000007e       0x7f lib/libhal.a(hal_adi_bus.c.obj)
 .comment       0x0000007e       0x7f lib/libhal.a(hal_hwspinlock.c.obj)
 .comment       0x0000007e       0x7f lib/libhal.a(hal_lzma.c.obj)
 .comment       0x0000007e       0x7f lib/libhal.a(hal_blue_screen.c.obj)

.ARM.attributes
                0x00000000       0x3d
 *(.ARM.attributes)
 .ARM.attributes
                0x00000000       0x3d components/bootloader/CMakeFiles/boot.dir/boot/boot_start_8910.c.obj
 .ARM.attributes
                0x0000003d       0x2b components/bootloader/CMakeFiles/boot.dir/boot2.img.lzmar.S.obj
 .ARM.attributes
                0x00000068       0x3d lib/libbootloader.a(boot_platform_8910.c.obj)
 .ARM.attributes
                0x000000a5       0x2b lib/libbootloader.a(boot_entry_v7a.S.obj)
 .ARM.attributes
                0x000000d0       0x3d lib/libbootloader.a(boot_stub.c.obj)
 .ARM.attributes
                0x0000010d       0x3d lib/libbootloader.a(boot_delay.c.obj)
 .ARM.attributes
                0x0000014a       0x3d lib/libbootloader.a(boot_uimage.c.obj)
 .ARM.attributes
                0x00000187       0x3d lib/libhal.a(hal_clock_init.c.obj)
 .ARM.attributes
                0x000001c4       0x3d lib/libhal.a(hal_chip_8910.c.obj)
 .ARM.attributes
                0x00000201       0x3d lib/libhal.a(hal_delay.c.obj)
 .ARM.attributes
                0x0000023e       0x3d lib/libhal.a(hal_reg_apply.c.obj)
 .ARM.attributes
                0x0000027b       0x3d lib/libhal.a(hal_adi_bus.c.obj)
 .ARM.attributes
                0x000002b8       0x3d lib/libhal.a(hal_hwspinlock.c.obj)
 .ARM.attributes
                0x000002f5       0x3d lib/libhal.a(hal_lzma.c.obj)
 .ARM.attributes
                0x00000332       0x3d lib/libhal.a(hal_blue_screen.c.obj)
 .ARM.attributes
                0x0000036f       0x1b ../../prebuilts/win32/gcc-arm-none-eabi/bin/../lib/gcc/arm-none-eabi/7.2.1/thumb/v7-ar/fpv3/hard/libgcc.a(_udivsi3.o)
 .ARM.attributes
                0x0000038a       0x1b ../../prebuilts/win32/gcc-arm-none-eabi/bin/../lib/gcc/arm-none-eabi/7.2.1/thumb/v7-ar/fpv3/hard/libgcc.a(_dvmd_tls.o)

.iplt           0x00000000        0x0
 *(.iplt)
 .iplt          0x00000000        0x0 components/bootloader/CMakeFiles/boot.dir/boot/boot_start_8910.c.obj

.igot.plt       0x00000000        0x0
 *(.igot.plt)
 .igot.plt      0x00000000        0x0 components/bootloader/CMakeFiles/boot.dir/boot/boot_start_8910.c.obj

.rel.dyn        0x00000000        0x0
 *(.rel.dyn)
 .rel.iplt      0x00000000        0x0 components/bootloader/CMakeFiles/boot.dir/boot/boot_start_8910.c.obj

.glue_7         0x00000000        0x0
 *(.glue_7)
 .glue_7        0x00000000        0x0 linker stubs

.glue_7t        0x00000000        0x0
 *(.glue_7t)
 .glue_7t       0x00000000        0x0 linker stubs

.vfp11_veneer   0x00000000        0x0
 *(.vfp11_veneer)
 .vfp11_veneer  0x00000000        0x0 linker stubs

.v4_bx          0x00000000        0x0
 *(.v4_bx)
 .v4_bx         0x00000000        0x0 linker stubs

/DISCARD/
 *(.ARM.exidx*)
 *(.gnu.linkonce.armexidx*)
OUTPUT(hex\boot.elf elf32-littlearm)

.debug_info     0x00000000    0x14dec
 .debug_info    0x00000000      0x224 components/bootloader/CMakeFiles/boot.dir/boot/boot_start_8910.c.obj
 .debug_info    0x00000224     0x269b lib/libbootloader.a(boot_platform_8910.c.obj)
 .debug_info    0x000028bf       0x26 lib/libbootloader.a(boot_entry_v7a.S.obj)
 .debug_info    0x000028e5      0x1cc lib/libbootloader.a(boot_stub.c.obj)
 .debug_info    0x00002ab1      0x1fb lib/libbootloader.a(boot_delay.c.obj)
 .debug_info    0x00002cac      0xd68 lib/libbootloader.a(boot_uimage.c.obj)
 .debug_info    0x00003a14     0x7975 lib/libhal.a(hal_clock_init.c.obj)
 .debug_info    0x0000b389     0x3878 lib/libhal.a(hal_chip_8910.c.obj)
 .debug_info    0x0000ec01      0x3ab lib/libhal.a(hal_delay.c.obj)
 .debug_info    0x0000efac      0x1b8 lib/libhal.a(hal_reg_apply.c.obj)
 .debug_info    0x0000f164      0x9fb lib/libhal.a(hal_adi_bus.c.obj)
 .debug_info    0x0000fb5f      0x633 lib/libhal.a(hal_hwspinlock.c.obj)
 .debug_info    0x00010192     0x29c8 lib/libhal.a(hal_lzma.c.obj)
 .debug_info    0x00012b5a     0x2292 lib/libhal.a(hal_blue_screen.c.obj)

.debug_abbrev   0x00000000     0x1f49
 .debug_abbrev  0x00000000      0x16f components/bootloader/CMakeFiles/boot.dir/boot/boot_start_8910.c.obj
 .debug_abbrev  0x0000016f      0x29a lib/libbootloader.a(boot_platform_8910.c.obj)
 .debug_abbrev  0x00000409       0x14 lib/libbootloader.a(boot_entry_v7a.S.obj)
 .debug_abbrev  0x0000041d       0xf3 lib/libbootloader.a(boot_stub.c.obj)
 .debug_abbrev  0x00000510       0xd2 lib/libbootloader.a(boot_delay.c.obj)
 .debug_abbrev  0x000005e2      0x2a0 lib/libbootloader.a(boot_uimage.c.obj)
 .debug_abbrev  0x00000882      0x38b lib/libhal.a(hal_clock_init.c.obj)
 .debug_abbrev  0x00000c0d      0x463 lib/libhal.a(hal_chip_8910.c.obj)
 .debug_abbrev  0x00001070      0x15d lib/libhal.a(hal_delay.c.obj)
 .debug_abbrev  0x000011cd      0x10f lib/libhal.a(hal_reg_apply.c.obj)
 .debug_abbrev  0x000012dc      0x283 lib/libhal.a(hal_adi_bus.c.obj)
 .debug_abbrev  0x0000155f      0x15e lib/libhal.a(hal_hwspinlock.c.obj)
 .debug_abbrev  0x000016bd      0x3a5 lib/libhal.a(hal_lzma.c.obj)
 .debug_abbrev  0x00001a62      0x4e7 lib/libhal.a(hal_blue_screen.c.obj)

.debug_loc      0x00000000     0x357c
 .debug_loc     0x00000000       0x89 components/bootloader/CMakeFiles/boot.dir/boot/boot_start_8910.c.obj
 .debug_loc     0x00000089      0x143 lib/libbootloader.a(boot_platform_8910.c.obj)
 .debug_loc     0x000001cc       0x21 lib/libbootloader.a(boot_stub.c.obj)
 .debug_loc     0x000001ed       0x42 lib/libbootloader.a(boot_delay.c.obj)
 .debug_loc     0x0000022f      0x23f lib/libbootloader.a(boot_uimage.c.obj)
 .debug_loc     0x0000046e      0x555 lib/libhal.a(hal_clock_init.c.obj)
 .debug_loc     0x000009c3      0xefc lib/libhal.a(hal_chip_8910.c.obj)
 .debug_loc     0x000018bf       0xdc lib/libhal.a(hal_delay.c.obj)
 .debug_loc     0x0000199b       0xbe lib/libhal.a(hal_reg_apply.c.obj)
 .debug_loc     0x00001a59      0x3dd lib/libhal.a(hal_adi_bus.c.obj)
 .debug_loc     0x00001e36       0xff lib/libhal.a(hal_hwspinlock.c.obj)
 .debug_loc     0x00001f35      0x97d lib/libhal.a(hal_lzma.c.obj)
 .debug_loc     0x000028b2      0xcca lib/libhal.a(hal_blue_screen.c.obj)

.debug_aranges  0x00000000      0x3f0
 .debug_aranges
                0x00000000       0x30 components/bootloader/CMakeFiles/boot.dir/boot/boot_start_8910.c.obj
 .debug_aranges
                0x00000030       0x58 lib/libbootloader.a(boot_platform_8910.c.obj)
 .debug_aranges
                0x00000088       0x20 lib/libbootloader.a(boot_entry_v7a.S.obj)
 .debug_aranges
                0x000000a8       0x20 lib/libbootloader.a(boot_stub.c.obj)
 .debug_aranges
                0x000000c8       0x38 lib/libbootloader.a(boot_delay.c.obj)
 .debug_aranges
                0x00000100       0x38 lib/libbootloader.a(boot_uimage.c.obj)
 .debug_aranges
                0x00000138       0x70 lib/libhal.a(hal_clock_init.c.obj)
 .debug_aranges
                0x000001a8       0xb0 lib/libhal.a(hal_chip_8910.c.obj)
 .debug_aranges
                0x00000258       0x38 lib/libhal.a(hal_delay.c.obj)
 .debug_aranges
                0x00000290       0x28 lib/libhal.a(hal_reg_apply.c.obj)
 .debug_aranges
                0x000002b8       0x50 lib/libhal.a(hal_adi_bus.c.obj)
 .debug_aranges
                0x00000308       0x40 lib/libhal.a(hal_hwspinlock.c.obj)
 .debug_aranges
                0x00000348       0x50 lib/libhal.a(hal_lzma.c.obj)
 .debug_aranges
                0x00000398       0x58 lib/libhal.a(hal_blue_screen.c.obj)

.debug_ranges   0x00000000      0x670
 .debug_ranges  0x00000000       0x40 components/bootloader/CMakeFiles/boot.dir/boot/boot_start_8910.c.obj
 .debug_ranges  0x00000040       0x60 lib/libbootloader.a(boot_platform_8910.c.obj)
 .debug_ranges  0x000000a0       0x10 lib/libbootloader.a(boot_stub.c.obj)
 .debug_ranges  0x000000b0       0x28 lib/libbootloader.a(boot_delay.c.obj)
 .debug_ranges  0x000000d8       0x28 lib/libbootloader.a(boot_uimage.c.obj)
 .debug_ranges  0x00000100       0xb0 lib/libhal.a(hal_clock_init.c.obj)
 .debug_ranges  0x000001b0      0x270 lib/libhal.a(hal_chip_8910.c.obj)
 .debug_ranges  0x00000420       0x28 lib/libhal.a(hal_delay.c.obj)
 .debug_ranges  0x00000448       0x18 lib/libhal.a(hal_reg_apply.c.obj)
 .debug_ranges  0x00000460       0x70 lib/libhal.a(hal_adi_bus.c.obj)
 .debug_ranges  0x000004d0       0x30 lib/libhal.a(hal_hwspinlock.c.obj)
 .debug_ranges  0x00000500       0xa8 lib/libhal.a(hal_lzma.c.obj)
 .debug_ranges  0x000005a8       0xc8 lib/libhal.a(hal_blue_screen.c.obj)

.debug_line     0x00000000     0x24ab
 .debug_line    0x00000000      0x197 components/bootloader/CMakeFiles/boot.dir/boot/boot_start_8910.c.obj
 .debug_line    0x00000197      0x2ac lib/libbootloader.a(boot_platform_8910.c.obj)
 .debug_line    0x00000443       0xce lib/libbootloader.a(boot_entry_v7a.S.obj)
 .debug_line    0x00000511       0xf6 lib/libbootloader.a(boot_stub.c.obj)
 .debug_line    0x00000607      0x164 lib/libbootloader.a(boot_delay.c.obj)
 .debug_line    0x0000076b      0x23e lib/libbootloader.a(boot_uimage.c.obj)
 .debug_line    0x000009a9      0x519 lib/libhal.a(hal_clock_init.c.obj)
 .debug_line    0x00000ec2      0x733 lib/libhal.a(hal_chip_8910.c.obj)
 .debug_line    0x000015f5      0x139 lib/libhal.a(hal_delay.c.obj)
 .debug_line    0x0000172e      0x1a8 lib/libhal.a(hal_reg_apply.c.obj)
 .debug_line    0x000018d6      0x2bf lib/libhal.a(hal_adi_bus.c.obj)
 .debug_line    0x00001b95      0x182 lib/libhal.a(hal_hwspinlock.c.obj)
 .debug_line    0x00001d17      0x2fa lib/libhal.a(hal_lzma.c.obj)
 .debug_line    0x00002011      0x49a lib/libhal.a(hal_blue_screen.c.obj)

.debug_str      0x00000000     0xd65b
 .debug_str     0x00000000      0x2b4 components/bootloader/CMakeFiles/boot.dir/boot/boot_start_8910.c.obj
                                0x2f6 (size before relaxing)
 .debug_str     0x000002b4     0x20e6 lib/libbootloader.a(boot_platform_8910.c.obj)
                               0x2307 (size before relaxing)
 .debug_str     0x0000239a       0x40 lib/libbootloader.a(boot_entry_v7a.S.obj)
                                 0x78 (size before relaxing)
 .debug_str     0x000023da       0xd5 lib/libbootloader.a(boot_stub.c.obj)
                                0x2bf (size before relaxing)
 .debug_str     0x000024af      0x18c lib/libbootloader.a(boot_delay.c.obj)
                                0x374 (size before relaxing)
 .debug_str     0x0000263b      0x533 lib/libbootloader.a(boot_uimage.c.obj)
                                0x773 (size before relaxing)
 .debug_str     0x00002b6e     0x69c3 lib/libhal.a(hal_clock_init.c.obj)
                               0x7865 (size before relaxing)
 .debug_str     0x00009531     0x1e49 lib/libhal.a(hal_chip_8910.c.obj)
                               0x30a3 (size before relaxing)
 .debug_str     0x0000b37a       0xfd lib/libhal.a(hal_delay.c.obj)
                                0x443 (size before relaxing)
 .debug_str     0x0000b477       0x5c lib/libhal.a(hal_reg_apply.c.obj)
                                0x298 (size before relaxing)
 .debug_str     0x0000b4d3      0x4d9 lib/libhal.a(hal_adi_bus.c.obj)
                                0x881 (size before relaxing)
 .debug_str     0x0000b9ac      0x346 lib/libhal.a(hal_hwspinlock.c.obj)
                                0x5bc (size before relaxing)
 .debug_str     0x0000bcf2     0x1351 lib/libhal.a(hal_lzma.c.obj)
                               0x2863 (size before relaxing)
 .debug_str     0x0000d043      0x618 lib/libhal.a(hal_blue_screen.c.obj)
                                0xd14 (size before relaxing)

.debug_frame    0x00000000      0x930
 .debug_frame   0x00000000       0x48 components/bootloader/CMakeFiles/boot.dir/boot/boot_start_8910.c.obj
 .debug_frame   0x00000048       0xe0 lib/libbootloader.a(boot_platform_8910.c.obj)
 .debug_frame   0x00000128       0x20 lib/libbootloader.a(boot_stub.c.obj)
 .debug_frame   0x00000148       0x50 lib/libbootloader.a(boot_delay.c.obj)
 .debug_frame   0x00000198       0x78 lib/libbootloader.a(boot_uimage.c.obj)
 .debug_frame   0x00000210      0x138 lib/libhal.a(hal_clock_init.c.obj)
 .debug_frame   0x00000348      0x230 lib/libhal.a(hal_chip_8910.c.obj)
 .debug_frame   0x00000578       0x5c lib/libhal.a(hal_delay.c.obj)
 .debug_frame   0x000005d4       0x5c lib/libhal.a(hal_reg_apply.c.obj)
 .debug_frame   0x00000630       0xe0 lib/libhal.a(hal_adi_bus.c.obj)
 .debug_frame   0x00000710       0x6c lib/libhal.a(hal_hwspinlock.c.obj)
 .debug_frame   0x0000077c       0xc8 lib/libhal.a(hal_lzma.c.obj)
 .debug_frame   0x00000844       0xcc lib/libhal.a(hal_blue_screen.c.obj)
 .debug_frame   0x00000910       0x20 ../../prebuilts/win32/gcc-arm-none-eabi/bin/../lib/gcc/arm-none-eabi/7.2.1/thumb/v7-ar/fpv3/hard/libgcc.a(_udivsi3.o)
