Archive member included to satisfy reference by file (symbol)

lib/libbootloader.a(boot_platform_8910.c.obj)
                              (--whole-archive)
lib/libbootloader.a(boot_secure.c.obj)
                              (--whole-archive)
lib/libbootloader.a(boot_entry_v7a.S.obj)
                              (--whole-archive)
lib/libbootloader.a(boot_sffs_port.c.obj)
                              (--whole-archive)
lib/libbootloader.a(boot_stub.c.obj)
                              (--whole-archive)
lib/libbootloader.a(boot_delay.c.obj)
                              (--whole-archive)
lib/libbootloader.a(boot_mem.c.obj)
                              (--whole-archive)
lib/libbootloader.a(boot_spi_flash.c.obj)
                              (--whole-archive)
lib/libbootloader.a(boot_debuguart.c.obj)
                              (--whole-archive)
lib/libbootloader.a(boot_trace.c.obj)
                              (--whole-archive)
lib/libbootloader.a(boot_fdl.c.obj)
                              (--whole-archive)
lib/libbootloader.a(boot_fdl_dnld.c.obj)
                              (--whole-archive)
lib/libbootloader.a(boot_aes.c.obj)
                              (--whole-archive)
lib/libbootloader.a(boot_vfs.c.obj)
                              (--whole-archive)
lib/libbootloader.a(boot_irq.c.obj)
                              (--whole-archive)
lib/libbootloader.a(boot_timer.c.obj)
                              (--whole-archive)
lib/libbootloader.a(boot_uart.c.obj)
                              (--whole-archive)
lib/libbootloader.a(boot_uart_cmn.c.obj)
                              (--whole-archive)
lib/libbootloader.a(boot_mmu.c.obj)
                              (--whole-archive)
lib/libbootloader.a(boot_uimage.c.obj)
                              (--whole-archive)
lib/libbootloader.a(boot_udc.c.obj)
                              (--whole-archive)
lib/libbootloader.a(boot_usb_fdl_channel.c.obj)
                              (--whole-archive)
lib/libbootloader.a(boot_pdl.c.obj)
                              (--whole-archive)
lib/libbootloader.a(boot_pdl_uimage.c.obj)
                              (--whole-archive)
lib/libhal.a(hal_clock_init.c.obj)
                              components/bootloader/CMakeFiles/boot2.dir/boot/boot2_start_8910.c.obj (halRamInit)
lib/libhal.a(hal_chip_8910.c.obj)
                              lib/libbootloader.a(boot_usb_fdl_channel.c.obj) (osiDCacheClean)
lib/libhal.a(hal_pmu_8910.c.obj)
                              lib/libbootloader.a(boot_fdl_dnld.c.obj) (halPmuExtFlashPowerOn)
lib/libhal.a(hal_efuse_8910.c.obj)
                              lib/libbootloader.a(boot_secure.c.obj) (halEfuseOpen)
lib/libhal.a(hal_delay.c.obj)
                              components/bootloader/CMakeFiles/boot2.dir/boot/boot2_start_8910.c.obj (osiDelayUS)
lib/libhal.a(hal_iomux.c.obj)
                              lib/libhal.a(hal_chip_8910.c.obj) (halIomuxSetFunction)
lib/libhal.a(hal_reg_apply.c.obj)
                              lib/libhal.a(hal_clock_init.c.obj) (halApplyRegisters)
lib/libhal.a(hal_chip.c.obj)  lib/libbootloader.a(boot_uart.c.obj) (halCalcDivider20)
lib/libhal.a(hal_adi_bus.c.obj)
                              components/bootloader/CMakeFiles/boot2.dir/boot/boot2_start_8910.c.obj (halAdiBusInit)
lib/libhal.a(hal_hwspinlock.c.obj)
                              lib/libhal.a(hal_efuse_8910.c.obj) (halHwspinlockAcquire)
lib/libhal.a(hal_spi_flash.c.obj)
                              lib/libbootloader.a(boot_spi_flash.c.obj) (halSpiFlashPageProgram)
lib/libhal.a(hal_blue_screen.c.obj)
                              lib/libbootloader.a(boot_platform_8910.c.obj) (halBlueScreenSaveContext)
lib/libosi_lib.a(osi_log.c.obj)
                              components/bootloader/CMakeFiles/boot2.dir/boot/boot2_start_8910.c.obj (osiTraceBasic)
lib/libosi_lib.a(osi_fifo.c.obj)
                              lib/libbootloader.a(boot_usb_fdl_channel.c.obj) (osiFifoInit)
lib/libfupdate_core.a(fupdate_bootloader.c.obj)
                              components/bootloader/CMakeFiles/boot2.dir/boot/boot2_start_8910.c.obj (fupdateRun)
lib/libfupdate_core.a(fupdate_common.c.obj)
                              lib/libfupdate_core.a(fupdate_bootloader.c.obj) (fupdateBlockedFname)
lib/libfsmount.a(fs_mount.c.obj)
                              lib/libbootloader.a(boot_fdl_dnld.c.obj) (fsMountFsPath)
lib/libsffs_core.a(sffs.c.obj)
                              lib/libbootloader.a(boot_vfs.c.obj) (sffsMount)
lib/libsffs_core.a(lzmar.c.obj)
                              lib/libfupdate_core.a(fupdate_bootloader.c.obj) (lzmarCompress)
lib/libsffs_core.a(LzmaEnc.c.obj)
                              lib/libsffs_core.a(lzmar.c.obj) (LzmaEncode)
lib/libsffs_core.a(LzmaDec.c.obj)
                              lib/libsffs_core.a(lzmar.c.obj) (LzmaDecode2)
lib/libsffs_core.a(LzFind.c.obj)
                              lib/libsffs_core.a(LzmaEnc.c.obj) (MatchFinder_Construct)
lib/libbdev.a(block_device.c.obj)
[...]
Memory Configuration

Name             Origin             Length             Attributes
sram             0x00810040         0x0002ffc0         xrw
*default*        0x00000000         0xffffffff

Linker script and memory map

LOAD components/bootloader/CMakeFiles/boot2.dir/boot/boot2_start_8910.c.obj
LOAD lib/libbootloader.a
START GROUP
LOAD lib/libhal.a
LOAD lib/libosi_lib.a
LOAD lib/libfupdate_core.a
LOAD lib/libfsmount.a
LOAD lib/libsffs_core.a
LOAD lib/libbdev.a
LOAD lib/libbdev_core.a
LOAD lib/libboot_ex_ql.a
END GROUP
LOAD ../../components/newlib/armca5/libc.a
LOAD ../../prebuilts/win32/gcc-arm-none-eabi/bin/../lib/gcc/arm-none-eabi/7.2.1/thumb/v7-ar/fpv3/hard/libgcc.a
LOAD lib/libboot_ex_fat.a
LOAD lib/libboot_ex_sdmmc.a
LOAD lib/libboot_ex_spi6nor.a
LOAD lib/libboot_ex_ql_pin.a
LOAD ../../components/libs/boot_encrypt/libboot_encrypt.a
LOAD lib/libcalclib.a
LOAD lib/libdriver.a
LOAD lib/libhal_prop.a
LOAD lib/liboql_core_boot_virt_func.a
LOAD lib/libfs_partinfo.a

.text           0x00810040     0xe700
                0x00810040                __text_start = .
 *(BOOT_ENTRY)
 BOOT_ENTRY     0x00810040      0x184 lib/libbootloader.a(boot_entry_v7a.S.obj)
                0x008100f0                bootEntry
                0x0081015c                bootJumpImageEntry
 SORT_BY_NAME(*)(.sramboottext .sramboottext.*)
 .sramboottext  0x008101c4       0x6c lib/libhal.a(hal_delay.c.obj)
                0x008101c4                osiDelayLoops
                0x008101d0                osiDelayUS
                0x008101f0                osiDebugEvent
                0x00810224                osiHWTick16K
 .sramboottext  0x00810230       0x56 lib/libhal.a(hal_reg_apply.c.obj)
                0x00810230                halApplyRegisters
                0x00810262                halApplyRegisterList
 SORT_BY_NAME(*)(.sramtext .sramtext.*)
 .sramtext      0x00810286       0x1e lib/libhal.a(hal_chip_8910.c.obj)
                0x00810286                uxPortSetInterruptMaskFromISR
                0x00810286                vPortDisableInterrupts
                0x00810286                uxPortEnterCritical
                0x00810286                osiEnterCritical
                0x00810286                osiIrqSave
                0x00810296                osiExitCritical
                0x00810296                osiIrqRestore
                0x00810296                vPortExitCritical
                0x00810296                vPortClearInterruptMaskFromISR
 SORT_BY_NAME(*)(.ramtext .ramtext.*)
 .ramtext.flashhal.973
                0x008102a4       0xe4 lib/libhal.a(hal_spi_flash.c.obj)
                0x008102a4                halSpiFlashCmd
 .ramtext.flashhal.245
                0x00810388       0x20 lib/libhal.a(hal_spi_flash.c.obj)
 .ramtext.flashhal.313
                0x008103a8       0x14 lib/libhal.a(hal_spi_flash.c.obj)
 .ramtext.flashhal.329
                0x008103bc       0x24 lib/libhal.a(hal_spi_flash.c.obj)
 .ramtext.flashhal.227
                0x008103e0       0x12 lib/libhal.a(hal_spi_flash.c.obj)
 .ramtext.flashhal.346
                0x008103f2       0x18 lib/libhal.a(hal_spi_flash.c.obj)
 .ramtext.flashhal.460
                0x0081040a        0xc lib/libhal.a(hal_spi_flash.c.obj)
                0x0081040a                halSpiFlashPageProgram
 .ramtext.flashhal.239
                0x00810416       0x16 lib/libhal.a(hal_spi_flash.c.obj)
 .ramtext.flashhal.493
                0x0081042c        0xa lib/libhal.a(hal_spi_flash.c.obj)
 .ramtext.flashhal.482
                0x00810436        0xa lib/libhal.a(hal_spi_flash.c.obj)
 .ramtext.flashhal.471
                0x00810440        0xa lib/libhal.a(hal_spi_flash.c.obj)
 .ramtext.flashhal.891
                0x0081044a       0x1a lib/libhal.a(hal_spi_flash.c.obj)
                0x0081044a                halSpiFlashErase
 .ramtext.flashhal.397
                0x00810464       0x24 lib/libhal.a(hal_spi_flash.c.obj)
 .ramtext.flashhal.370
                0x00810488       0x64 lib/libhal.a(hal_spi_flash.c.obj)
 .ramtext.flashhal.439
                0x008104ec       0x54 lib/libhal.a(hal_spi_flash.c.obj)
                0x008104ec                halSpiFlashFinishEraseProgram
 .ramtext.flashhal.1052
                0x00810540        0xa lib/libhal.a(hal_spi_flash.c.obj)
                0x00810540                halSpiFlashWriteEnable
 *fill*         0x0081054a        0x2 
 .ramtext.flashhal.414
                0x0081054c      0x130 lib/libhal.a(hal_spi_flash.c.obj)
                0x0081054c                halSpiFlashPrepareEraseProgram
 .ramtext.flashhal.1060
                0x0081067c        0xa lib/libhal.a(hal_spi_flash.c.obj)
                0x0081067c                halSpiFlashWriteDisable
 .ramtext.flashhal.1068
                0x00810686        0xa lib/libhal.a(hal_spi_flash.c.obj)
                0x00810686                halSpiFlashResetEnable
 .ramtext.flashhal.1076
                0x00810690        0xa lib/libhal.a(hal_spi_flash.c.obj)
                0x00810690                halSpiFlashReset
 .ramtext.flashhal.1084
                0x0081069a       0x1a lib/libhal.a(hal_spi_flash.c.obj)
                0x0081069a                halSpiFlashReadSR
 .ramtext.flashhal.1120
                0x008106b4       0x26 lib/libhal.a(hal_spi_flash.c.obj)
                0x008106b4                halSpiFlashIsWipFinished
 .ramtext.flashhal.1133
                0x008106da       0x10 lib/libhal.a(hal_spi_flash.c.obj)
                0x008106da                halSpiFlashWaitWipFinish
 .ramtext.flashhal.1092
                0x008106ea       0x6c lib/libhal.a(hal_spi_flash.c.obj)
                0x008106ea                halSpiFlashWriteSR
 .ramtext.flashhal.1222
                0x00810756      0x116 lib/libhal.a(hal_spi_flash.c.obj)
                0x00810756                halSpiFlashStatusCheck
 .ramtext.flashhal.1331
                0x0081086c      0x10c lib/libhal.a(hal_spi_flash.c.obj)
                0x0081086c                halSpiFlashInit
 .ramtext.flashhal.103
                0x00810978       0x44 lib/libhal.a(hal_spi_flash.c.obj)
 .ramtext.flashhal.126
                0x008109bc       0x44 lib/libhal.a(hal_spi_flash.c.obj)
 .ramtext.flashhal.149
                0x00810a00       0x44 lib/libhal.a(hal_spi_flash.c.obj)
 .ramtext.flashhal.172
                0x00810a44       0x3c lib/libhal.a(hal_spi_flash.c.obj)
 .ramtext.flashhal.63
                0x00810a80       0x34 lib/libhal.a(hal_spi_flash.c.obj)
 .ramtext.flashhal.82
                0x00810ab4       0x3c lib/libhal.a(hal_spi_flash.c.obj)
 .ramtext.osi_log.423
                0x00810af0       0xa8 lib/libosi_lib.a(osi_log.c.obj)
 .ramtext.osi_log.450
                0x00810b98       0x88 lib/libosi_lib.a(osi_log.c.obj)
 .ramtext.osi_log.518
                0x00810c20       0x24 lib/libosi_lib.a(osi_log.c.obj)
                0x00810c20                osiTraceBasic
 .ramtext.osi_log.532
                0x00810c44       0x24 lib/libosi_lib.a(osi_log.c.obj)
                0x00810c44                osiTraceIdBasic
 SORT_BY_NAME(*)(.text .text.* .gnu.linkonce.t.* .rdata .rodata .rodata.* .rodata1 .gnu.linkonce.r.*)
 .text.memcmp   0x00810c68       0x5c ../../components/newlib/armca5/libc.a(lib_a-memcmp.o)
                0x00810c68                memcmp
 .text.memcpy   0x00810cc4       0xc8 ../../components/newlib/armca5/libc.a(lib_a-memcpy-stub.o)
                0x00810cc4                memcpy
 .text.memmove  0x00810d8c       0xd4 ../../components/newlib/armca5/libc.a(lib_a-memmove.o)
                0x00810d8c                memmove
 .text.memset   0x00810e60       0xa8 ../../components/newlib/armca5/libc.a(lib_a-memset.o)
                0x00810e60                memset
 .text.strchr   0x00810f08       0xd0 ../../components/newlib/armca5/libc.a(lib_a-strchr.o)
                0x00810f08                strchr
 .text.strcpy   0x00810fd8       0xc4 ../../components/newlib/armca5/libc.a(lib_a-strcpy.o)
                0x00810fd8                strcpy
 .text.strdup   0x0081109c       0x10 ../../components/newlib/armca5/libc.a(lib_a-strdup.o)
                0x0081109c                strdup
 .text._strdup_r
                0x008110ac       0x24 ../../components/newlib/armca5/libc.a(lib_a-strdup_r.o)
                0x008110ac                _strdup_r
 *fill*         0x008110d0       0x30 
 .text          0x00811100       0xdc ../../components/newlib/armca5/libc.a(lib_a-strlen.o)
                0x00811100                strlen
 .text.strncmp  0x008111dc       0x84 ../../components/newlib/armca5/libc.a(lib_a-strncmp.o)
                0x008111dc                strncmp
 .text.strrchr  0x00811260       0x24 ../../components/newlib/armca5/libc.a(lib_a-strrchr.o)
                0x00811260                strrchr
 *fill*         0x00811284        0x4 
 .text          0x00811288      0x2b0 ../../prebuilts/win32/gcc-arm-none-eabi/bin/../lib/gcc/arm-none-eabi/7.2.1/thumb/v7-ar/fpv3/hard/libgcc.a(_divsi3.o)
                0x00811288                __divsi3
                0x00811288                __aeabi_idiv
                0x0081151c                __aeabi_idivmod
 .text          0x00811538        0x4 ../../prebuilts/win32/gcc-arm-none-eabi/bin/../lib/gcc/arm-none-eabi/7.2.1/thumb/v7-ar/fpv3/hard/libgcc.a(_dvmd_tls.o)
                0x00811538                __aeabi_idiv0
                0x00811538                __aeabi_ldiv0
 *fill*         0x0081153c        0x4 
 .text          0x00811540      0x278 ../../prebuilts/win32/gcc-arm-none-eabi/bin/../lib/gcc/arm-none-eabi/7.2.1/thumb/v7-ar/fpv3/hard/libgcc.a(_udivsi3.o)
                0x00811540                __aeabi_uidiv
                0x00811540                __udivsi3
                0x0081179c                __aeabi_uidivmod
 .text.prvFirmwareUpdateProgress
                0x008117b8       0x20 components/bootloader/CMakeFiles/boot2.dir/boot/boot2_start_8910.c.obj
 .text.bootStart
                0x008117d8      0x38c components/bootloader/CMakeFiles/boot2.dir/boot/boot2_start_8910.c.obj
                0x008117d8                bootStart
 .rodata.bootStart.str1.1
                0x00811b64       0xf7 components/bootloader/CMakeFiles/boot2.dir/boot/boot2_start_8910.c.obj
 .rodata.prvFirmwareUpdateProgress.str1.1
                0x00811c5b       0x15 components/bootloader/CMakeFiles/boot2.dir/boot/boot2_start_8910.c.obj
 .text.blockDeviceRead
                0x00811c70        0xc lib/libbdev.a(block_device.c.obj)
                0x00811c70                blockDeviceRead
 .text.blockDeviceWrite
                0x00811c7c        0xc lib/libbdev.a(block_device.c.obj)
                0x00811c7c                blockDeviceWrite
 .text.blockDeviceErase
                0x00811c88        0xc lib/libbdev.a(block_device.c.obj)
                0x00811c88                blockDeviceErase
 .text.blockDeviceDestroy
                0x00811c94        0x8 lib/libbdev.a(block_device.c.obj)
                0x00811c94                blockDeviceDestroy
 .text._destroy
                0x00811c9c        0x4 lib/libbdev.a(partition_block_device.c.obj)
 .text._erase   0x00811ca0       0x14 lib/libbdev.a(partition_block_device.c.obj)
 .text._write   0x00811cb4       0x14 lib/libbdev.a(partition_block_device.c.obj)
 .text._read    0x00811cc8       0x14 lib/libbdev.a(partition_block_device.c.obj)
 .text.partBlockDeviceCreate
                0x00811cdc       0x78 lib/libbdev.a(partition_block_device.c.obj)
                0x00811cdc                partBlockDeviceCreate
 .text.prvDestroy
                0x00811d54       0x1c lib/libbdev_core.a(flash_block_device_v2.c.obj)
 .text.prvStat  0x00811d70       0x64 lib/libbdev_core.a(flash_block_device_v2.c.obj)
 .text.prvPbGetStatus.isra.8
                0x00811dd4       0x14 lib/libbdev_core.a(flash_block_device_v2.c.obj)
 .text.prvEbFindGcTo
                0x00811de8       0x56 lib/libbdev_core.a(flash_block_device_v2.c.obj)
 .text.prvPbSetStatus.isra.9
                0x00811e3e       0x2e lib/libbdev_core.a(flash_block_device_v2.c.obj)
 .text.prvFlashWrite
                0x00811e6c       0x3c lib/libbdev_core.a(flash_block_device_v2.c.obj)
 .text.prvPbDelete
                0x00811ea8       0x1e lib/libbdev_core.a(flash_block_device_v2.c.obj)
 .text.prvErase
                0x00811ec6       0x72 lib/libbdev_core.a(flash_block_device_v2.c.obj)
 .text.prvFlashWriteCheck
                0x00811f38       0x28 lib/libbdev_core.a(flash_block_device_v2.c.obj)
 .text.prvFlashRead
                0x00811f60       0x44 lib/libbdev_core.a(flash_block_device_v2.c.obj)
 .text.prvPbReadTail
                0x00811fa4        0xe lib/libbdev_core.a(flash_block_device_v2.c.obj)
 .text.prvRead  0x00811fb2       0x7e lib/libbdev_core.a(flash_block_device_v2.c.obj)
 .text.prvPbMemCalcCrc.isra.13
                0x00812030       0x1c lib/libbdev_core.a(flash_block_device_v2.c.obj)
 .text.prvPbReadStatus
                0x0081204c       0xa8 lib/libbdev_core.a(flash_block_device_v2.c.obj)
 .text.prvSetGeom
                0x008120f4       0xbe lib/libbdev_core.a(flash_block_device_v2.c.obj)
 *fill*         0x008121b2        0x2 
 .text.prvScan  0x008121b4      0x228 lib/libbdev_core.a(flash_block_device_v2.c.obj)
 .text.prvWrite
                0x008123dc      0x34c lib/libbdev_core.a(flash_block_device_v2.c.obj)
 .text.flashBlockDeviceCreateV2
                0x00812728       0xfc lib/libbdev_core.a(flash_block_device_v2.c.obj)
                0x00812728                flashBlockDeviceCreateV2
 .text.flashBlockDeviceFormatV2
                0x00812824       0x70 lib/libbdev_core.a(flash_block_device_v2.c.obj)
                0x00812824                flashBlockDeviceFormatV2
 .rodata.gFbdev2Ops
                0x00812894       0x14 lib/libbdev_core.a(flash_block_device_v2.c.obj)
 .text.disk_initialize
                0x008128a8        0x4 lib/libboot_ex_fat.a(diskio.c.obj)
                0x008128a8                disk_initialize
 .text.disk_readp
                0x008128ac        0x4 lib/libboot_ex_fat.a(diskio.c.obj)
                0x008128ac                disk_readp
 .text.clust2sect
                0x008128b0       0x20 lib/libboot_ex_fat.a(pff.c.obj)
 .text.dir_rewind
                0x008128d0       0x30 lib/libboot_ex_fat.a(pff.c.obj)
 .text.get_fat  0x00812900       0x4c lib/libboot_ex_fat.a(pff.c.obj)
 .text.check_fs
                0x0081294c       0x44 lib/libboot_ex_fat.a(pff.c.obj)
 .text.ff_convert
                0x00812990       0x38 lib/libboot_ex_fat.a(pff.c.obj)
                0x00812990                ff_convert
 .text.pf_mount
                0x008129c8      0x164 lib/libboot_ex_fat.a(pff.c.obj)
                0x008129c8                pf_mount
 .text.pf_open  0x00812b2c      0x484 lib/libboot_ex_fat.a(pff.c.obj)
                0x00812b2c                pf_open
 .text.pf_read  0x00812fb0       0xcc lib/libboot_ex_fat.a(pff.c.obj)
                0x00812fb0                pf_read
 .rodata.LfnOfs
                0x0081307c        0xd lib/libboot_ex_fat.a(pff.c.obj)
 *fill*         0x00813089        0x1 
 .rodata.Tbl    0x0081308a      0x100 lib/libboot_ex_fat.a(pff.c.obj)
 .rodata.pf_mount.str1.1
                0x0081318a        0xd lib/libboot_ex_fat.a(pff.c.obj)
 .rodata.pf_open.str1.1
                0x00813197       0x24 lib/libboot_ex_fat.a(pff.c.obj)
 *fill*         0x008131bb        0x1 
 .text.quec_blockDeviceRead
                0x008131bc       0x18 lib/libboot_ex_fat.a(quec_boot_block_device.c.obj)
                0x008131bc                quec_blockDeviceRead
 .text.ql_boot_fat_disk_read
                0x008131d4       0x38 lib/libboot_ex_fat.a(quec_boot_pff.c.obj)
                0x008131d4                ql_boot_fat_disk_read
 .text.quec_pfats_file_size
                0x0081320c        0xc lib/libboot_ex_fat.a(quec_boot_pff.c.obj)
                0x0081320c                quec_pfats_file_size
 .text.quec_get_real_path
                0x00813218       0x28 lib/libboot_ex_fat.a(quec_boot_pff.c.obj)
                0x00813218                quec_get_real_path
 .rodata.__FUNCTION__.7447
                0x00813240       0x13 lib/libboot_ex_fat.a(quec_boot_pff.c.obj)
 .rodata.quec_get_real_path.str1.1
                0x00813253       0x1e lib/libboot_ex_fat.a(quec_boot_pff.c.obj)
 *fill*         0x00813271        0x3 
 .text.quec_boot_open_file
                0x00813274       0x64 lib/libboot_ex_fat.a(quec_boot_vfs.c.obj)
                0x00813274                quec_boot_open_file
 .text.quec_bootVfsOpen
                0x008132d8       0x44 lib/libboot_ex_fat.a(quec_boot_vfs.c.obj)
                0x008132d8                quec_bootVfsOpen
 .text.quec_bootVfsRead
                0x0081331c       0x50 lib/libboot_ex_fat.a(quec_boot_vfs.c.obj)
                0x0081331c                quec_bootVfsRead
 .text.quec_bootVfsClose
                0x0081336c       0x20 lib/libboot_ex_fat.a(quec_boot_vfs.c.obj)
                0x0081336c                quec_bootVfsClose
 .text.quec_bootVfsFileSize
                0x0081338c       0x28 lib/libboot_ex_fat.a(quec_boot_vfs.c.obj)
                0x0081338c                quec_bootVfsFileSize
 .rodata.__FUNCTION__.9919
                0x008133b4       0x14 lib/libboot_ex_fat.a(quec_boot_vfs.c.obj)
 .rodata.__FUNCTION__.9931
                0x008133c8       0x11 lib/libboot_ex_fat.a(quec_boot_vfs.c.obj)
 .rodata.quec_bootVfsRead.str1.1
                0x008133d9       0x2c lib/libboot_ex_fat.a(quec_boot_vfs.c.obj)
 .rodata.quec_boot_open_file.str1.1
                0x00813405       0x3e lib/libboot_ex_fat.a(quec_boot_vfs.c.obj)
 *fill*         0x00813443        0x1 
 .text.quec_check_path_type
                0x00813444       0x5c lib/libboot_ex_ql.a(quec_boot_fota.c.obj)
                0x00813444                quec_check_path_type
 .text.prvQuec_Load_Fota_nv_Cfg
                0x008134a0       0x7c lib/libboot_ex_ql.a(quec_boot_fota.c.obj)
                0x008134a0                prvQuec_Load_Fota_nv_Cfg
 .text.quec_boot_fota_init
                0x0081351c       0x80 lib/libboot_ex_ql.a(quec_boot_fota.c.obj)
                0x0081351c                quec_boot_fota_init
 .rodata.__FUNCTION__.9606
                0x0081359c       0x19 lib/libboot_ex_ql.a(quec_boot_fota.c.obj)
 .rodata.prvQuec_Load_Fota_nv_Cfg.str1.1
                0x008135b5       0xd6 lib/libboot_ex_ql.a(quec_boot_fota.c.obj)
 .rodata.quec_boot_fota_init.str1.1
                0x0081368b       0x4b lib/libboot_ex_ql.a(quec_boot_fota.c.obj)
 .rodata.quec_check_path_type.str1.1
                0x008136d6       0x16 lib/libboot_ex_ql.a(quec_boot_fota.c.obj)
 .text.quec_boot_sdmmc_IfcChannelInit
                0x008136ec       0x14 lib/libboot_ex_sdmmc.a(quec_boot_ifc.c.obj)
                0x008136ec                quec_boot_sdmmc_IfcChannelInit
 .text.bootdrvIfcRequestChannel
                0x00813700       0x44 lib/libboot_ex_sdmmc.a(quec_boot_ifc.c.obj)
                0x00813700                drvIfcRequestChannel
                0x00813700                bootdrvIfcRequestChannel
 .text.bootdrvIfcFlush
                0x00813744        0xa lib/libboot_ex_sdmmc.a(quec_boot_ifc.c.obj)
                0x00813744                bootdrvIfcFlush
                0x00813744                drvIfcFlush
 .text.bootdrvIfcStart
                0x0081374e       0x2e lib/libboot_ex_sdmmc.a(quec_boot_ifc.c.obj)
                0x0081374e                drvIfcStart
                0x0081374e                bootdrvIfcStart
 .rodata.bootdrvIfcRequestChannel.str1.1
                0x0081377c       0x26 lib/libboot_ex_sdmmc.a(quec_boot_ifc.c.obj)
 *fill*         0x008137a2        0x2 
 .rodata.gIfcDescs
                0x008137a4       0x20 lib/libboot_ex_sdmmc.a(quec_boot_ifc.c.obj)
 .text.prvSdmmcSetClk
                0x008137c4       0x40 lib/libboot_ex_sdmmc.a(quec_boot_sdmmc.c.obj)
 .text.prvSdmmcWaitCmdDone
                0x00813804       0x2c lib/libboot_ex_sdmmc.a(quec_boot_sdmmc.c.obj)
 .text.prvSdmmcWaitCmdResp
                0x00813830       0x2e lib/libboot_ex_sdmmc.a(quec_boot_sdmmc.c.obj)
 *fill*         0x0081385e        0x2 
 .text.prvSdmmcCommand
                0x00813860      0x234 lib/libboot_ex_sdmmc.a(quec_boot_sdmmc.c.obj)
 .text.quec_bootPmuSwitchPowerSD
                0x00813a94       0x34 lib/libboot_ex_sdmmc.a(quec_boot_sdmmc.c.obj)
                0x00813a94                quec_bootPmuSwitchPowerSD
 .text.bootdrvSdmmcCreate
                0x00813ac8       0x9c lib/libboot_ex_sdmmc.a(quec_boot_sdmmc.c.obj)
                0x00813ac8                bootdrvSdmmcCreate
                0x00813ac8                drvSdmmcCreate
 .text.bootdrvSdmmcRead
                0x00813b64      0x110 lib/libboot_ex_sdmmc.a(quec_boot_sdmmc.c.obj)
                0x00813b64                drvSdmmcRead
                0x00813b64                bootdrvSdmmcRead
 .text.quec_boot_sdmmc_read
                0x00813c74       0x6c lib/libboot_ex_sdmmc.a(quec_boot_sdmmc.c.obj)
                0x00813c74                quec_boot_sdmmc_read
 .text.bootdrvSdmmcOpen
                0x00813ce0      0x270 lib/libboot_ex_sdmmc.a(quec_boot_sdmmc.c.obj)
                0x00813ce0                drvSdmmcOpen
                0x00813ce0                bootdrvSdmmcOpen
 .text.bootdrvSdmmcClose
                0x00813f50       0x16 lib/libboot_ex_sdmmc.a(quec_boot_sdmmc.c.obj)
                0x00813f50                bootdrvSdmmcClose
                0x00813f50                drvSdmmcClose
 .text.bootdrvSdmmcDestroy
                0x00813f66       0x12 lib/libboot_ex_sdmmc.a(quec_boot_sdmmc.c.obj)
                0x00813f66                bootdrvSdmmcDestroy
                0x00813f66                drvSdmmcDestroy
 .text.quec_boot_sdmmc_destroy
                0x00813f78       0x1c lib/libboot_ex_sdmmc.a(quec_boot_sdmmc.c.obj)
                0x00813f78                quec_boot_sdmmc_destroy
 .text.quec_boot_sdmmc_init
                0x00813f94       0xa8 lib/libboot_ex_sdmmc.a(quec_boot_sdmmc.c.obj)
                0x00813f94                quec_boot_sdmmc_init
 .rodata.__FUNCTION__.48016
                0x0081403c       0x11 lib/libboot_ex_sdmmc.a(quec_boot_sdmmc.c.obj)
 .rodata.__FUNCTION__.48038
                0x0081404d       0x15 lib/libboot_ex_sdmmc.a(quec_boot_sdmmc.c.obj)
 .rodata.__FUNCTION__.48043
                0x00814062       0x15 lib/libboot_ex_sdmmc.a(quec_boot_sdmmc.c.obj)
 .rodata.bootdrvSdmmcOpen.str1.1
                0x00814077       0x47 lib/libboot_ex_sdmmc.a(quec_boot_sdmmc.c.obj)
 .rodata.quec_boot_sdmmc_init.str1.1
                0x008140be       0xaf lib/libboot_ex_sdmmc.a(quec_boot_sdmmc.c.obj)
 .rodata.quec_boot_sdmmc_read.str1.1
                0x0081416d       0x20 lib/libboot_ex_sdmmc.a(quec_boot_sdmmc.c.obj)
 *fill*         0x0081418d        0x3 
 .text.quec_boot_set_lcd_power_domain
                0x00814190       0x40 lib/libboot_ex_spi6nor.a(quec_boot_pin_power_domain.c.obj)
 .text.ql_boot_set_power_domain
                0x008141d0       0x2a lib/libboot_ex_spi6nor.a(quec_boot_pin_power_domain.c.obj)
                0x008141d0                ql_boot_set_power_domain
 *fill*         0x008141fa        0x2 
 .text.ql_set_spi6_ext_nor_flash_status
                0x008141fc        0xc lib/libboot_ex_spi6nor.a(quec_spi6_ext_norflash_cfg.c.obj)
                0x008141fc                ql_set_spi6_ext_nor_flash_status
 .text.ql_get_spi6_ext_nor_status
                0x00814208        0xc lib/libboot_ex_spi6nor.a(quec_spi6_ext_norflash_cfg.c.obj)
                0x00814208                ql_get_spi6_ext_nor_status
 .text.quec_set_spi6_ext_nor_flash_capacity
                0x00814214       0x94 lib/libboot_ex_spi6nor.a(quec_spi6_ext_norflash_cfg.c.obj)
                0x00814214                quec_set_spi6_ext_nor_flash_capacity
 .text.quec_spi6_ext_nor_flash_mount
                0x008142a8       0x74 lib/libboot_ex_spi6nor.a(quec_spi6_ext_norflash_cfg.c.obj)
                0x008142a8                quec_spi6_ext_nor_flash_mount
 .text.quec_boot_spi6_pin_init
                0x0081431c       0xd8 lib/libboot_ex_spi6nor.a(quec_spi6_ext_norflash_cfg.c.obj)
                0x0081431c                quec_boot_spi6_pin_init
 .text.quec_boot_spi6_ext_norflash_gpio_init
                0x008143f4        0xc lib/libboot_ex_spi6nor.a(quec_spi6_ext_norflash_cfg.c.obj)
                0x008143f4                quec_boot_spi6_ext_norflash_gpio_init
 .text.quec_boot_spi6_ext_norflash_init
                0x00814400       0x38 lib/libboot_ex_spi6nor.a(quec_spi6_ext_norflash_cfg.c.obj)
                0x00814400                quec_boot_spi6_ext_norflash_init
 .text.quec_boot_get_spi6_ext_norflash_gpio_default_fuction
                0x00814438       0x5c lib/libboot_ex_spi6nor.a(quec_spi6_ext_norflash_cfg.c.obj)
                0x00814438                quec_boot_get_spi6_ext_norflash_gpio_default_fuction
 .rodata.__FUNCTION__.49244
                0x00814494       0x21 lib/libboot_ex_spi6nor.a(quec_spi6_ext_norflash_cfg.c.obj)
 .rodata.__FUNCTION__.9905
                0x008144b5       0x25 lib/libboot_ex_spi6nor.a(quec_spi6_ext_norflash_cfg.c.obj)
 .rodata.__FUNCTION__.9917
                0x008144da       0x1e lib/libboot_ex_spi6nor.a(quec_spi6_ext_norflash_cfg.c.obj)
 .rodata.quec_boot_spi6_ext_norflash_init.str1.1
                0x008144f8       0x27 lib/libboot_ex_spi6nor.a(quec_spi6_ext_norflash_cfg.c.obj)
 .rodata.quec_set_spi6_ext_nor_flash_capacity.str1.1
                0x0081451f       0x54 lib/libboot_ex_spi6nor.a(quec_spi6_ext_norflash_cfg.c.obj)
 .rodata.quec_spi6_ext_nor_flash_mount.str1.1
                0x00814573       0x2f lib/libboot_ex_spi6nor.a(quec_spi6_ext_norflash_cfg.c.obj)
 *fill*         0x008145a2        0x2 
 .text.bootDebuguartInit
                0x008145a4       0x3c lib/libbootloader.a(boot_debuguart.c.obj)
                0x008145a4                bootDebuguartInit
 .text.bootDebuguartWrite
                0x008145e0       0x34 lib/libbootloader.a(boot_debuguart.c.obj)
                0x008145e0                bootDebuguartWrite
 .text.bootDebuguartWriteAll
                0x00814614       0x2e lib/libbootloader.a(boot_debuguart.c.obj)
                0x00814614                bootDebuguartWriteAll
 .text.bootPanic
                0x00814642        0x2 lib/libbootloader.a(boot_delay.c.obj)
                0x00814642                osiPanic
                0x00814642                bootPanic
 .text.bootElapsedTimerStart
                0x00814644       0x10 lib/libbootloader.a(boot_delay.c.obj)
                0x00814644                osiElapsedTimerStart
                0x00814644                bootElapsedTimerStart
 .text.bootElapsedTime
                0x00814654       0x1c lib/libbootloader.a(boot_delay.c.obj)
                0x00814654                bootElapsedTime
                0x00814654                osiElapsedTime
 .text.bootElapsedTimeUS
                0x00814670       0x14 lib/libbootloader.a(boot_delay.c.obj)
                0x00814670                bootElapsedTimeUS
                0x00814670                osiElapsedTimeUS
 .text._fdl_read.isra.1
                0x00814684       0x2e lib/libbootloader.a(boot_fdl.c.obj)
 .text._fdl_write_all.isra.2
                0x008146b2       0x1c lib/libbootloader.a(boot_fdl.c.obj)
 .text._calc_crc16_frm
                0x008146ce       0x4e lib/libbootloader.a(boot_fdl.c.obj)
                0x008146ce                _calc_crc16_frm
 .text.fdlEngineCreate
                0x0081471c       0x34 lib/libbootloader.a(boot_fdl.c.obj)
                0x0081471c                fdlEngineCreate
 .text.fdlEngineReadRaw
                0x00814750        0xe lib/libbootloader.a(boot_fdl.c.obj)
                0x00814750                fdlEngineReadRaw
 .text.fdlEngineSendPacket
                0x0081475e      0x114 lib/libbootloader.a(boot_fdl.c.obj)
                0x0081475e                fdlEngineSendPacket
 *fill*         0x00814872        0x2 
 .text.fdlEngineSendVersion
                0x00814874       0x40 lib/libbootloader.a(boot_fdl.c.obj)
                0x00814874                fdlEngineSendVersion
 .rodata.fdlEngineCreate.str1.1
                0x008148b4       0x23 lib/libbootloader.a(boot_fdl.c.obj)
 .rodata.fdlEngineSendVersion.str1.1
                0x008148d7       0x22 lib/libbootloader.a(boot_fdl.c.obj)
 *fill*         0x008148f9        0x3 
 .text.bootIrqHandler
                0x008148fc       0x1c lib/libbootloader.a(boot_irq.c.obj)
                0x008148fc                bootIrqHandler
 .text._heap_malloc
                0x00814918       0x38 lib/libbootloader.a(boot_mem.c.obj)
 .text._heap_calloc
                0x00814950       0x26 lib/libbootloader.a(boot_mem.c.obj)
 .text._heap_free
                0x00814976       0x76 lib/libbootloader.a(boot_mem.c.obj)
 .text.bootHeapInit
                0x008149ec       0x48 lib/libbootloader.a(boot_mem.c.obj)
                0x008149ec                bootHeapInit
 .text.bootFree
                0x00814a34       0x38 lib/libbootloader.a(boot_mem.c.obj)
                0x00814a34                bootFree
 .text.bootHeapDefaultExtRam
                0x00814a6c       0x10 lib/libbootloader.a(boot_mem.c.obj)
                0x00814a6c                bootHeapDefaultExtRam
 .text.bootExtRamCalloc
                0x00814a7c       0x10 lib/libbootloader.a(boot_mem.c.obj)
                0x00814a7c                bootExtRamCalloc
 .text.malloc   0x00814a8c       0x10 lib/libbootloader.a(boot_mem.c.obj)
                0x00814a8c                malloc
 .text.calloc   0x00814a9c       0x10 lib/libbootloader.a(boot_mem.c.obj)
                0x00814a9c                calloc
 .text.free     0x00814aac        0x4 lib/libbootloader.a(boot_mem.c.obj)
                0x00814aac                free
 .text.bootMmuEnable
                0x00814ab0      0x214 lib/libbootloader.a(boot_mmu.c.obj)
                0x00814ab0                bootMmuEnable
 .text.prvPdlWriteAll.isra.1
                0x00814cc4       0x1a lib/libbootloader.a(boot_pdl.c.obj)
 .text.pdlEngineSendResp
                0x00814cde       0x38 lib/libbootloader.a(boot_pdl.c.obj)
                0x00814cde                pdlEngineSendResp
 *fill*         0x00814d16        0x2 
 .text.pdlEngineCreate
                0x00814d18       0x10 lib/libbootloader.a(boot_pdl.c.obj)
                0x00814d18                pdlEngineCreate
 .text.pdlEngineLoop
                0x00814d28       0xee lib/libbootloader.a(boot_pdl.c.obj)
                0x00814d28                pdlEngineLoop
 .text.prvPdlProcess
                0x00814e16       0xb6 lib/libbootloader.a(boot_pdl_uimage.c.obj)
 .text.prvPdlPolling
                0x00814ecc       0x22 lib/libbootloader.a(boot_pdl_uimage.c.obj)
 *fill*         0x00814eee        0x2 
 .text.pdlDnldUimage
                0x00814ef0       0x50 lib/libbootloader.a(boot_pdl_uimage.c.obj)
                0x00814ef0                pdlDnldUimage
 .text.bootReset
                0x00814f40       0x48 lib/libbootloader.a(boot_platform_8910.c.obj)
                0x00814f40                bootReset
 .text._psmPrepare
                0x00814f88      0x144 lib/libbootloader.a(boot_platform_8910.c.obj)
                0x00814f88                _psmPrepare
 .text.bootPowerOff
                0x008150cc       0x34 lib/libbootloader.a(boot_platform_8910.c.obj)
                0x008150cc                bootPowerOff
 .text.bootIsFromPsmSleep
                0x00815100       0x3c lib/libbootloader.a(boot_platform_8910.c.obj)
                0x00815100                bootIsFromPsmSleep
 .text.bootPowerOnCause
                0x0081513c       0x44 lib/libbootloader.a(boot_platform_8910.c.obj)
                0x0081513c                bootPowerOnCause
 .text.bootResetPinEnable
                0x00815180       0x44 lib/libbootloader.a(boot_platform_8910.c.obj)
                0x00815180                bootResetPinEnable
 .text.bootBlueScreen
                0x008151c4        0xc lib/libbootloader.a(boot_platform_8910.c.obj)
                0x008151c4                bootBlueScreen
 .text.prvRomHashInit
                0x008151d0       0x10 lib/libbootloader.a(boot_secure.c.obj)
 .text.prvRomHashUpdate
                0x008151e0        0xc lib/libbootloader.a(boot_secure.c.obj)
 .text.prvSecureInit
                0x008151ec       0x8c lib/libbootloader.a(boot_secure.c.obj)
 .text.prvEmbeddedSigCheck
                0x00815278      0x100 lib/libbootloader.a(boot_secure.c.obj)
 .text.bootSecureBootEnable
                0x00815378       0x28 lib/libbootloader.a(boot_secure.c.obj)
                0x00815378                bootSecureBootEnable
 .text.bootSecureUimageSigCheck
                0x008153a0       0x22 lib/libbootloader.a(boot_secure.c.obj)
                0x008153a0                bootSecureUimageSigCheck
 .rodata.prvEmbeddedSigCheck.str1.1
                0x008153c2       0x10 lib/libbootloader.a(boot_secure.c.obj)
 .text.osiMutexCreate
                0x008153d2        0x4 lib/libbootloader.a(boot_sffs_port.c.obj)
                0x008153d2                osiMutexCreate
 .text.osiMutexDelete
                0x008153d6        0x2 lib/libbootloader.a(boot_sffs_port.c.obj)
                0x008153d6                osiMutexDelete
 .text.osiMutexLock
                0x008153d8        0x2 lib/libbootloader.a(boot_sffs_port.c.obj)
                0x008153d8                osiMutexLock
 .text.osiMutexUnlock
                0x008153da        0x2 lib/libbootloader.a(boot_sffs_port.c.obj)
                0x008153da                osiMutexUnlock
 .text.drvSpiFlashOpen
                0x008153dc        0x4 lib/libbootloader.a(boot_sffs_port.c.obj)
                0x008153dc                drvSpiFlashOpen
 .text.drvSpiFlashMapAddress
                0x008153e0        0x4 lib/libbootloader.a(boot_sffs_port.c.obj)
                0x008153e0                drvSpiFlashMapAddress
 .text.drvSpiFlashWrite
                0x008153e4        0x4 lib/libbootloader.a(boot_sffs_port.c.obj)
                0x008153e4                drvSpiFlashWrite
 .text.drvSpiFlashErase
                0x008153e8        0x4 lib/libbootloader.a(boot_sffs_port.c.obj)
                0x008153e8                drvSpiFlashErase
 .text.prvErase
                0x008153ec       0x1e lib/libbootloader.a(boot_spi_flash.c.obj)
 *fill*         0x0081540a        0x2 
 .text.bootSpiFlashOpen
                0x0081540c       0x64 lib/libbootloader.a(boot_spi_flash.c.obj)
                0x0081540c                bootSpiFlashOpen
 .text.bootSpiFlashSetRangeWriteProhibit
                0x00815470       0x38 lib/libbootloader.a(boot_spi_flash.c.obj)
                0x00815470                bootSpiFlashSetRangeWriteProhibit
 .text.bootSpiFlashMapAddress
                0x008154a8        0x6 lib/libbootloader.a(boot_spi_flash.c.obj)
                0x008154a8                bootSpiFlashMapAddress
 .text.bootSpiFlashWriteNoWait
                0x008154ae       0x72 lib/libbootloader.a(boot_spi_flash.c.obj)
                0x008154ae                bootSpiFlashWriteNoWait
 .text.bootSpiFlashEraseNoWait
                0x00815520       0xb2 lib/libbootloader.a(boot_spi_flash.c.obj)
                0x00815520                bootSpiFlashEraseNoWait
 .text.bootSpiFlashErase
                0x008155d2       0x3c lib/libbootloader.a(boot_spi_flash.c.obj)
                0x008155d2                bootSpiFlashErase
 .text.bootSpiFlashWrite
                0x0081560e       0x46 lib/libbootloader.a(boot_spi_flash.c.obj)
                0x0081560e                bootSpiFlashWrite
 .rodata.bootSpiFlashOpen.str1.1
                0x00815654       0x20 lib/libbootloader.a(boot_spi_flash.c.obj)
 .text.osiPmSourceCreate
                0x00815674        0x8 lib/libbootloader.a(boot_stub.c.obj)
                0x00815674                osiPmSourceCreate
 .text.bootTimerISR
                0x0081567c       0x1c lib/libbootloader.a(boot_timer.c.obj)
                0x0081567c                bootTimerISR
 .text.bootTraceInit
                0x00815698       0x18 lib/libbootloader.a(boot_trace.c.obj)
                0x00815698                bootTraceInit
 .text.bootTraceBufPut
                0x008156b0        0xa lib/libbootloader.a(boot_trace.c.obj)
                0x008156b0                bootTraceBufPut
                0x008156b0                osiTraceBufPut
 .text.bootTraceBufPutMulti
                0x008156ba       0x22 lib/libbootloader.a(boot_trace.c.obj)
                0x008156ba                bootTraceBufPutMulti
                0x008156ba                osiTraceBufPutMulti
 .text.prvUartAvail
                0x008156dc        0xa lib/libbootloader.a(boot_uart.c.obj)
 .text.prvUartFlush
                0x008156e6        0x2 lib/libbootloader.a(boot_uart.c.obj)
 .text.prvUartConnected
                0x008156e8        0x4 lib/libbootloader.a(boot_uart.c.obj)
 .text.prvUartDestroy
                0x008156ec        0x4 lib/libbootloader.a(boot_uart.c.obj)
 .text.prvUartBaudSupported
                0x008156f0        0xa lib/libbootloader.a(boot_uart.c.obj)
 *fill*         0x008156fa        0x2 
 .text.bootUartSetBaud
                0x008156fc       0x24 lib/libbootloader.a(boot_uart.c.obj)
                0x008156fc                bootUartSetBaud
 .text.bootUartOpen
                0x00815720       0x94 lib/libbootloader.a(boot_uart.c.obj)
                0x00815720                bootUartOpen
 .text.prvUartSetBaud
                0x008157b4        0x6 lib/libbootloader.a(boot_uart.c.obj)
 .text.bootUartRead
                0x008157ba       0x24 lib/libbootloader.a(boot_uart.c.obj)
                0x008157ba                bootUartRead
 .text.prvUartFlushInput
                0x008157de       0x18 lib/libbootloader.a(boot_uart.c.obj)
 .text.prvUartRead
                0x008157f6        0x6 lib/libbootloader.a(boot_uart.c.obj)
 .text.bootUartWrite
                0x008157fc       0x2e lib/libbootloader.a(boot_uart.c.obj)
                0x008157fc                bootUartWrite
 .text.prvUartWrite
                0x0081582a        0x6 lib/libbootloader.a(boot_uart.c.obj)
 .text.fdlOpenUart
                0x00815830       0x70 lib/libbootloader.a(boot_uart.c.obj)
                0x00815830                fdlOpenUart
 .text.bootUimageCheck
                0x008158a0       0x64 lib/libbootloader.a(boot_uimage.c.obj)
                0x008158a0                bootUimageCheck
 .text.bootUimageEntry
                0x00815904        0xc lib/libbootloader.a(boot_uimage.c.obj)
                0x00815904                bootUimageEntry
 .text._getFileByFd
                0x00815910       0x34 lib/libbootloader.a(boot_vfs.c.obj)
 .text._getFileByPath
                0x00815944       0x70 lib/libbootloader.a(boot_vfs.c.obj)
 .text.bootVfsMount
                0x008159b4       0x6c lib/libbootloader.a(boot_vfs.c.obj)
                0x008159b4                bootVfsMount
 .text.bootVfsMountHandle
                0x00815a20       0x34 lib/libbootloader.a(boot_vfs.c.obj)
                0x00815a20                vfs_mount_handle
                0x00815a20                bootVfsMountHandle
 .text.bootVfsOpen
                0x00815a54       0x40 lib/libbootloader.a(boot_vfs.c.obj)
                0x00815a54                vfs_open
                0x00815a54                bootVfsOpen
 .text.bootVfsRead
                0x00815a94       0x36 lib/libbootloader.a(boot_vfs.c.obj)
                0x00815a94                vfs_read
                0x00815a94                bootVfsRead
 .text.bootVfsLseek
                0x00815aca       0x2e lib/libbootloader.a(boot_vfs.c.obj)
                0x00815aca                vfs_lseek
                0x00815aca                bootVfsLseek
 .text.bootVfsFstat
                0x00815af8       0x28 lib/libbootloader.a(boot_vfs.c.obj)
                0x00815af8                vfs_fstat
                0x00815af8                bootVfsFstat
 .text.bootVfsClose
                0x00815b20       0x30 lib/libbootloader.a(boot_vfs.c.obj)
                0x00815b20                vfs_close
                0x00815b20                bootVfsClose
 .text.bootVfsUnlink
                0x00815b50       0x32 lib/libbootloader.a(boot_vfs.c.obj)
                0x00815b50                bootVfsUnlink
                0x00815b50                vfs_unlink
 .text.bootVfsFileSize
                0x00815b82       0x42 lib/libbootloader.a(boot_vfs.c.obj)
                0x00815b82                vfs_file_size
                0x00815b82                bootVfsFileSize
                0x00815b82                vfs_sfile_size
 .text.bootVfsFileRead
                0x00815bc4       0x2a lib/libbootloader.a(boot_vfs.c.obj)
                0x00815bc4                vfs_sfile_read
                0x00815bc4                vfs_file_read
                0x00815bc4                bootVfsFileRead
 .text.bootVfsFileWrite
                0x00815bee       0x2c lib/libbootloader.a(boot_vfs.c.obj)
                0x00815bee                vfs_file_write
                0x00815bee                bootVfsFileWrite
 .text.bootVfsSfileInit
                0x00815c1a        0xa lib/libbootloader.a(boot_vfs.c.obj)
                0x00815c1a                bootVfsSfileInit
                0x00815c1a                vfs_sfile_init
 .text.bootVfsSfileWrite
                0x00815c24        0x4 lib/libbootloader.a(boot_vfs.c.obj)
                0x00815c24                vfs_sfile_write
                0x00815c24                bootVfsSfileWrite
 .text.bootVfsMkFilePath
                0x00815c28       0x70 lib/libbootloader.a(boot_vfs.c.obj)
                0x00815c28                vfs_mkfilepath
                0x00815c28                bootVfsMkFilePath
 .text.bootSffsMount
                0x00815c98       0x3e lib/libbootloader.a(boot_vfs.c.obj)
                0x00815c98                bootSffsMount
                0x00815c98                sffsVfsMount
 .text.bootSffsMkfs
                0x00815cd6        0xa lib/libbootloader.a(boot_vfs.c.obj)
                0x00815cd6                sffsVfsMkfs
                0x00815cd6                bootSffsMkfs
 .text.crc32Calc
                0x00815ce0       0x30 lib/libcalclib.a(crc32.c.obj)
                0x00815ce0                crc32Calc
 .text.crc32VariantInit
                0x00815d10        0x4 lib/libcalclib.a(crc32.c.obj)
                0x00815d10                crc32VariantInit
 .text.crc32VariantUpdate
                0x00815d14       0x28 lib/libcalclib.a(crc32.c.obj)
                0x00815d14                crc32VariantUpdate
 .text.crc32VariantCalc
                0x00815d3c       0x30 lib/libcalclib.a(crc32.c.obj)
                0x00815d3c                crc32VariantCalc
 .text.crc8RohcCalc
                0x00815d6c       0x28 lib/libcalclib.a(crc32.c.obj)
                0x00815d6c                crc8RohcCalc
 .rodata.gCrc8Table
                0x00815d94      0x100 lib/libcalclib.a(crc32.c.obj)
 .rodata.vds_crc32_table
                0x00815e94      0x400 lib/libcalclib.a(crc32.c.obj)
                0x00815e94                vds_crc32_table
 .text.read_int
                0x00816294       0x22 lib/libcalclib.a(decompress_unlzma.c.obj)
 .text.noerror  0x008162b6        0x2 lib/libcalclib.a(decompress_unlzma.c.obj)
 .text.nofill   0x008162b8        0x6 lib/libcalclib.a(decompress_unlzma.c.obj)
 *fill*         0x008162be        0x2 
 .text.rc_read  0x008162c0       0x2c lib/libcalclib.a(decompress_unlzma.c.obj)
 .text.rc_do_normalize
                0x008162ec       0x28 lib/libcalclib.a(decompress_unlzma.c.obj)
 .text.rc_update_bit_0
                0x00816314       0x12 lib/libcalclib.a(decompress_unlzma.c.obj)
 .text.rc_update_bit_1
                0x00816326       0x1a lib/libcalclib.a(decompress_unlzma.c.obj)
 .text.write_byte
                0x00816340       0x8c lib/libcalclib.a(decompress_unlzma.c.obj)
 .text.peek_old_byte
                0x008163cc       0x38 lib/libcalclib.a(decompress_unlzma.c.obj)
 .text.rc_is_bit_0
                0x00816404       0x28 lib/libcalclib.a(decompress_unlzma.c.obj)
 .text.rc_get_bit
                0x0081642c       0x32 lib/libcalclib.a(decompress_unlzma.c.obj)
 *fill*         0x0081645e        0x2 
 .text.lzmaDecompress
                0x00816460      0x660 lib/libcalclib.a(decompress_unlzma.c.obj)
                0x00816460                lzmaDecompress
 .text.lzmaDecompressProbe
                0x00816ac0       0x88 lib/libcalclib.a(decompress_unlzma.c.obj)
                0x00816ac0                lzmaDecompressProbe
 .text.lzmaDecompressMem
                0x00816b48       0x1e lib/libcalclib.a(decompress_unlzma.c.obj)
                0x00816b48                lzmaDecompressMem
 .rodata.lzmaDecompress.str1.1
                0x00816b66       0x40 lib/libcalclib.a(decompress_unlzma.c.obj)
 .rodata.rc_read.str1.1
                0x00816ba6        0xf lib/libcalclib.a(decompress_unlzma.c.obj)
 *fill*         0x00816bb5        0x3 
 .text.quec_fs_part_info_init
                0x00816bb8       0x10 lib/libfs_partinfo.a(fs_part_info.c.obj)
                0x00816bb8                quec_fs_part_info_init
 .text          0x00816bc8      0x160 lib/libfs_partinfo.a(partinfo.bin.S.obj)
                0x00816bc8                gPartInfo
 .text.prvFlagIgnored
                0x00816d28       0x20 lib/libfsmount.a(fs_mount.c.obj)
 .text.prvRegisterBlockDevice
                0x00816d48       0x44 lib/libfsmount.a(fs_mount.c.obj)
 .text.fsFindBlockDeviceByName
                0x00816d8c       0x18 lib/libfsmount.a(fs_mount.c.obj)
                0x00816d8c                fsFindBlockDeviceByName
 .text.prvCreateSubpart
                0x00816da4       0x64 lib/libfsmount.a(fs_mount.c.obj)
 .text.prvMountSffs
                0x00816e08       0xb4 lib/libfsmount.a(fs_mount.c.obj)
                0x00816e08                prvMountSffs
 .text.prvCreateFbdev2
                0x00816ebc       0xc0 lib/libfsmount.a(fs_mount.c.obj)
                0x00816ebc                prvCreateFbdev2
 .text.fsMountSetScenario
                0x00816f7c       0x14 lib/libfsmount.a(fs_mount.c.obj)
                0x00816f7c                fsMountSetScenario
 .text.fsMountAll
                0x00816f90      0x148 lib/libfsmount.a(fs_mount.c.obj)
                0x00816f90                fsMountAll
 .rodata.prvCreateFbdev2.str1.1
                0x008170d8       0x1d lib/libfsmount.a(fs_mount.c.obj)
 *fill*         0x008170f5        0x1 
 .text.prvProgressNone
                0x008170f6        0x2 lib/libfupdate_core.a(fupdate_bootloader.c.obj)
 .text._bulkBlockedFileAllocMem
                0x008170f8       0x50 lib/libfupdate_core.a(fupdate_bootloader.c.obj)
 .text._decompressBundle
                0x00817148       0x94 lib/libfupdate_core.a(fupdate_bootloader.c.obj)
 .text._decompBlockedFile
                0x008171dc       0x54 lib/libfupdate_core.a(fupdate_bootloader.c.obj)
 .text.fupdateRun
                0x00817230      0xd28 lib/libfupdate_core.a(fupdate_bootloader.c.obj)
                0x00817230                fupdateRun
 .rodata.fupdateRun.str1.1
                0x00817f58        0x9 lib/libfupdate_core.a(fupdate_bootloader.c.obj)
 *fill*         0x00817f61        0x1 
 .text._updateFileCrc
                0x00817f62       0x3c lib/libfupdate_core.a(fupdate_common.c.obj)
 *fill*         0x00817f9e        0x2 
 .text.fupdateBlockedFname
                0x00817fa0       0x60 lib/libfupdate_core.a(fupdate_common.c.obj)
                0x00817fa0                fupdateBlockedFname
 .text.fupdateCheckFileSizeCrc
                0x00818000       0x6c lib/libfupdate_core.a(fupdate_common.c.obj)
                0x00818000                fupdateCheckFileSizeCrc
 .text.fupdateCheckPlainFileSizeCrc
                0x0081806c       0x54 lib/libfupdate_core.a(fupdate_common.c.obj)
                0x0081806c                fupdateCheckPlainFileSizeCrc
 .text.fupdateCheckBlockedFileSizeCrc
                0x008180c0       0x92 lib/libfupdate_core.a(fupdate_common.c.obj)
                0x008180c0                fupdateCheckBlockedFileSizeCrc
 *fill*         0x00818152        0x2 
 .text.fupdateReadContext
                0x00818154       0x1c lib/libfupdate_core.a(fupdate_common.c.obj)
                0x00818154                fupdateReadContext
 .text.fupdateWriteContext
                0x00818170       0x1c lib/libfupdate_core.a(fupdate_common.c.obj)
                0x00818170                fupdateWriteContext
 .text.fupdateParseBulk
                0x0081818c      0x178 lib/libfupdate_core.a(fupdate_common.c.obj)
                0x0081818c                fupdateParseBulk
 .text.fupdateParsePack
                0x00818304       0x5e lib/libfupdate_core.a(fupdate_common.c.obj)
                0x00818304                fupdateParsePack
 .text.fupdateParseBundle
                0x00818362       0x12 lib/libfupdate_core.a(fupdate_common.c.obj)
                0x00818362                fupdateParseBundle
 .text.fupdateParseBundleData
                0x00818374       0x6a lib/libfupdate_core.a(fupdate_common.c.obj)
                0x00818374                fupdateParseBundleData
 .text.fupdateParseBlock
                0x008183de       0x18 lib/libfupdate_core.a(fupdate_common.c.obj)
                0x008183de                fupdateParseBlock
 .text.fupdateParseBlockSize
                0x008183f6       0x24 lib/libfupdate_core.a(fupdate_common.c.obj)
                0x008183f6                fupdateParseBlockSize
 .text.fupdateParsePiece
                0x0081841a       0x18 lib/libfupdate_core.a(fupdate_common.c.obj)
                0x0081841a                fupdateParsePiece
 .rodata.str1.1
                0x00818432       0x30 lib/libfupdate_core.a(fupdate_common.c.obj)
 *fill*         0x00818462        0x2 
 .text._initCfgReg
                0x00818464       0x28 lib/libhal.a(hal_adi_bus.c.obj)
                0x00818464                _initCfgReg
 .text._adiBusResume
                0x0081848c        0xa lib/libhal.a(hal_adi_bus.c.obj)
 *fill*         0x00818496        0x2 
 .text.halAdiBusInit
                0x00818498       0x1c lib/libhal.a(hal_adi_bus.c.obj)
                0x00818498                halAdiBusInit
 .text.halAdiBusRead
                0x008184b4       0x3c lib/libhal.a(hal_adi_bus.c.obj)
                0x008184b4                halAdiBusRead
 .text.halAdiBusWrite
                0x008184f0       0x2c lib/libhal.a(hal_adi_bus.c.obj)
                0x008184f0                halAdiBusWrite
 .text.halAdiBusChange
                0x0081851c       0x64 lib/libhal.a(hal_adi_bus.c.obj)
                0x0081851c                halAdiBusChange
 .rodata        0x00818580        0x4 lib/libhal.a(hal_adi_bus.c.obj)
 .rodata._adiBusPmOps
                0x00818584       0x10 lib/libhal.a(hal_adi_bus.c.obj)
 .text.halBlueScreenSaveContext
                0x00818594       0x34 lib/libhal.a(hal_blue_screen.c.obj)
                0x00818594                halBlueScreenSaveContext
 .text.halCalcDivider20
                0x008185c8       0x88 lib/libhal.a(hal_chip.c.obj)
                0x008185c8                halCalcDivider20
 .text.osiDCacheClean
                0x00818650       0x1c lib/libhal.a(hal_chip_8910.c.obj)
                0x00818650                osiDCacheClean
 .text.osiDCacheInvalidate
                0x0081866c       0x18 lib/libhal.a(hal_chip_8910.c.obj)
                0x0081866c                osiDCacheInvalidate
 .text.osiDCacheCleanInvalidateAll
                0x00818684       0xac lib/libhal.a(hal_chip_8910.c.obj)
                0x00818684                osiDCacheCleanInvalidateAll
 .text.prvRamPhyPadCfg
                0x00818730       0xb4 lib/libhal.a(hal_clock_init.c.obj)
 .text.prvRamDmcCfg
                0x008187e4       0xbc lib/libhal.a(hal_clock_init.c.obj)
 .text.prvDelayUS
                0x008188a0       0x14 lib/libhal.a(hal_clock_init.c.obj)
 .text._dmc400QosConfig
                0x008188b4      0x164 lib/libhal.a(hal_clock_init.c.obj)
 .text.halPsramPllTrainAds0
                0x00818a18       0x3c lib/libhal.a(hal_clock_init.c.obj)
 .text.halPsramPllTrainAds1
                0x00818a54       0x3c lib/libhal.a(hal_clock_init.c.obj)
 .text.halWriteDllTrain
                0x00818a90       0x40 lib/libhal.a(hal_clock_init.c.obj)
 .text.halRamInit
                0x00818ad0       0xb8 lib/libhal.a(hal_clock_init.c.obj)
                0x00818ad0                halRamInit
 .text.halClockInit
                0x00818b88      0x240 lib/libhal.a(hal_clock_init.c.obj)
                0x00818b88                halClockInit
 .rodata        0x00818dc8        0x8 lib/libhal.a(hal_clock_init.c.obj)
 .text.prvEfuseSetDouble
                0x00818dd0       0x10 lib/libhal.a(hal_efuse_8910.c.obj)
 .text.halEfuseOpen
                0x00818de0       0x60 lib/libhal.a(hal_efuse_8910.c.obj)
                0x00818de0                halEfuseOpen
 .text.halEfuseClose
                0x00818e40       0x48 lib/libhal.a(hal_efuse_8910.c.obj)
                0x00818e40                halEfuseClose
 .text.halEfuseDoubleRead
                0x00818e88       0x3c lib/libhal.a(hal_efuse_8910.c.obj)
                0x00818e88                halEfuseDoubleRead
 .text.halHwspinlockAcquire
                0x00818ec4       0x38 lib/libhal.a(hal_hwspinlock.c.obj)
                0x00818ec4                halHwspinlockAcquire
 .text.halHwspinlockRelease
                0x00818efc       0x14 lib/libhal.a(hal_hwspinlock.c.obj)
                0x00818efc                halHwspinlockRelease
 .text.halHwspinlockReleaseInCritical
                0x00818f10       0x14 lib/libhal.a(hal_hwspinlock.c.obj)
                0x00818f10                halHwspinlockReleaseInCritical
 .text.halLzmaDataSize
                0x00818f24        0xc lib/libhal.a(hal_lzma.c.obj)
                0x00818f24                halLzmaDataSize
 .text.halLzmaReset
                0x00818f30       0x30 lib/libhal.a(hal_lzma.c.obj)
                0x00818f30                halLzmaReset
 .text.halLzmaEnable
                0x00818f60       0x18 lib/libhal.a(hal_lzma.c.obj)
                0x00818f60                halLzmaEnable
 .text.halLzmaDisable
                0x00818f78       0x18 lib/libhal.a(hal_lzma.c.obj)
                0x00818f78                halLzmaDisable
 .text.halLzmaDecompressBlock
                0x00818f90       0xd0 lib/libhal.a(hal_lzma.c.obj)
                0x00818f90                halLzmaDecompressBlock
 .text.halLzmaDecompressFile
                0x00819060       0xc0 lib/libhal.a(hal_lzma.c.obj)
                0x00819060                halLzmaDecompressFile
 .text.halPmuExtFlashPowerOn
                0x00819120       0x48 lib/libhal.a(hal_pmu_8910.c.obj)
                0x00819120                halPmuExtFlashPowerOn
 .rodata.str1.1
                0x00819168       0x19 lib/libhal.a(hal_spi_flash.c.obj)
 *fill*         0x00819181        0x3 
 .text.quec_spi_flash_props_init
                0x00819184       0x20 lib/libhal_prop.a(hal_spi_flash_prop.c.obj)
                0x00819184                quec_spi_flash_props_init
 .text.prvParamCount
                0x008191a4       0x30 lib/libosi_lib.a(osi_log.c.obj)
 .text.prvParamBuf
                0x008191d4       0xc4 lib/libosi_lib.a(osi_log.c.obj)
 .text.prvTraceIdEx
                0x00819298       0xa8 lib/libosi_lib.a(osi_log.c.obj)
 .text.osiTraceIdEx
                0x00819340       0x24 lib/libosi_lib.a(osi_log.c.obj)
                0x00819340                osiTraceIdEx
 .text.osiTraceVprintf
                0x00819364      0x2a4 lib/libosi_lib.a(osi_log.c.obj)
                0x00819364                osiTraceVprintf
 .text.osiTracePrintf
                0x00819608       0x24 lib/libosi_lib.a(osi_log.c.obj)
                0x00819608                osiTracePrintf
 .rodata.parbufsize.47539
                0x0081962c       0x18 lib/libosi_lib.a(osi_log.c.obj)
 .rodata.parcount.47538
                0x00819644       0x18 lib/libosi_lib.a(osi_log.c.obj)
 .rodata.prvParamBuf.str1.1
                0x0081965c        0x7 lib/libosi_lib.a(osi_log.c.obj)
 *fill*         0x00819663        0x1 
 .text.MatchFinder_GetPointerToCurrentPos
                0x00819664        0x4 lib/libsffs_core.a(LzFind.c.obj)
                0x00819664                MatchFinder_GetPointerToCurrentPos
 .text.MatchFinder_GetIndexByte
                0x00819668        0x6 lib/libsffs_core.a(LzFind.c.obj)
                0x00819668                MatchFinder_GetIndexByte
 .text.MatchFinder_GetNumAvailableBytes
                0x0081966e        0x8 lib/libsffs_core.a(LzFind.c.obj)
                0x0081966e                MatchFinder_GetNumAvailableBytes
 .text.MatchFinder_SetLimits
                0x00819676       0x3c lib/libsffs_core.a(LzFind.c.obj)
 .text.Hc_GetMatchesSpec
                0x008196b2       0x8a lib/libsffs_core.a(LzFind.c.obj)
 .text.SkipMatchesSpec
                0x0081973c       0xa0 lib/libsffs_core.a(LzFind.c.obj)
 .text.MatchFinder_ReadBlock
                0x008197dc       0x6a lib/libsffs_core.a(LzFind.c.obj)
 .text.MatchFinder_Init
                0x00819846       0x38 lib/libsffs_core.a(LzFind.c.obj)
                0x00819846                MatchFinder_Init
 .text.MatchFinder_ReduceOffsets
                0x0081987e       0x14 lib/libsffs_core.a(LzFind.c.obj)
                0x0081987e                MatchFinder_ReduceOffsets
 .text.MatchFinder_MoveBlock
                0x00819892       0x22 lib/libsffs_core.a(LzFind.c.obj)
                0x00819892                MatchFinder_MoveBlock
 .text.MatchFinder_NeedMove
                0x008198b4       0x1e lib/libsffs_core.a(LzFind.c.obj)
                0x008198b4                MatchFinder_NeedMove
 *fill*         0x008198d2        0x2 
 .text.MatchFinder_Construct
                0x008198d4       0x40 lib/libsffs_core.a(LzFind.c.obj)
                0x008198d4                MatchFinder_Construct
 .text.MatchFinder_Free
                0x00819914       0x22 lib/libsffs_core.a(LzFind.c.obj)
                0x00819914                MatchFinder_Free
 *fill*         0x00819936        0x2 
 .text.MatchFinder_Create
                0x00819938      0x128 lib/libsffs_core.a(LzFind.c.obj)
                0x00819938                MatchFinder_Create
 .text.MatchFinder_Normalize3
                0x00819a60       0x1a lib/libsffs_core.a(LzFind.c.obj)
                0x00819a60                MatchFinder_Normalize3
 .text.MatchFinder_CheckLimits
                0x00819a7a       0x6a lib/libsffs_core.a(LzFind.c.obj)
 .text.MatchFinder_MovePos
                0x00819ae4       0x1e lib/libsffs_core.a(LzFind.c.obj)
 .text.Bt4_MatchFinder_Skip
                0x00819b02       0xa2 lib/libsffs_core.a(LzFind.c.obj)
 .text.Bt3_MatchFinder_Skip
                0x00819ba4       0x86 lib/libsffs_core.a(LzFind.c.obj)
 .text.Bt2_MatchFinder_Skip
                0x00819c2a       0x68 lib/libsffs_core.a(LzFind.c.obj)
 .text.Hc4_MatchFinder_Skip
                0x00819c92       0x8a lib/libsffs_core.a(LzFind.c.obj)
 .text.Hc4_MatchFinder_GetMatches
                0x00819d1c      0x146 lib/libsffs_core.a(LzFind.c.obj)
 .text.GetMatchesSpec1
                0x00819e62       0xfa lib/libsffs_core.a(LzFind.c.obj)
                0x00819e62                GetMatchesSpec1
 .text.Bt4_MatchFinder_GetMatches
                0x00819f5c      0x156 lib/libsffs_core.a(LzFind.c.obj)
 .text.Bt3_MatchFinder_GetMatches
                0x0081a0b2      0x10c lib/libsffs_core.a(LzFind.c.obj)
 .text.Bt2_MatchFinder_GetMatches
                0x0081a1be       0x74 lib/libsffs_core.a(LzFind.c.obj)
 *fill*         0x0081a232        0x2 
 .text.MatchFinder_CreateVTable
                0x0081a234       0x70 lib/libsffs_core.a(LzFind.c.obj)
                0x0081a234                MatchFinder_CreateVTable
 .text.RangeEnc_FlushStream
                0x0081a2a4       0x32 lib/libsffs_core.a(LzmaEnc.c.obj)
 .text.RangeEnc_ShiftLow
                0x0081a2d6       0x66 lib/libsffs_core.a(LzmaEnc.c.obj)
 .text.RangeEnc_EncodeDirectBits
                0x0081a33c       0x44 lib/libsffs_core.a(LzmaEnc.c.obj)
 .text.RangeEnc_EncodeBit
                0x0081a380       0x4e lib/libsffs_core.a(LzmaEnc.c.obj)
 .text.LitEnc_Encode
                0x0081a3ce       0x24 lib/libsffs_core.a(LzmaEnc.c.obj)
 .text.LitEnc_GetPrice
                0x0081a3f2       0x2c lib/libsffs_core.a(LzmaEnc.c.obj)
 .text.LitEnc_GetPriceMatched
                0x0081a41e       0x42 lib/libsffs_core.a(LzmaEnc.c.obj)
 .text.RcTree_Encode
                0x0081a460       0x30 lib/libsffs_core.a(LzmaEnc.c.obj)
 .text.RcTree_ReverseEncode
                0x0081a490       0x32 lib/libsffs_core.a(LzmaEnc.c.obj)
 .text.RcTree_GetPrice
                0x0081a4c2       0x2e lib/libsffs_core.a(LzmaEnc.c.obj)
 .text.RcTree_ReverseGetPrice
                0x0081a4f0       0x2e lib/libsffs_core.a(LzmaEnc.c.obj)
 .text.LenEnc_Init
                0x0081a51e       0x3a lib/libsffs_core.a(LzmaEnc.c.obj)
 .text.LenEnc_SetPrices
                0x0081a558       0xb2 lib/libsffs_core.a(LzmaEnc.c.obj)
 .text.MovePos  0x0081a60a       0x22 lib/libsffs_core.a(LzmaEnc.c.obj)
 .text.ReadMatchDistances
                0x0081a62c       0x88 lib/libsffs_core.a(LzmaEnc.c.obj)
 .text.FillAlignPrices
                0x0081a6b4       0x3a lib/libsffs_core.a(LzmaEnc.c.obj)
 .text.FillDistancesPrices
                0x0081a6ee      0x110 lib/libsffs_core.a(LzmaEnc.c.obj)
 .text.MyWrite  0x0081a7fe       0x2c lib/libsffs_core.a(LzmaEnc.c.obj)
 .text.LenEnc_Encode2
                0x0081a82a       0xa4 lib/libsffs_core.a(LzmaEnc.c.obj)
 .text.GetPureRepPrice
                0x0081a8ce       0x7a lib/libsffs_core.a(LzmaEnc.c.obj)
 .text.Flush    0x0081a948      0x114 lib/libsffs_core.a(LzmaEnc.c.obj)
 .text.CheckErrors
                0x0081aa5c       0x32 lib/libsffs_core.a(LzmaEnc.c.obj)
 *fill*         0x0081aa8e        0x2 
 .text.LzmaEnc_CodeOneBlock
                0x0081aa90     0x1674 lib/libsffs_core.a(LzmaEnc.c.obj)
 .text.LzmaEnc_Encode2
                0x0081c104       0x60 lib/libsffs_core.a(LzmaEnc.c.obj)
 .text.LzmaEncProps_Init
                0x0081c164       0x22 lib/libsffs_core.a(LzmaEnc.c.obj)
                0x0081c164                LzmaEncProps_Init
 .text.LzmaEncProps_Normalize
                0x0081c186       0xa4 lib/libsffs_core.a(LzmaEnc.c.obj)
                0x0081c186                LzmaEncProps_Normalize
 .text.LzmaEnc_FastPosInit
                0x0081c22a       0x32 lib/libsffs_core.a(LzmaEnc.c.obj)
                0x0081c22a                LzmaEnc_FastPosInit
 .text.LzmaEnc_SetProps
                0x0081c25c       0xa8 lib/libsffs_core.a(LzmaEnc.c.obj)
                0x0081c25c                LzmaEnc_SetProps
 .text.LzmaEnc_InitPriceTables
                0x0081c304       0x32 lib/libsffs_core.a(LzmaEnc.c.obj)
                0x0081c304                LzmaEnc_InitPriceTables
 .text.LzmaEnc_Construct
                0x0081c336       0x48 lib/libsffs_core.a(LzmaEnc.c.obj)
                0x0081c336                LzmaEnc_Construct
 *fill*         0x0081c37e        0x2 
 .text.LzmaEnc_Create
                0x0081c380       0x18 lib/libsffs_core.a(LzmaEnc.c.obj)
                0x0081c380                LzmaEnc_Create
 .text.LzmaEnc_FreeLits
                0x0081c398       0x2e lib/libsffs_core.a(LzmaEnc.c.obj)
                0x0081c398                LzmaEnc_FreeLits
 .text.LzmaEnc_Destruct
                0x0081c3c6       0x2c lib/libsffs_core.a(LzmaEnc.c.obj)
                0x0081c3c6                LzmaEnc_Destruct
 .text.LzmaEnc_Destroy
                0x0081c3f2       0x16 lib/libsffs_core.a(LzmaEnc.c.obj)
                0x0081c3f2                LzmaEnc_Destroy
 .text.LzmaEnc_Init
                0x0081c408      0x122 lib/libsffs_core.a(LzmaEnc.c.obj)
                0x0081c408                LzmaEnc_Init
 .text.LzmaEnc_InitPrices
                0x0081c52a       0xd8 lib/libsffs_core.a(LzmaEnc.c.obj)
                0x0081c52a                LzmaEnc_InitPrices
 .text.LzmaEnc_AllocAndInit
                0x0081c602      0x11e lib/libsffs_core.a(LzmaEnc.c.obj)
 .text.LzmaEnc_WriteProperties
                0x0081c720       0x6a lib/libsffs_core.a(LzmaEnc.c.obj)
                0x0081c720                LzmaEnc_WriteProperties
 *fill*         0x0081c78a        0x2 
 .text.LzmaEnc_MemEncode
                0x0081c78c       0x5c lib/libsffs_core.a(LzmaEnc.c.obj)
                0x0081c78c                LzmaEnc_MemEncode
 .text.LzmaEncode
                0x0081c7e8       0x6e lib/libsffs_core.a(LzmaEnc.c.obj)
                0x0081c7e8                LzmaEncode
 *fill*         0x0081c856        0x2 
 .rodata.kLiteralNextStates
                0x0081c858       0x30 lib/libsffs_core.a(LzmaEnc.c.obj)
 .rodata.kMatchNextStates
                0x0081c888       0x30 lib/libsffs_core.a(LzmaEnc.c.obj)
 .rodata.kRepNextStates
                0x0081c8b8       0x30 lib/libsffs_core.a(LzmaEnc.c.obj)
 .rodata.kShortRepNextStates
                0x0081c8e8       0x30 lib/libsffs_core.a(LzmaEnc.c.obj)
 .text.SzFree   0x0081c918        0x6 lib/libsffs_core.a(lzmar.c.obj)
 .text.SzAlloc  0x0081c91e        0x6 lib/libsffs_core.a(lzmar.c.obj)
 .text.lzmarCompress
                0x0081c924      0x12c lib/libsffs_core.a(lzmar.c.obj)
                0x0081c924                lzmarCompress
 .text._cacheDataIsRootDir
                0x0081ca50       0x1c lib/libsffs_core.a(sffs.c.obj)
 .text._cacheSetDirty
                0x0081ca6c       0x38 lib/libsffs_core.a(sffs.c.obj)
 .text._pathFileName
                0x0081caa4       0x12 lib/libsffs_core.a(sffs.c.obj)
 .text._blockAllocFree
                0x0081cab6       0x5c lib/libsffs_core.a(sffs.c.obj)
 .text._blockIsFree.isra.12
                0x0081cb12       0x1a lib/libsffs_core.a(sffs.c.obj)
 .text._blockSetUsed
                0x0081cb2c       0x2e lib/libsffs_core.a(sffs.c.obj)
 .text._blockSetFree
                0x0081cb5a       0x30 lib/libsffs_core.a(sffs.c.obj)
 .text._isNodeOpened
                0x0081cb8a       0x24 lib/libsffs_core.a(sffs.c.obj)
 .text._getFileFromFd.isra.14
                0x0081cbae        0xe lib/libsffs_core.a(sffs.c.obj)
 .text._cacheFindNotBusyByState.isra.20
                0x0081cbbc       0x14 lib/libsffs_core.a(sffs.c.obj)
 .text._cacheFlush
                0x0081cbd0       0x2a lib/libsffs_core.a(sffs.c.obj)
 .text._cacheFlushAll
                0x0081cbfa       0x1a lib/libsffs_core.a(sffs.c.obj)
 .text._cacheAllocForNode
                0x0081cc14       0xe0 lib/libsffs_core.a(sffs.c.obj)
 .text._cacheAllocWithData
                0x0081ccf4        0x6 lib/libsffs_core.a(sffs.c.obj)
 *fill*         0x0081ccfa        0x2 
 .text._fileGetDataNode
                0x0081ccfc       0x94 lib/libsffs_core.a(sffs.c.obj)
 .text._cacheAllocForWrite
                0x0081cd90        0x6 lib/libsffs_core.a(sffs.c.obj)
 *fill*         0x0081cd96        0x2 
 .text._allocTablBlock
                0x0081cd98       0x3c lib/libsffs_core.a(sffs.c.obj)
 .text._fileWriteAll
                0x0081cdd4      0x1ac lib/libsffs_core.a(sffs.c.obj)
 .text._dirRemoveChildNode
                0x0081cf80       0x58 lib/libsffs_core.a(sffs.c.obj)
 .text._dirAddChildNodeIfNotExist
                0x0081cfd8       0x66 lib/libsffs_core.a(sffs.c.obj)
 .text.prvFileWriteAllNotExit
                0x0081d03e       0x3e lib/libsffs_core.a(sffs.c.obj)
 .text.prvIsRootDirFull
                0x0081d07c       0x42 lib/libsffs_core.a(sffs.c.obj)
 *fill*         0x0081d0be        0x2 
 .text._blockScanDir
                0x0081d0c0      0x214 lib/libsffs_core.a(sffs.c.obj)
 .text._findByPathInParent
                0x0081d2d4       0x98 lib/libsffs_core.a(sffs.c.obj)
 .text._findByPath
                0x0081d36c       0x4c lib/libsffs_core.a(sffs.c.obj)
 .text._findParentByPath
                0x0081d3b8       0x40 lib/libsffs_core.a(sffs.c.obj)
 .text._removeNode
                0x0081d3f8       0x3c lib/libsffs_core.a(sffs.c.obj)
 .text._removeMultiTabl
                0x0081d434       0x70 lib/libsffs_core.a(sffs.c.obj)
 .text._fileDecreaseSize
                0x0081d4a4      0x2ec lib/libsffs_core.a(sffs.c.obj)
 .text._moveNodeRecovery
                0x0081d790      0x124 lib/libsffs_core.a(sffs.c.obj)
 .text._scanMoveRecovery
                0x0081d8b4       0x98 lib/libsffs_core.a(sffs.c.obj)
 .text.sffsFileBlockNeeded
                0x0081d94c       0x4c lib/libsffs_core.a(sffs.c.obj)
                0x0081d94c                sffsFileBlockNeeded
 .text.sffsMount
                0x0081d998      0x1fc lib/libsffs_core.a(sffs.c.obj)
                0x0081d998                sffsMount
 .text.sffsUnmount
                0x0081db94       0x14 lib/libsffs_core.a(sffs.c.obj)
                0x0081db94                sffsUnmount
 .text.sffsMakeFs
                0x0081dba8       0x90 lib/libsffs_core.a(sffs.c.obj)
                0x0081dba8                sffsMakeFs
 .text.sffsOpen
                0x0081dc38      0x274 lib/libsffs_core.a(sffs.c.obj)
                0x0081dc38                sffsOpen
 .text.sffsSfileWrite
                0x0081deac      0x3ec lib/libsffs_core.a(sffs.c.obj)
                0x0081deac                sffsSfileWrite
 .text.sffsRead
                0x0081e298      0x128 lib/libsffs_core.a(sffs.c.obj)
                0x0081e298                sffsRead
 .text.sffsSeek
                0x0081e3c0       0x7c lib/libsffs_core.a(sffs.c.obj)
                0x0081e3c0                sffsSeek
 .text.sffsClose
                0x0081e43c       0x4c lib/libsffs_core.a(sffs.c.obj)
                0x0081e43c                sffsClose
 .text.sffsFstat
                0x0081e488       0x78 lib/libsffs_core.a(sffs.c.obj)
                0x0081e488                sffsFstat
 .text.sffsMkDir
                0x0081e500      0x14c lib/libsffs_core.a(sffs.c.obj)
                0x0081e500                sffsMkDir
 .text.sffsUnlink
                0x0081e64c       0xc4 lib/libsffs_core.a(sffs.c.obj)
                0x0081e64c                sffsUnlink
 .text.sffsSetSfileReserveCount
                0x0081e710       0x14 lib/libsffs_core.a(sffs.c.obj)
                0x0081e710                sffsSetSfileReserveCount
 *fill*         0x0081e724        0x4 
 .text.sffsSetSfileReserveCount.__stub
                0x0081e728        0x8 linker stubs
 *(.rokeep)
                0x0081e730                __text_end = .
                0x0081e740                . = ALIGN (0x20)
 *fill*         0x0081e730       0x10 

.data           0x0081e740      0x340
                0x0081e740                __data_start = .
 SORT_BY_NAME(*)(.sramdata .sramdata.*)
 SORT_BY_NAME(*)(.data .data.* .sdata .sdata.* .data1 .gnu.linkonce.d.*)
 .data._impure_ptr
                0x0081e740        0x4 components/bootloader/CMakeFiles/boot2.dir/boot/boot2_start_8910.c.obj
                0x0081e740                _impure_ptr
 .data.quec_pff_sector_size
                0x0081e744        0x4 lib/libboot_ex_fat.a(pff.c.obj)
                0x0081e744                quec_pff_sector_size
 .data.quec_boot_fs_type
                0x0081e748        0x1 lib/libboot_ex_ql.a(quec_boot_fota.c.obj)
                0x0081e748                quec_boot_fs_type
 *fill*         0x0081e749        0x3 
 .data.quec_boot_spi6_pin_cfg_map
                0x0081e74c       0x68 lib/libboot_ex_ql_pin.a(quec_boot_pin_map.c.obj)
                0x0081e74c                quec_boot_spi6_pin_cfg_map
 .data.tbuff_sdmmc
                0x0081e7b4        0x4 lib/libboot_ex_sdmmc.a(quec_boot_sdmmc.c.obj)
                0x0081e7b4                tbuff_sdmmc
 .data.gPartInfo_extflash
                0x0081e7b8       0x70 lib/libboot_ex_spi6nor.a(quec_spi6_ext_norflash_cfg.c.obj)
                0x0081e7b8                gPartInfo_extflash
 .data.quec_skip_spi6_ext_nor_flash_init
                0x0081e828        0x1 lib/libboot_ex_spi6nor.a(quec_spi6_ext_norflash_cfg.c.obj)
                0x0081e828                quec_skip_spi6_ext_nor_flash_init
 *fill*         0x0081e829        0x3 
 .data.gDrvSpiFlashCtx
                0x0081e82c       0x80 lib/libbootloader.a(boot_spi_flash.c.obj)
 .data.gBootUarts
                0x0081e8ac       0x18 lib/libbootloader.a(boot_uart.c.obj)
 .data.gFsScenario
                0x0081e8c4        0x1 lib/libfsmount.a(fs_mount.c.obj)
 *fill*         0x0081e8c5        0x3 
 .data.gFupdatePackFileName
                0x0081e8c8        0x4 lib/libfupdate_core.a(fupdate_common.c.obj)
                0x0081e8c8                gFupdatePackFileName
 .data.gFupdateStageFileName
                0x0081e8cc        0x4 lib/libfupdate_core.a(fupdate_common.c.obj)
                0x0081e8cc                gFupdateStageFileName
 .data.gFupdateTempFileName
                0x0081e8d0        0x4 lib/libfupdate_core.a(fupdate_common.c.obj)
                0x0081e8d0                gFupdateTempFileName
 .data.ql_SpiFlashProps
                0x0081e8d4      0x17c lib/libhal_prop.a(hal_spi_flash_prop.c.obj)
                0x0081e8d4                ql_SpiFlashProps
 .data.ql_SpiFlashPropsLen
                0x0081ea50        0x4 lib/libhal_prop.a(hal_spi_flash_prop.c.obj)
                0x0081ea50                ql_SpiFlashPropsLen
 .data.g_Alloc  0x0081ea54        0x8 lib/libsffs_core.a(lzmar.c.obj)
 *(.rwkeep)
 .rwkeep        0x0081ea5c        0xc lib/libhal.a(hal_blue_screen.c.obj)
                0x0081ea5c                gGdbRegAddress
                0x0081ea60                gCpGdbRegAddress
                0x0081ea64                gGdbCtxType
                0x0081ea68                __data_end = .
                0x0081ea80                . = ALIGN (0x20)
 *fill*         0x0081ea68       0x18 

.lastflash      0x0081ea80        0x0
                0x0081ea80                . = ALIGN (0x20)

.bss            0x0081ea80      0x760
                0x0081ea80                __bss_start = .
 *(.srambss .srambss.*)
 *(.bss .bss.* COMMON .scommon .sbss .sbss.* .sbss2 .sbss2.* .gnu.linkonce.b.*)
 .bss.gZeroedReent
                0x0081ea80      0x428 components/bootloader/CMakeFiles/boot2.dir/boot/boot2_start_8910.c.obj
 .bss.gSecureCtx
                0x0081eea8       0x30 lib/libbootloader.a(boot_secure.c.obj)
 .bss.gDefaultHeap
                0x0081eed8        0x4 lib/libbootloader.a(boot_mem.c.obj)
 .bss.gExtRamHeap
                0x0081eedc        0xc lib/libbootloader.a(boot_mem.c.obj)
 .bss.gIramHeap
                0x0081eee8        0xc lib/libbootloader.a(boot_mem.c.obj)
 .bss.gBootVfsRegList
                0x0081eef4        0x4 lib/libbootloader.a(boot_vfs.c.obj)
 .bss.gTimerCb  0x0081eef8        0x8 lib/libbootloader.a(boot_timer.c.obj)
 .bss.gPdlEngine
                0x0081ef00        0x8 lib/libbootloader.a(boot_pdl.c.obj)
 .bss.quec_ext_flash_gpio_first_time_init
                0x0081ef08        0x1 lib/libhal.a(hal_pmu_8910.c.obj)
 *fill*         0x0081ef09        0x3 
 .bss.gSpiFlashProps
                0x0081ef0c        0x4 lib/libhal.a(hal_spi_flash.c.obj)
 .bss.gSpiFlashPropsLen
                0x0081ef10        0x4 lib/libhal.a(hal_spi_flash.c.obj)
 .bss.gTraceEnabled
                0x0081ef14        0x1 lib/libosi_lib.a(osi_log.c.obj)
                0x0081ef14                gTraceEnabled
 *fill*         0x0081ef15        0x3 
 COMMON         0x0081ef18       0x54 lib/libosi_lib.a(osi_log.c.obj)
                0x0081ef18                v_tra_pubModuleControl
                0x0081ef1c                v_tra_categoryControl
                0x0081ef20                gTraceSequence
                0x0081ef24                v_tra_lteModuleControl
                0x0081ef28                sxs_IoCtx
 .bss.gBdevList
                0x0081ef6c        0x4 lib/libfsmount.a(fs_mount.c.obj)
                0x0081ef6c                gBdevList
 .bss.gPartInfo_ptr
                0x0081ef70        0x4 lib/libfsmount.a(fs_mount.c.obj)
                0x0081ef70                gPartInfo_ptr
 .bss.boot_urc_enable
                0x0081ef74        0x1 lib/libboot_ex_ql.a(quec_boot_fota.c.obj)
                0x0081ef74                boot_urc_enable
 *fill*         0x0081ef75        0x3 
 .bss.updata_urc_num
                0x0081ef78        0x4 lib/libboot_ex_ql.a(quec_boot_fota.c.obj)
                0x0081ef78                updata_urc_num
 COMMON         0x0081ef7c       0xc0 lib/libboot_ex_ql.a(quec_boot_fota.c.obj)
                0x0081ef7c                boot_fota_param
 .bss.bootgv_sdmmc
                0x0081f03c        0x4 lib/libboot_ex_fat.a(quec_boot_vfs.c.obj)
                0x0081f03c                bootgv_sdmmc
 .bss.quec_boot_vfs_state
                0x0081f040        0x1 lib/libboot_ex_fat.a(quec_boot_vfs.c.obj)
                0x0081f040                quec_boot_vfs_state
 *fill*         0x0081f041        0x3 
 .bss.FatFs     0x0081f044        0x4 lib/libboot_ex_fat.a(pff.c.obj)
 .bss.LfnBuf    0x0081f048      0x142 lib/libboot_ex_fat.a(pff.c.obj)
 *fill*         0x0081f18a        0x2 
 .bss.bootfs    0x0081f18c       0x2c lib/libboot_ex_fat.a(quec_boot_pff.c.obj)
                0x0081f18c                bootfs
 COMMON         0x0081f1b8        0x4 lib/libboot_ex_fat.a(quec_boot_pff.c.obj)
                0x0081f1b8                quec_boot_block_dev
 .bss.ext_flash_gpio_cfg_reg
                0x0081f1bc       0x18 lib/libboot_ex_spi6nor.a(quec_spi6_ext_norflash_cfg.c.obj)
 .bss.quec_spi6_ext_nor_flash_capacity
                0x0081f1d4        0x4 lib/libboot_ex_spi6nor.a(quec_spi6_ext_norflash_cfg.c.obj)
                0x0081f1d4                quec_spi6_ext_nor_flash_capacity
 .bss.quec_spi6_ext_nor_flash_is_exist
                0x0081f1d8        0x1 lib/libboot_ex_spi6nor.a(quec_spi6_ext_norflash_cfg.c.obj)
                0x0081f1d8                quec_spi6_ext_nor_flash_is_exist
 .bss.ql_boot_cur_spi6_port
                0x0081f1d9        0x1 lib/libboot_ex_ql_pin.a(quec_boot_pin_map.c.obj)
                0x0081f1d9                ql_boot_cur_spi6_port
                0x0081f1da                __bss_end = .
                0x0081f1e0                . = ALIGN (0x20)
 *fill*         0x0081f1da        0x6 

.sys_stack      0x0081f1e0     0x1800
                0x0081f1e0                __sys_stack_start = .
                0x008209e0                . = (. + 0x1800)
 *fill*         0x0081f1e0     0x1800 
                0x008209e0                __sys_stack_end = .
                0x008209e0                . = ALIGN (0x20)

.irq_stack      0x008209e0      0x800
                0x008209e0                __irq_stack_start = .
                0x008211e0                . = (. + 0x800)
 *fill*         0x008209e0      0x800 
                0x008211e0                __irq_stack_end = .
                0x008211e0                . = ALIGN (0x20)

.blue_screen    0x008211e0      0x400
                0x008211e0                __blue_screen_start = .
                0x008215e0                . = (. + 0x400)
 *fill*         0x008211e0      0x400 
                0x008215e0                __blue_screen_end = .
                0x008215e0                . = ALIGN (0x20)

.sram_heap      0x008215e0    0x1a620
                0x008215e0                __sram_heap_start = .
                0x0083bc00                . = ((ORIGIN (sram) + LENGTH (sram)) - 0x4400)
 *fill*         0x008215e0    0x1a620 
                0x0083bc00                __sram_heap_end = .
                0x0083bc00                . = ALIGN (0x20)

.mmu_ttbl2      0x0083bc00      0x400
                0x0083bc00                __mmu_ttbl2_start = .
                0x0083c000                . = (. + 0x400)
 *fill*         0x0083bc00      0x400 
                0x0083c000                __mmu_ttbl2_end = .
                0x0083c000                . = ALIGN (0x20)

.mmu_ttbl1      0x0083c000     0x4000
                0x0083c000                __mmu_ttbl1_start = .
                0x00840000                . = (. + 0x4000)
 *fill*         0x0083c000     0x4000 
                0x00840000                __mmu_ttbl1_end = .
                0x00840000                . = ALIGN (0x20)
                0x00000001                ASSERT (((__mmu_ttbl1_start % 0x4000) == 0x0), TTB L1 is not aligned)
                0x00810040                __flash_start = LOADADDR (.text)
                0x0081ea80                __flash_end = ADDR (.lastflash)

.comment        0x00000000       0xf7
 *(.comment)
 .comment       0x00000000       0x7e components/bootloader/CMakeFiles/boot2.dir/boot/boot2_start_8910.c.obj
                                 0x7f (size before relaxing)
 .comment       0x0000007e       0x7f lib/libbootloader.a(boot_platform_8910.c.obj)
 .comment       0x0000007e       0x7f lib/libbootloader.a(boot_secure.c.obj)
 .comment       0x0000007e       0x7f lib/libbootloader.a(boot_sffs_port.c.obj)
 .comment       0x0000007e       0x7f lib/libbootloader.a(boot_stub.c.obj)
 .comment       0x0000007e       0x7f lib/libbootloader.a(boot_delay.c.obj)
 .comment       0x0000007e       0x7f lib/libbootloader.a(boot_mem.c.obj)
 .comment       0x0000007e       0x7f lib/libbootloader.a(boot_spi_flash.c.obj)
 .comment       0x0000007e       0x7f lib/libbootloader.a(boot_debuguart.c.obj)
 .comment       0x0000007e       0x7f lib/libbootloader.a(boot_trace.c.obj)
 .comment       0x0000007e       0x7f lib/libbootloader.a(boot_fdl.c.obj)
 .comment       0x0000007e       0x7f lib/libbootloader.a(boot_vfs.c.obj)
 .comment       0x0000007e       0x7f lib/libbootloader.a(boot_irq.c.obj)
 .comment       0x0000007e       0x7f lib/libbootloader.a(boot_timer.c.obj)
 .comment       0x0000007e       0x7f lib/libbootloader.a(boot_uart.c.obj)
 .comment       0x0000007e       0x7f lib/libbootloader.a(boot_mmu.c.obj)
 .comment       0x0000007e       0x7f lib/libbootloader.a(boot_uimage.c.obj)
 .comment       0x0000007e       0x7f lib/libbootloader.a(boot_pdl.c.obj)
 .comment       0x0000007e       0x7f lib/libbootloader.a(boot_pdl_uimage.c.obj)
 .comment       0x0000007e       0x7f lib/libhal.a(hal_clock_init.c.obj)
 .comment       0x0000007e       0x7f lib/libhal.a(hal_chip_8910.c.obj)
 .comment       0x0000007e       0x7f lib/libhal.a(hal_pmu_8910.c.obj)
 .comment       0x0000007e       0x7f lib/libhal.a(hal_efuse_8910.c.obj)
 .comment       0x0000007e       0x7f lib/libhal.a(hal_delay.c.obj)
 .comment       0x0000007e       0x7f lib/libhal.a(hal_reg_apply.c.obj)
 .comment       0x0000007e       0x7f lib/libhal.a(hal_chip.c.obj)
 .comment       0x0000007e       0x7f lib/libhal.a(hal_adi_bus.c.obj)
 .comment       0x0000007e       0x7f lib/libhal.a(hal_hwspinlock.c.obj)
 .comment       0x0000007e       0x7f lib/libhal.a(hal_spi_flash.c.obj)
 .comment       0x0000007e       0x7f lib/libhal.a(hal_blue_screen.c.obj)
 .comment       0x0000007e       0x7f lib/libosi_lib.a(osi_log.c.obj)
 .comment       0x0000007e       0x7f lib/libfupdate_core.a(fupdate_bootloader.c.obj)
 .comment       0x0000007e       0x7f lib/libfupdate_core.a(fupdate_common.c.obj)
 .comment       0x0000007e       0x7f lib/libfsmount.a(fs_mount.c.obj)
 .comment       0x0000007e       0x7f lib/libsffs_core.a(sffs.c.obj)
 .comment       0x0000007e       0x7f lib/libsffs_core.a(lzmar.c.obj)
 .comment       0x0000007e       0x7f lib/libsffs_core.a(LzmaEnc.c.obj)
 .comment       0x0000007e       0x7f lib/libsffs_core.a(LzFind.c.obj)
 .comment       0x0000007e       0x7f lib/libbdev.a(block_device.c.obj)
 .comment       0x0000007e       0x7f lib/libbdev.a(partition_block_device.c.obj)
 .comment       0x0000007e       0x7f lib/libbdev_core.a(flash_block_device_v2.c.obj)
 .comment       0x0000007e       0x7f lib/libboot_ex_ql.a(quec_boot_fota.c.obj)
 .comment       0x0000007e       0x7f lib/libhal.a(hal_lzma.c.obj)
 .comment       0x0000007e       0x79 ../../components/newlib/armca5/libc.a(lib_a-memcmp.o)
                                 0x7a (size before relaxing)
 .comment       0x000000f7       0x7a ../../components/newlib/armca5/libc.a(lib_a-memcpy-stub.o)
 .comment       0x000000f7       0x7a ../../components/newlib/armca5/libc.a(lib_a-memmove.o)
 .comment       0x000000f7       0x7a ../../components/newlib/armca5/libc.a(lib_a-memset.o)
 .comment       0x000000f7       0x7a ../../components/newlib/armca5/libc.a(lib_a-strchr.o)
 .comment       0x000000f7       0x7a ../../components/newlib/armca5/libc.a(lib_a-strcpy.o)
 .comment       0x000000f7       0x7a ../../components/newlib/armca5/libc.a(lib_a-strdup.o)
 .comment       0x000000f7       0x7a ../../components/newlib/armca5/libc.a(lib_a-strdup_r.o)
 .comment       0x000000f7       0x7a ../../components/newlib/armca5/libc.a(lib_a-strncmp.o)
 .comment       0x000000f7       0x7a ../../components/newlib/armca5/libc.a(lib_a-strrchr.o)
 .comment       0x000000f7       0x7f lib/libboot_ex_fat.a(quec_boot_vfs.c.obj)
 .comment       0x000000f7       0x7f lib/libboot_ex_fat.a(pff.c.obj)
 .comment       0x000000f7       0x7f lib/libboot_ex_fat.a(quec_boot_pff.c.obj)
 .comment       0x000000f7       0x7f lib/libboot_ex_fat.a(diskio.c.obj)
 .comment       0x000000f7       0x7f lib/libboot_ex_fat.a(quec_boot_block_device.c.obj)
 .comment       0x000000f7       0x7f lib/libboot_ex_sdmmc.a(quec_boot_sdmmc.c.obj)
 .comment       0x000000f7       0x7f lib/libboot_ex_sdmmc.a(quec_boot_ifc.c.obj)
 .comment       0x000000f7       0x7f lib/libboot_ex_spi6nor.a(quec_spi6_ext_norflash_cfg.c.obj)
 .comment       0x000000f7       0x7f lib/libboot_ex_spi6nor.a(quec_boot_pin_power_domain.c.obj)
 .comment       0x000000f7       0x7f lib/libboot_ex_ql_pin.a(quec_boot_pin_map.c.obj)
 .comment       0x000000f7       0x7f lib/libcalclib.a(crc32.c.obj)
 .comment       0x000000f7       0x7f lib/libcalclib.a(decompress_unlzma.c.obj)
 .comment       0x000000f7       0x7f lib/libhal_prop.a(hal_spi_flash_prop.c.obj)
 .comment       0x000000f7       0x7f lib/libfs_partinfo.a(fs_part_info.c.obj)

.ARM.attributes
                0x00000000       0x3d
 *(.ARM.attributes)
 .ARM.attributes
                0x00000000       0x3d components/bootloader/CMakeFiles/boot2.dir/boot/boot2_start_8910.c.obj
 .ARM.attributes
                0x0000003d       0x3d lib/libbootloader.a(boot_platform_8910.c.obj)
 .ARM.attributes
                0x0000007a       0x3d lib/libbootloader.a(boot_secure.c.obj)
 .ARM.attributes
                0x000000b7       0x2b lib/libbootloader.a(boot_entry_v7a.S.obj)
 .ARM.attributes
                0x000000e2       0x3d lib/libbootloader.a(boot_sffs_port.c.obj)
 .ARM.attributes
                0x0000011f       0x3d lib/libbootloader.a(boot_stub.c.obj)
 .ARM.attributes
                0x0000015c       0x3d lib/libbootloader.a(boot_delay.c.obj)
 .ARM.attributes
                0x00000199       0x3d lib/libbootloader.a(boot_mem.c.obj)
 .ARM.attributes
                0x000001d6       0x3d lib/libbootloader.a(boot_spi_flash.c.obj)
 .ARM.attributes
                0x00000213       0x3d lib/libbootloader.a(boot_debuguart.c.obj)
 .ARM.attributes
                0x00000250       0x3d lib/libbootloader.a(boot_trace.c.obj)
 .ARM.attributes
                0x0000028d       0x3d lib/libbootloader.a(boot_fdl.c.obj)
 .ARM.attributes
                0x000002ca       0x3d lib/libbootloader.a(boot_vfs.c.obj)
 .ARM.attributes
                0x00000307       0x3d lib/libbootloader.a(boot_irq.c.obj)
 .ARM.attributes
                0x00000344       0x3d lib/libbootloader.a(boot_timer.c.obj)
 .ARM.attributes
                0x00000381       0x3d lib/libbootloader.a(boot_uart.c.obj)
 .ARM.attributes
                0x000003be       0x3d lib/libbootloader.a(boot_mmu.c.obj)
 .ARM.attributes
                0x000003fb       0x3d lib/libbootloader.a(boot_uimage.c.obj)
 .ARM.attributes
                0x00000438       0x3d lib/libbootloader.a(boot_pdl.c.obj)
 .ARM.attributes
                0x00000475       0x3d lib/libbootloader.a(boot_pdl_uimage.c.obj)
 .ARM.attributes
                0x000004b2       0x3d lib/libhal.a(hal_clock_init.c.obj)
 .ARM.attributes
                0x000004ef       0x3d lib/libhal.a(hal_chip_8910.c.obj)
 .ARM.attributes
                0x0000052c       0x3d lib/libhal.a(hal_pmu_8910.c.obj)
 .ARM.attributes
                0x00000569       0x3d lib/libhal.a(hal_efuse_8910.c.obj)
 .ARM.attributes
                0x000005a6       0x3d lib/libhal.a(hal_delay.c.obj)
 .ARM.attributes
                0x000005e3       0x3d lib/libhal.a(hal_reg_apply.c.obj)
 .ARM.attributes
                0x00000620       0x3d lib/libhal.a(hal_chip.c.obj)
 .ARM.attributes
                0x0000065d       0x3d lib/libhal.a(hal_adi_bus.c.obj)
 .ARM.attributes
                0x0000069a       0x3d lib/libhal.a(hal_hwspinlock.c.obj)
 .ARM.attributes
                0x000006d7       0x3d lib/libhal.a(hal_spi_flash.c.obj)
 .ARM.attributes
                0x00000714       0x3d lib/libhal.a(hal_blue_screen.c.obj)
 .ARM.attributes
                0x00000751       0x3d lib/libosi_lib.a(osi_log.c.obj)
 .ARM.attributes
                0x0000078e       0x3d lib/libfupdate_core.a(fupdate_bootloader.c.obj)
 .ARM.attributes
                0x000007cb       0x3d lib/libfupdate_core.a(fupdate_common.c.obj)
 .ARM.attributes
                0x00000808       0x3d lib/libfsmount.a(fs_mount.c.obj)
 .ARM.attributes
                0x00000845       0x3d lib/libsffs_core.a(sffs.c.obj)
 .ARM.attributes
                0x00000882       0x3d lib/libsffs_core.a(lzmar.c.obj)
 .ARM.attributes
                0x000008bf       0x3d lib/libsffs_core.a(LzmaEnc.c.obj)
 .ARM.attributes
                0x000008fc       0x3d lib/libsffs_core.a(LzFind.c.obj)
 .ARM.attributes
                0x00000939       0x3d lib/libbdev.a(block_device.c.obj)
 .ARM.attributes
                0x00000976       0x3d lib/libbdev.a(partition_block_device.c.obj)
 .ARM.attributes
                0x000009b3       0x3d lib/libbdev_core.a(flash_block_device_v2.c.obj)
 .ARM.attributes
                0x000009f0       0x3d lib/libboot_ex_ql.a(quec_boot_fota.c.obj)
 .ARM.attributes
                0x00000a2d       0x3d lib/libhal.a(hal_lzma.c.obj)
 .ARM.attributes
                0x00000a6a       0x37 ../../components/newlib/armca5/libc.a(lib_a-memcmp.o)
 .ARM.attributes
                0x00000aa1       0x37 ../../components/newlib/armca5/libc.a(lib_a-memcpy-stub.o)
 .ARM.attributes
                0x00000ad8       0x37 ../../components/newlib/armca5/libc.a(lib_a-memmove.o)
 .ARM.attributes
                0x00000b0f       0x37 ../../components/newlib/armca5/libc.a(lib_a-memset.o)
 .ARM.attributes
                0x00000b46       0x37 ../../components/newlib/armca5/libc.a(lib_a-strchr.o)
 .ARM.attributes
                0x00000b7d       0x37 ../../components/newlib/armca5/libc.a(lib_a-strcpy.o)
 .ARM.attributes
                0x00000bb4       0x37 ../../components/newlib/armca5/libc.a(lib_a-strdup.o)
 .ARM.attributes
                0x00000beb       0x37 ../../components/newlib/armca5/libc.a(lib_a-strdup_r.o)
 .ARM.attributes
                0x00000c22       0x1d ../../components/newlib/armca5/libc.a(lib_a-strlen.o)
 .ARM.attributes
                0x00000c3f       0x37 ../../components/newlib/armca5/libc.a(lib_a-strncmp.o)
 .ARM.attributes
                0x00000c76       0x37 ../../components/newlib/armca5/libc.a(lib_a-strrchr.o)
 .ARM.attributes
                0x00000cad       0x1b ../../prebuilts/win32/gcc-arm-none-eabi/bin/../lib/gcc/arm-none-eabi/7.2.1/thumb/v7-ar/fpv3/hard/libgcc.a(_udivsi3.o)
 .ARM.attributes
                0x00000cc8       0x1b ../../prebuilts/win32/gcc-arm-none-eabi/bin/../lib/gcc/arm-none-eabi/7.2.1/thumb/v7-ar/fpv3/hard/libgcc.a(_divsi3.o)
 .ARM.attributes
                0x00000ce3       0x1b ../../prebuilts/win32/gcc-arm-none-eabi/bin/../lib/gcc/arm-none-eabi/7.2.1/thumb/v7-ar/fpv3/hard/libgcc.a(_dvmd_tls.o)
 .ARM.attributes
                0x00000cfe       0x3d lib/libboot_ex_fat.a(quec_boot_vfs.c.obj)
 .ARM.attributes
                0x00000d3b       0x3d lib/libboot_ex_fat.a(pff.c.obj)
 .ARM.attributes
                0x00000d78       0x3d lib/libboot_ex_fat.a(quec_boot_pff.c.obj)
 .ARM.attributes
                0x00000db5       0x3d lib/libboot_ex_fat.a(diskio.c.obj)
 .ARM.attributes
                0x00000df2       0x3d lib/libboot_ex_fat.a(quec_boot_block_device.c.obj)
 .ARM.attributes
                0x00000e2f       0x3d lib/libboot_ex_sdmmc.a(quec_boot_sdmmc.c.obj)
 .ARM.attributes
                0x00000e6c       0x3d lib/libboot_ex_sdmmc.a(quec_boot_ifc.c.obj)
 .ARM.attributes
                0x00000ea9       0x3d lib/libboot_ex_spi6nor.a(quec_spi6_ext_norflash_cfg.c.obj)
 .ARM.attributes
                0x00000ee6       0x3d lib/libboot_ex_spi6nor.a(quec_boot_pin_power_domain.c.obj)
 .ARM.attributes
                0x00000f23       0x3d lib/libboot_ex_ql_pin.a(quec_boot_pin_map.c.obj)
 .ARM.attributes
                0x00000f60       0x3d lib/libcalclib.a(crc32.c.obj)
 .ARM.attributes
                0x00000f9d       0x3d lib/libcalclib.a(decompress_unlzma.c.obj)
 .ARM.attributes
                0x00000fda       0x3d lib/libhal_prop.a(hal_spi_flash_prop.c.obj)
 .ARM.attributes
                0x00001017       0x3d lib/libfs_partinfo.a(fs_part_info.c.obj)
 .ARM.attributes
                0x00001054       0x2b lib/libfs_partinfo.a(partinfo.bin.S.obj)

.iplt           0x00000000        0x0
 *(.iplt)
 .iplt          0x00000000        0x0 components/bootloader/CMakeFiles/boot2.dir/boot/boot2_start_8910.c.obj

.igot.plt       0x00000000        0x0
 *(.igot.plt)
 .igot.plt      0x00000000        0x0 components/bootloader/CMakeFiles/boot2.dir/boot/boot2_start_8910.c.obj

.rel.dyn        0x00000000        0x0
 *(.rel.dyn)
 .rel.iplt      0x00000000        0x0 components/bootloader/CMakeFiles/boot2.dir/boot/boot2_start_8910.c.obj

.glue_7         0x00000000        0x0
 *(.glue_7)
 .glue_7        0x00000000        0x0 linker stubs

.glue_7t        0x00000000        0x0
 *(.glue_7t)
 .glue_7t       0x00000000        0x0 linker stubs

.vfp11_veneer   0x00000000        0x0
 *(.vfp11_veneer)
 .vfp11_veneer  0x00000000        0x0 linker stubs

.v4_bx          0x00000000        0x0
 *(.v4_bx)
 .v4_bx         0x00000000        0x0 linker stubs

/DISCARD/
 *(.ARM.exidx*)
 *(.gnu.linkonce.armexidx*)
OUTPUT(hex\boot2.elf elf32-littlearm)

.debug_info     0x00000000    0x640b7
 .debug_info    0x00000000     0x2fef components/bootloader/CMakeFiles/boot2.dir/boot/boot2_start_8910.c.obj
 .debug_info    0x00002fef     0x269b lib/libbootloader.a(boot_platform_8910.c.obj)
 .debug_info    0x0000568a     0x1ba9 lib/libbootloader.a(boot_secure.c.obj)
 .debug_info    0x00007233       0x26 lib/libbootloader.a(boot_entry_v7a.S.obj)
 .debug_info    0x00007259      0x495 lib/libbootloader.a(boot_sffs_port.c.obj)
 .debug_info    0x000076ee      0x1cc lib/libbootloader.a(boot_stub.c.obj)
 .debug_info    0x000078ba      0x1fb lib/libbootloader.a(boot_delay.c.obj)