Archive member included to satisfy reference by file (symbol)

lib/libbootloader.a(boot_platform_8910.c.obj)
                              (--whole-archive)
lib/libbootloader.a(boot_secure.c.obj)
                              (--whole-archive)
lib/libbootloader.a(boot_entry_v7a.S.obj)
                              (--whole-archive)
lib/libbootloader.a(boot_sffs_port.c.obj)
                              (--whole-archive)
lib/libbootloader.a(boot_stub.c.obj)
                              (--whole-archive)
lib/libbootloader.a(boot_delay.c.obj)
                              (--whole-archive)
lib/libbootloader.a(boot_mem.c.obj)
                              (--whole-archive)
lib/libbootloader.a(boot_spi_flash.c.obj)
                              (--whole-archive)
lib/libbootloader.a(boot_debuguart.c.obj)
                              (--whole-archive)
lib/libbootloader.a(boot_trace.c.obj)
                              (--whole-archive)
lib/libbootloader.a(boot_fdl.c.obj)
                              (--whole-archive)
lib/libbootloader.a(boot_fdl_dnld.c.obj)
                              (--whole-archive)
lib/libbootloader.a(boot_aes.c.obj)
                              (--whole-archive)
lib/libbootloader.a(boot_vfs.c.obj)
                              (--whole-archive)
lib/libbootloader.a(boot_irq.c.obj)
                              (--whole-archive)
lib/libbootloader.a(boot_timer.c.obj)
                              (--whole-archive)
lib/libbootloader.a(boot_uart.c.obj)
                              (--whole-archive)
lib/libbootloader.a(boot_uart_cmn.c.obj)
                              (--whole-archive)
lib/libbootloader.a(boot_mmu.c.obj)
                              (--whole-archive)
lib/libbootloader.a(boot_uimage.c.obj)
                              (--whole-archive)
lib/libbootloader.a(boot_udc.c.obj)
                              (--whole-archive)
lib/libbootloader.a(boot_usb_fdl_channel.c.obj)
                              (--whole-archive)
lib/libbootloader.a(boot_pdl.c.obj)
                              (--whole-archive)
lib/libbootloader.a(boot_pdl_uimage.c.obj)
                              (--whole-archive)
lib/libhal.a(hal_clock_init.c.obj)
                              components/bootloader/CMakeFiles/flash_test_fdl.dir/flash_test_fdl/flash_test_main.c.obj (halClockInit)
lib/libhal.a(hal_chip_8910.c.obj)
                              lib/libbootloader.a(boot_usb_fdl_channel.c.obj) (osiDCacheClean)
lib/libhal.a(hal_pmu_8910.c.obj)
                              lib/libbootloader.a(boot_fdl_dnld.c.obj) (halPmuExtFlashPowerOn)
lib/libhal.a(hal_efuse_8910.c.obj)
                              lib/libbootloader.a(boot_secure.c.obj) (halEfuseOpen)
lib/libhal.a(hal_delay.c.obj)
                              lib/libbootloader.a(boot_platform_8910.c.obj) (osiDelayUS)
lib/libhal.a(hal_iomux.c.obj)
                              lib/libhal.a(hal_chip_8910.c.obj) (halIomuxSetFunction)
lib/libhal.a(hal_reg_apply.c.obj)
                              lib/libhal.a(hal_clock_init.c.obj) (halApplyRegisters)
lib/libhal.a(hal_chip.c.obj)  lib/libbootloader.a(boot_uart.c.obj) (halCalcDivider20)
lib/libhal.a(hal_adi_bus.c.obj)
                              components/bootloader/CMakeFiles/flash_test_fdl.dir/flash_test_fdl/flash_test_main.c.obj (halAdiBusInit)
lib/libhal.a(hal_hwspinlock.c.obj)
                              lib/libhal.a(hal_efuse_8910.c.obj) (halHwspinlockAcquire)
lib/libhal.a(hal_spi_flash.c.obj)
                              lib/libbootloader.a(boot_spi_flash.c.obj) (halSpiFlashPageProgram)
lib/libhal.a(hal_blue_screen.c.obj)
                              lib/libbootloader.a(boot_platform_8910.c.obj) (halBlueScreenSaveContext)
lib/libosi_lib.a(osi_log.c.obj)
                              components/bootloader/CMakeFiles/flash_test_fdl.dir/flash_test_fdl/flash_test_main.c.obj (osiTraceBasic)
lib/libosi_lib.a(osi_fifo.c.obj)
                              lib/libbootloader.a(boot_usb_fdl_channel.c.obj) (osiFifoInit)
../../components/newlib/armca5/libc.a(lib_a-impure.o)
                              components/bootloader/CMakeFiles/flash_test_fdl.dir/flash_test_fdl/flash_test_main.c.obj (_global_impure_ptr)
../../components/newlib/armca5/libc.a(lib_a-memcmp.o)
                              lib/libbootloader.a(boot_secure.c.obj) (memcmp)
../../components/newlib/armca5/libc.a(lib_a-memcpy-stub.o)
                              components/bootloader/CMakeFiles/flash_test_fdl.dir/flash_test_fdl/flash_test_main.c.obj (memcpy)
../../components/newlib/armca5/libc.a(lib_a-memset.o)
                              lib/libbootloader.a(boot_secure.c.obj) (memset)
../../components/newlib/armca5/libc.a(lib_a-snprintf.o)
                              lib/libhal.a(hal_blue_screen.c.obj) (snprintf)
../../components/newlib/armca5/libc.a(lib_a-strcat.o)
                              lib/libbootloader.a(boot_vfs.c.obj) (strcat)
../../components/newlib/armca5/libc.a(lib_a-strchr.o)
[...]
Memory Configuration

Name             Origin             Length             Attributes
sram             0x00800100         0x0000ff00         xrw
*default*        0x00000000         0xffffffff

Linker script and memory map

LOAD components/bootloader/CMakeFiles/flash_test_fdl.dir/flash_test_fdl/flash_test_main.c.obj
LOAD lib/libbootloader.a
START GROUP
LOAD lib/libhal.a
LOAD lib/libosi_lib.a
END GROUP
LOAD ../../components/newlib/armca5/libc.a
LOAD ../../prebuilts/win32/gcc-arm-none-eabi/bin/../lib/gcc/arm-none-eabi/7.2.1/thumb/v7-ar/fpv3/hard/libgcc.a
LOAD lib/libboot_ex_ql.a
LOAD lib/libboot_ex_fat.a
LOAD lib/libboot_ex_sdmmc.a
LOAD lib/libboot_ex_spi6nor.a
LOAD lib/libboot_ex_ql_pin.a
LOAD ../../components/libs/boot_encrypt/libboot_encrypt.a
LOAD lib/libcalclib.a
LOAD lib/libdriver.a
LOAD lib/libhal_prop.a
LOAD lib/liboql_core_boot_virt_func.a

.text           0x00800100     0x2cc0
                0x00800100                __text_start = .
 *(BOOT_ENTRY)
 BOOT_ENTRY     0x00800100      0x184 lib/libbootloader.a(boot_entry_v7a.S.obj)
                0x008001b0                bootEntry
                0x0080021c                bootJumpImageEntry
 SORT_BY_NAME(*)(.sramboottext .sramboottext.*)
 .sramboottext  0x00800284       0x6c lib/libhal.a(hal_delay.c.obj)
                0x00800284                osiDelayLoops
                0x00800290                osiDelayUS
                0x008002b0                osiDebugEvent
                0x008002e4                osiHWTick16K
 .sramboottext  0x008002f0       0x56 lib/libhal.a(hal_reg_apply.c.obj)
                0x008002f0                halApplyRegisters
                0x00800322                halApplyRegisterList
 SORT_BY_NAME(*)(.sramtext .sramtext.*)
 .sramtext      0x00800346       0x1e lib/libhal.a(hal_chip_8910.c.obj)
                0x00800346                uxPortSetInterruptMaskFromISR
                0x00800346                vPortDisableInterrupts
                0x00800346                uxPortEnterCritical
                0x00800346                osiEnterCritical
                0x00800346                osiIrqSave
                0x00800356                osiExitCritical
                0x00800356                osiIrqRestore
                0x00800356                vPortExitCritical
                0x00800356                vPortClearInterruptMaskFromISR
 SORT_BY_NAME(*)(.ramtext .ramtext.*)
 .ramtext.flashhal.973
                0x00800364       0xe4 lib/libhal.a(hal_spi_flash.c.obj)
                0x00800364                halSpiFlashCmd
 .ramtext.flashhal.245
                0x00800448       0x20 lib/libhal.a(hal_spi_flash.c.obj)
 .ramtext.flashhal.313
                0x00800468       0x14 lib/libhal.a(hal_spi_flash.c.obj)
 .ramtext.flashhal.329
                0x0080047c       0x24 lib/libhal.a(hal_spi_flash.c.obj)
 .ramtext.flashhal.227
                0x008004a0       0x12 lib/libhal.a(hal_spi_flash.c.obj)
 .ramtext.flashhal.346
                0x008004b2       0x18 lib/libhal.a(hal_spi_flash.c.obj)
 .ramtext.flashhal.460
                0x008004ca        0xc lib/libhal.a(hal_spi_flash.c.obj)
                0x008004ca                halSpiFlashPageProgram
 .ramtext.flashhal.239
                0x008004d6       0x16 lib/libhal.a(hal_spi_flash.c.obj)
 .ramtext.flashhal.536
                0x008004ec        0xa lib/libhal.a(hal_spi_flash.c.obj)
                0x008004ec                halSpiFlashChipErase
 .ramtext.flashhal.493
                0x008004f6        0xa lib/libhal.a(hal_spi_flash.c.obj)
 .ramtext.flashhal.482
                0x00800500        0xa lib/libhal.a(hal_spi_flash.c.obj)
 .ramtext.flashhal.471
                0x0080050a        0xa lib/libhal.a(hal_spi_flash.c.obj)
 .ramtext.flashhal.891
                0x00800514       0x1a lib/libhal.a(hal_spi_flash.c.obj)
                0x00800514                halSpiFlashErase
 .ramtext.flashhal.397
                0x0080052e       0x24 lib/libhal.a(hal_spi_flash.c.obj)
 .ramtext.flashhal.370
                0x00800552       0x64 lib/libhal.a(hal_spi_flash.c.obj)
 .ramtext.flashhal.439
                0x008005b6       0x54 lib/libhal.a(hal_spi_flash.c.obj)
                0x008005b6                halSpiFlashFinishEraseProgram
 .ramtext.flashhal.1052
                0x0080060a        0xa lib/libhal.a(hal_spi_flash.c.obj)
                0x0080060a                halSpiFlashWriteEnable
 .ramtext.flashhal.414
                0x00800614      0x130 lib/libhal.a(hal_spi_flash.c.obj)
                0x00800614                halSpiFlashPrepareEraseProgram
 .ramtext.flashhal.1060
                0x00800744        0xa lib/libhal.a(hal_spi_flash.c.obj)
                0x00800744                halSpiFlashWriteDisable
 .ramtext.flashhal.1068
                0x0080074e        0xa lib/libhal.a(hal_spi_flash.c.obj)
                0x0080074e                halSpiFlashResetEnable
 .ramtext.flashhal.1076
                0x00800758        0xa lib/libhal.a(hal_spi_flash.c.obj)
                0x00800758                halSpiFlashReset
 .ramtext.flashhal.1084
                0x00800762       0x1a lib/libhal.a(hal_spi_flash.c.obj)
                0x00800762                halSpiFlashReadSR
 .ramtext.flashhal.1120
                0x0080077c       0x26 lib/libhal.a(hal_spi_flash.c.obj)
                0x0080077c                halSpiFlashIsWipFinished
 .ramtext.flashhal.1133
                0x008007a2       0x10 lib/libhal.a(hal_spi_flash.c.obj)
                0x008007a2                halSpiFlashWaitWipFinish
 .ramtext.flashhal.1092
                0x008007b2       0x6c lib/libhal.a(hal_spi_flash.c.obj)
                0x008007b2                halSpiFlashWriteSR
 .ramtext.flashhal.1222
                0x0080081e      0x116 lib/libhal.a(hal_spi_flash.c.obj)
                0x0080081e                halSpiFlashStatusCheck
 .ramtext.flashhal.1331
                0x00800934      0x10c lib/libhal.a(hal_spi_flash.c.obj)
                0x00800934                halSpiFlashInit
 .ramtext.flashhal.103
                0x00800a40       0x44 lib/libhal.a(hal_spi_flash.c.obj)
 .ramtext.flashhal.126
                0x00800a84       0x44 lib/libhal.a(hal_spi_flash.c.obj)
 .ramtext.flashhal.149
                0x00800ac8       0x44 lib/libhal.a(hal_spi_flash.c.obj)
 .ramtext.flashhal.172
                0x00800b0c       0x3c lib/libhal.a(hal_spi_flash.c.obj)
 .ramtext.flashhal.63
                0x00800b48       0x34 lib/libhal.a(hal_spi_flash.c.obj)
 .ramtext.flashhal.82
                0x00800b7c       0x3c lib/libhal.a(hal_spi_flash.c.obj)
 .ramtext.osi_log.423
                0x00800bb8       0xa8 lib/libosi_lib.a(osi_log.c.obj)
 .ramtext.osi_log.518
                0x00800c60       0x24 lib/libosi_lib.a(osi_log.c.obj)
                0x00800c60                osiTraceBasic
 SORT_BY_NAME(*)(.text .text.* .gnu.linkonce.t.* .rdata .rodata .rodata.* .rodata1 .gnu.linkonce.r.*)
 .rodata._global_impure_ptr
                0x00800c84        0x4 ../../components/newlib/armca5/libc.a(lib_a-impure.o)
                0x00800c84                _global_impure_ptr
 .text.memcpy   0x00800c88       0xc8 ../../components/newlib/armca5/libc.a(lib_a-memcpy-stub.o)
                0x00800c88                memcpy
 .text.memset   0x00800d50       0xa8 ../../components/newlib/armca5/libc.a(lib_a-memset.o)
                0x00800d50                memset
 *fill*         0x00800df8        0x8 
 .text          0x00800e00       0xdc ../../components/newlib/armca5/libc.a(lib_a-strlen.o)
                0x00800e00                strlen
 .text          0x00800edc        0x4 ../../prebuilts/win32/gcc-arm-none-eabi/bin/../lib/gcc/arm-none-eabi/7.2.1/thumb/v7-ar/fpv3/hard/libgcc.a(_dvmd_tls.o)
                0x00800edc                __aeabi_idiv0
                0x00800edc                __aeabi_ldiv0
 .text          0x00800ee0      0x278 ../../prebuilts/win32/gcc-arm-none-eabi/bin/../lib/gcc/arm-none-eabi/7.2.1/thumb/v7-ar/fpv3/hard/libgcc.a(_udivsi3.o)
                0x00800ee0                __aeabi_uidiv
                0x00800ee0                __udivsi3
                0x0080113c                __aeabi_uidivmod
 .text._process_flash
                0x00801158      0x274 components/bootloader/CMakeFiles/flash_test_fdl.dir/flash_test_fdl/flash_test_main.c.obj
 .text.bootStart
                0x008013cc      0x1f0 components/bootloader/CMakeFiles/flash_test_fdl.dir/flash_test_fdl/flash_test_main.c.obj
                0x008013cc                bootStart
 .rodata        0x008015bc       0x40 components/bootloader/CMakeFiles/flash_test_fdl.dir/flash_test_fdl/flash_test_main.c.obj
 .rodata._process_flash.str1.1
                0x008015fc      0x22a components/bootloader/CMakeFiles/flash_test_fdl.dir/flash_test_fdl/flash_test_main.c.obj
 .rodata.bootStart.str1.1
                0x00801826       0xb3 components/bootloader/CMakeFiles/flash_test_fdl.dir/flash_test_fdl/flash_test_main.c.obj
 *fill*         0x008018d9        0x3 
 .text.ql_set_spi6_ext_nor_flash_status
                0x008018dc        0xc lib/libboot_ex_spi6nor.a(quec_spi6_ext_norflash_cfg.c.obj)
                0x008018dc                ql_set_spi6_ext_nor_flash_status
 .text.ql_get_spi6_ext_nor_status
                0x008018e8        0xc lib/libboot_ex_spi6nor.a(quec_spi6_ext_norflash_cfg.c.obj)
                0x008018e8                ql_get_spi6_ext_nor_status
 .text.quec_set_spi6_ext_nor_flash_capacity
                0x008018f4       0x94 lib/libboot_ex_spi6nor.a(quec_spi6_ext_norflash_cfg.c.obj)
                0x008018f4                quec_set_spi6_ext_nor_flash_capacity
 .rodata.__FUNCTION__.9905
                0x00801988       0x25 lib/libboot_ex_spi6nor.a(quec_spi6_ext_norflash_cfg.c.obj)
 .rodata.quec_set_spi6_ext_nor_flash_capacity.str1.1
                0x008019ad       0x54 lib/libboot_ex_spi6nor.a(quec_spi6_ext_norflash_cfg.c.obj)
 *fill*         0x00801a01        0x3 
 .text.bootDebuguartInit
                0x00801a04       0x3c lib/libbootloader.a(boot_debuguart.c.obj)
                0x00801a04                bootDebuguartInit
 .text.bootDebuguartWrite
                0x00801a40       0x34 lib/libbootloader.a(boot_debuguart.c.obj)
                0x00801a40                bootDebuguartWrite
 .text.bootDebuguartWriteAll
                0x00801a74       0x2e lib/libbootloader.a(boot_debuguart.c.obj)
                0x00801a74                bootDebuguartWriteAll
 .text.bootPanic
                0x00801aa2        0x2 lib/libbootloader.a(boot_delay.c.obj)
                0x00801aa2                osiPanic
                0x00801aa2                bootPanic
 .text.bootElapsedTimerStart
                0x00801aa4       0x10 lib/libbootloader.a(boot_delay.c.obj)
                0x00801aa4                osiElapsedTimerStart
                0x00801aa4                bootElapsedTimerStart
 .text.bootElapsedTime
                0x00801ab4       0x1c lib/libbootloader.a(boot_delay.c.obj)
                0x00801ab4                bootElapsedTime
                0x00801ab4                osiElapsedTime
 .text.bootElapsedTimeUS
                0x00801ad0       0x14 lib/libbootloader.a(boot_delay.c.obj)
                0x00801ad0                bootElapsedTimeUS
                0x00801ad0                osiElapsedTimeUS
 .text._fdl_read.isra.1
                0x00801ae4       0x2e lib/libbootloader.a(boot_fdl.c.obj)
 .text._fdl_write_all.isra.2
                0x00801b12       0x1c lib/libbootloader.a(boot_fdl.c.obj)
 .text._calc_crc16_frm
                0x00801b2e       0x4e lib/libbootloader.a(boot_fdl.c.obj)
                0x00801b2e                _calc_crc16_frm
 .text.fdlEngineCreate
                0x00801b7c       0x34 lib/libbootloader.a(boot_fdl.c.obj)
                0x00801b7c                fdlEngineCreate
 .text.fdlEngineDestroy
                0x00801bb0       0x18 lib/libbootloader.a(boot_fdl.c.obj)
                0x00801bb0                fdlEngineDestroy
 .text.fdlEngineReadRaw
                0x00801bc8        0xe lib/libbootloader.a(boot_fdl.c.obj)
                0x00801bc8                fdlEngineReadRaw
 .text.fdlEngineSendPacket
                0x00801bd6      0x114 lib/libbootloader.a(boot_fdl.c.obj)
                0x00801bd6                fdlEngineSendPacket
 *fill*         0x00801cea        0x2 
 .text.fdlEngineSendVersion
                0x00801cec       0x40 lib/libbootloader.a(boot_fdl.c.obj)
                0x00801cec                fdlEngineSendVersion
 .text.fdlEngineSendRespNoData
                0x00801d2c       0x1a lib/libbootloader.a(boot_fdl.c.obj)
                0x00801d2c                fdlEngineSendRespNoData
 *fill*         0x00801d46        0x2 
 .text.fdlEngineSendRespData
                0x00801d48       0x60 lib/libbootloader.a(boot_fdl.c.obj)
                0x00801d48                fdlEngineSendRespData
 .text.fdlEngineProcess
                0x00801da8      0x178 lib/libbootloader.a(boot_fdl.c.obj)
                0x00801da8                fdlEngineProcess
 .rodata.fdlEngineCreate.str1.1
                0x00801f20       0x23 lib/libbootloader.a(boot_fdl.c.obj)
 .rodata.fdlEngineProcess.str1.1
                0x00801f43       0x7e lib/libbootloader.a(boot_fdl.c.obj)
 .rodata.fdlEngineSendRespData.str1.1
                0x00801fc1       0x1d lib/libbootloader.a(boot_fdl.c.obj)
 .rodata.fdlEngineSendVersion.str1.1
                0x00801fde       0x22 lib/libbootloader.a(boot_fdl.c.obj)
 .text.bootIrqHandler
                0x00802000       0x1c lib/libbootloader.a(boot_irq.c.obj)
                0x00802000                bootIrqHandler
 .text._heap_malloc
                0x0080201c       0x38 lib/libbootloader.a(boot_mem.c.obj)
 .text._heap_calloc
                0x00802054       0x26 lib/libbootloader.a(boot_mem.c.obj)
 .text._heap_free
                0x0080207a       0x76 lib/libbootloader.a(boot_mem.c.obj)
 .text.bootHeapInit
                0x008020f0       0x48 lib/libbootloader.a(boot_mem.c.obj)
                0x008020f0                bootHeapInit
 .text.bootFree
                0x00802138       0x38 lib/libbootloader.a(boot_mem.c.obj)
                0x00802138                bootFree
 .text.malloc   0x00802170       0x10 lib/libbootloader.a(boot_mem.c.obj)
                0x00802170                malloc
 .text.calloc   0x00802180       0x10 lib/libbootloader.a(boot_mem.c.obj)
                0x00802180                calloc
 .text.free     0x00802190        0x4 lib/libbootloader.a(boot_mem.c.obj)
                0x00802190                free
 .text.bootBlueScreen
                0x00802194        0xc lib/libbootloader.a(boot_platform_8910.c.obj)
                0x00802194                bootBlueScreen
 .text.prvErase
                0x008021a0       0x1e lib/libbootloader.a(boot_spi_flash.c.obj)
 *fill*         0x008021be        0x2 
 .text.bootSpiFlashOpen
                0x008021c0       0x64 lib/libbootloader.a(boot_spi_flash.c.obj)
                0x008021c0                bootSpiFlashOpen
 .text.bootSpiFlashCapacity
                0x00802224        0x6 lib/libbootloader.a(boot_spi_flash.c.obj)
                0x00802224                bootSpiFlashCapacity
 .text.bootSpiFlashMapAddress
                0x0080222a        0x6 lib/libbootloader.a(boot_spi_flash.c.obj)
                0x0080222a                bootSpiFlashMapAddress
 .text.bootSpiFlashOffsetValid
                0x00802230        0xc lib/libbootloader.a(boot_spi_flash.c.obj)
                0x00802230                bootSpiFlashOffsetValid
 .text.bootSpiFlashWriteNoWait
                0x0080223c       0x72 lib/libbootloader.a(boot_spi_flash.c.obj)
                0x0080223c                bootSpiFlashWriteNoWait
 .text.bootSpiFlashEraseNoWait
                0x008022ae       0xb2 lib/libbootloader.a(boot_spi_flash.c.obj)
                0x008022ae                bootSpiFlashEraseNoWait
 .text.bootSpiFlashChipErase
                0x00802360       0x36 lib/libbootloader.a(boot_spi_flash.c.obj)
                0x00802360                bootSpiFlashChipErase
 .text.bootSpiFlashErase
                0x00802396       0x3c lib/libbootloader.a(boot_spi_flash.c.obj)
                0x00802396                bootSpiFlashErase
 .text.bootSpiFlashWrite
                0x008023d2       0x46 lib/libbootloader.a(boot_spi_flash.c.obj)
                0x008023d2                bootSpiFlashWrite
 .rodata.bootSpiFlashOpen.str1.1
                0x00802418       0x20 lib/libbootloader.a(boot_spi_flash.c.obj)
 .text.osiPmSourceCreate
                0x00802438        0x8 lib/libbootloader.a(boot_stub.c.obj)
                0x00802438                osiPmSourceCreate
 .text.bootTimerISR
                0x00802440       0x1c lib/libbootloader.a(boot_timer.c.obj)
                0x00802440                bootTimerISR
 .text.bootTraceInit
                0x0080245c       0x18 lib/libbootloader.a(boot_trace.c.obj)
                0x0080245c                bootTraceInit
 .text.bootTraceBufPutMulti
                0x00802474       0x22 lib/libbootloader.a(boot_trace.c.obj)
                0x00802474                bootTraceBufPutMulti
                0x00802474                osiTraceBufPutMulti
 .text.prvUartAvail
                0x00802496        0xa lib/libbootloader.a(boot_uart.c.obj)
 .text.prvUartFlush
                0x008024a0        0x2 lib/libbootloader.a(boot_uart.c.obj)
 .text.prvUartConnected
                0x008024a2        0x4 lib/libbootloader.a(boot_uart.c.obj)
 .text.prvUartDestroy
                0x008024a6        0x4 lib/libbootloader.a(boot_uart.c.obj)
 .text.prvUartBaudSupported
                0x008024aa        0xa lib/libbootloader.a(boot_uart.c.obj)
 .text.bootUartSetBaud
                0x008024b4       0x24 lib/libbootloader.a(boot_uart.c.obj)
                0x008024b4                bootUartSetBaud
 .text.bootUartOpen
                0x008024d8       0x94 lib/libbootloader.a(boot_uart.c.obj)
                0x008024d8                bootUartOpen
 .text.prvUartSetBaud
                0x0080256c        0x6 lib/libbootloader.a(boot_uart.c.obj)
 .text.bootUartRead
                0x00802572       0x24 lib/libbootloader.a(boot_uart.c.obj)
                0x00802572                bootUartRead
 .text.prvUartFlushInput
                0x00802596       0x18 lib/libbootloader.a(boot_uart.c.obj)
 .text.prvUartRead
                0x008025ae        0x6 lib/libbootloader.a(boot_uart.c.obj)
 .text.bootUartWrite
                0x008025b4       0x2e lib/libbootloader.a(boot_uart.c.obj)
                0x008025b4                bootUartWrite
 .text.prvUartWrite
                0x008025e2        0x6 lib/libbootloader.a(boot_uart.c.obj)
 .text.fdlOpenUart
                0x008025e8       0x70 lib/libbootloader.a(boot_uart.c.obj)
                0x008025e8                fdlOpenUart
 .text._initCfgReg
                0x00802658       0x28 lib/libhal.a(hal_adi_bus.c.obj)
                0x00802658                _initCfgReg
 .text._adiBusResume
                0x00802680        0xa lib/libhal.a(hal_adi_bus.c.obj)
 *fill*         0x0080268a        0x2 
 .text.halAdiBusInit
                0x0080268c       0x1c lib/libhal.a(hal_adi_bus.c.obj)
                0x0080268c                halAdiBusInit
 .rodata        0x008026a8        0x4 lib/libhal.a(hal_adi_bus.c.obj)
 .rodata._adiBusPmOps
                0x008026ac       0x10 lib/libhal.a(hal_adi_bus.c.obj)
 .text.halBlueScreenSaveContext
                0x008026bc       0x34 lib/libhal.a(hal_blue_screen.c.obj)
                0x008026bc                halBlueScreenSaveContext
 .text.halCalcDivider20
                0x008026f0       0x88 lib/libhal.a(hal_chip.c.obj)
                0x008026f0                halCalcDivider20
 .text.osiDCacheInvalidate
                0x00802778       0x18 lib/libhal.a(hal_chip_8910.c.obj)
                0x00802778                osiDCacheInvalidate
 .text.osiDCacheCleanInvalidateAll
                0x00802790       0xac lib/libhal.a(hal_chip_8910.c.obj)
                0x00802790                osiDCacheCleanInvalidateAll
 .text.prvDelayUS
                0x0080283c       0x14 lib/libhal.a(hal_clock_init.c.obj)
 .text.halClockInit
                0x00802850      0x240 lib/libhal.a(hal_clock_init.c.obj)
                0x00802850                halClockInit
 .text.halHwspinlockReleaseInCritical
                0x00802a90       0x14 lib/libhal.a(hal_hwspinlock.c.obj)
                0x00802a90                halHwspinlockReleaseInCritical
 .rodata.str1.1
                0x00802aa4       0x19 lib/libhal.a(hal_spi_flash.c.obj)
 *fill*         0x00802abd        0x3 
 .text.quec_spi_flash_props_init
                0x00802ac0       0x20 lib/libhal_prop.a(hal_spi_flash_prop.c.obj)
                0x00802ac0                quec_spi_flash_props_init
 .text.osiTraceVprintf
                0x00802ae0      0x2a4 lib/libosi_lib.a(osi_log.c.obj)
                0x00802ae0                osiTraceVprintf
 .text.osiTracePrintf
                0x00802d84       0x24 lib/libosi_lib.a(osi_log.c.obj)
                0x00802d84                osiTracePrintf
 .rodata.prvParamBuf.str1.1
                0x00802da8        0x7 lib/libosi_lib.a(osi_log.c.obj)
 *(.rokeep)
                0x00802daf                __text_end = .
                0x00802dc0                . = ALIGN (0x20)
 *fill*         0x00802daf       0x11 

.data           0x00802dc0      0x6e0
                0x00802dc0                __data_start = .
 SORT_BY_NAME(*)(.sramdata .sramdata.*)
 SORT_BY_NAME(*)(.data .data.* .sdata .sdata.* .data1 .gnu.linkonce.d.*)
 .data._impure_ptr
                0x00802dc0        0x4 ../../components/newlib/armca5/libc.a(lib_a-impure.o)
                0x00802dc0                _impure_ptr
 *fill*         0x00802dc4        0x4 
 .data.impure_data
                0x00802dc8      0x428 ../../components/newlib/armca5/libc.a(lib_a-impure.o)
 .data.gPartInfo_extflash
                0x008031f0       0x70 lib/libboot_ex_spi6nor.a(quec_spi6_ext_norflash_cfg.c.obj)
                0x008031f0                gPartInfo_extflash
 .data.gDrvSpiFlashCtx
                0x00803260       0x80 lib/libbootloader.a(boot_spi_flash.c.obj)
 .data.gBootUarts
                0x008032e0       0x18 lib/libbootloader.a(boot_uart.c.obj)
 .data.ql_SpiFlashProps
                0x008032f8      0x17c lib/libhal_prop.a(hal_spi_flash_prop.c.obj)
                0x008032f8                ql_SpiFlashProps
 .data.ql_SpiFlashPropsLen
                0x00803474        0x4 lib/libhal_prop.a(hal_spi_flash_prop.c.obj)
                0x00803474                ql_SpiFlashPropsLen
 *(.rwkeep)
 .rwkeep        0x00803478        0xc lib/libhal.a(hal_blue_screen.c.obj)
                0x00803478                gGdbRegAddress
                0x0080347c                gCpGdbRegAddress
                0x00803480                gGdbCtxType
                0x00803484                __data_end = .
                0x008034a0                . = ALIGN (0x20)
 *fill*         0x00803484       0x1c 

.lastflash      0x008034a0        0x0
                0x008034a0                . = ALIGN (0x20)

.bss            0x008034a0     0x10a0
                0x008034a0                __bss_start = .
 *(.srambss .srambss.*)
 *(.bss .bss.* COMMON .scommon .sbss .sbss.* .sbss2 .sbss2.* .gnu.linkonce.b.*)
 .bss.pattern   0x008034a0     0x1000 components/bootloader/CMakeFiles/flash_test_fdl.dir/flash_test_fdl/flash_test_main.c.obj
 COMMON         0x008044a0        0x4 components/bootloader/CMakeFiles/flash_test_fdl.dir/flash_test_fdl/flash_test_main.c.obj
                0x008044a0                test_cnt
 .bss.gDefaultHeap
                0x008044a4        0x4 lib/libbootloader.a(boot_mem.c.obj)
 .bss.gExtRamHeap
                0x008044a8        0xc lib/libbootloader.a(boot_mem.c.obj)
 .bss.gIramHeap
                0x008044b4        0xc lib/libbootloader.a(boot_mem.c.obj)
 .bss.gTimerCb  0x008044c0        0x8 lib/libbootloader.a(boot_timer.c.obj)
 .bss.gSpiFlashProps
                0x008044c8        0x4 lib/libhal.a(hal_spi_flash.c.obj)
 .bss.gSpiFlashPropsLen
                0x008044cc        0x4 lib/libhal.a(hal_spi_flash.c.obj)
 .bss.gTraceEnabled
                0x008044d0        0x1 lib/libosi_lib.a(osi_log.c.obj)
                0x008044d0                gTraceEnabled
 *fill*         0x008044d1        0x3 
 COMMON         0x008044d4       0x54 lib/libosi_lib.a(osi_log.c.obj)
                0x008044d4                v_tra_pubModuleControl
                0x008044d8                v_tra_categoryControl
                0x008044dc                gTraceSequence
                0x008044e0                v_tra_lteModuleControl
                0x008044e4                sxs_IoCtx
 .bss.quec_spi6_ext_nor_flash_capacity
                0x00804528        0x4 lib/libboot_ex_spi6nor.a(quec_spi6_ext_norflash_cfg.c.obj)
                0x00804528                quec_spi6_ext_nor_flash_capacity
 .bss.quec_spi6_ext_nor_flash_is_exist
                0x0080452c        0x1 lib/libboot_ex_spi6nor.a(quec_spi6_ext_norflash_cfg.c.obj)
                0x0080452c                quec_spi6_ext_nor_flash_is_exist
                0x0080452d                __bss_end = .
                0x00804540                . = ALIGN (0x20)
 *fill*         0x0080452d       0x13 

.sys_stack      0x00804540     0x1800
                0x00804540                __sys_stack_start = .
                0x00805d40                . = (. + 0x1800)
 *fill*         0x00804540     0x1800 
                0x00805d40                __sys_stack_end = .
                0x00805d40                . = ALIGN (0x20)

.irq_stack      0x00805d40      0x800
                0x00805d40                __irq_stack_start = .
                0x00806540                . = (. + 0x800)
 *fill*         0x00805d40      0x800 
                0x00806540                __irq_stack_end = .
                0x00806540                . = ALIGN (0x20)

.blue_screen    0x00806540      0x400
                0x00806540                __blue_screen_start = .
                0x00806940                . = (. + 0x400)
 *fill*         0x00806540      0x400 
                0x00806940                __blue_screen_end = .
                0x00806940                . = ALIGN (0x20)

.sram_heap      0x00806940     0x96c0
                0x00806940                __sram_heap_start = .
                0x00810000                . = (ORIGIN (sram) + LENGTH (sram))
 *fill*         0x00806940     0x96c0 
                0x00810000                __sram_heap_end = .
                0x00810000                . = ALIGN (0x20)
                0x00800100                __flash_start = LOADADDR (.text)
                0x008034a0                __flash_end = ADDR (.lastflash)

.comment        0x00000000       0xf7
 *(.comment)
 .comment       0x00000000       0x7e components/bootloader/CMakeFiles/flash_test_fdl.dir/flash_test_fdl/flash_test_main.c.obj
                                 0x7f (size before relaxing)
 .comment       0x0000007e       0x7f lib/libbootloader.a(boot_platform_8910.c.obj)
 .comment       0x0000007e       0x7f lib/libbootloader.a(boot_stub.c.obj)
 .comment       0x0000007e       0x7f lib/libbootloader.a(boot_delay.c.obj)
 .comment       0x0000007e       0x7f lib/libbootloader.a(boot_mem.c.obj)
 .comment       0x0000007e       0x7f lib/libbootloader.a(boot_spi_flash.c.obj)
 .comment       0x0000007e       0x7f lib/libbootloader.a(boot_debuguart.c.obj)
 .comment       0x0000007e       0x7f lib/libbootloader.a(boot_trace.c.obj)
 .comment       0x0000007e       0x7f lib/libbootloader.a(boot_fdl.c.obj)
 .comment       0x0000007e       0x7f lib/libbootloader.a(boot_irq.c.obj)
 .comment       0x0000007e       0x7f lib/libbootloader.a(boot_timer.c.obj)
 .comment       0x0000007e       0x7f lib/libbootloader.a(boot_uart.c.obj)
 .comment       0x0000007e       0x7f lib/libhal.a(hal_clock_init.c.obj)
 .comment       0x0000007e       0x7f lib/libhal.a(hal_chip_8910.c.obj)
 .comment       0x0000007e       0x7f lib/libhal.a(hal_delay.c.obj)
 .comment       0x0000007e       0x7f lib/libhal.a(hal_reg_apply.c.obj)
 .comment       0x0000007e       0x7f lib/libhal.a(hal_chip.c.obj)
 .comment       0x0000007e       0x7f lib/libhal.a(hal_adi_bus.c.obj)
 .comment       0x0000007e       0x7f lib/libhal.a(hal_hwspinlock.c.obj)
 .comment       0x0000007e       0x7f lib/libhal.a(hal_spi_flash.c.obj)
 .comment       0x0000007e       0x7f lib/libhal.a(hal_blue_screen.c.obj)
 .comment       0x0000007e       0x7f lib/libosi_lib.a(osi_log.c.obj)
 .comment       0x0000007e       0x79 ../../components/newlib/armca5/libc.a(lib_a-impure.o)
                                 0x7a (size before relaxing)
 .comment       0x000000f7       0x7a ../../components/newlib/armca5/libc.a(lib_a-memcpy-stub.o)
 .comment       0x000000f7       0x7a ../../components/newlib/armca5/libc.a(lib_a-memset.o)
 .comment       0x000000f7       0x7f lib/libboot_ex_spi6nor.a(quec_spi6_ext_norflash_cfg.c.obj)
 .comment       0x000000f7       0x7f lib/libhal_prop.a(hal_spi_flash_prop.c.obj)

.ARM.attributes
                0x00000000       0x3d
 *(.ARM.attributes)
 .ARM.attributes
                0x00000000       0x3d components/bootloader/CMakeFiles/flash_test_fdl.dir/flash_test_fdl/flash_test_main.c.obj
 .ARM.attributes
                0x0000003d       0x3d lib/libbootloader.a(boot_platform_8910.c.obj)
 .ARM.attributes
                0x0000007a       0x2b lib/libbootloader.a(boot_entry_v7a.S.obj)
 .ARM.attributes
                0x000000a5       0x3d lib/libbootloader.a(boot_stub.c.obj)
 .ARM.attributes
                0x000000e2       0x3d lib/libbootloader.a(boot_delay.c.obj)
 .ARM.attributes
                0x0000011f       0x3d lib/libbootloader.a(boot_mem.c.obj)
 .ARM.attributes
                0x0000015c       0x3d lib/libbootloader.a(boot_spi_flash.c.obj)
 .ARM.attributes
                0x00000199       0x3d lib/libbootloader.a(boot_debuguart.c.obj)
 .ARM.attributes
                0x000001d6       0x3d lib/libbootloader.a(boot_trace.c.obj)
 .ARM.attributes
                0x00000213       0x3d lib/libbootloader.a(boot_fdl.c.obj)
 .ARM.attributes
                0x00000250       0x3d lib/libbootloader.a(boot_irq.c.obj)
 .ARM.attributes
                0x0000028d       0x3d lib/libbootloader.a(boot_timer.c.obj)
 .ARM.attributes
                0x000002ca       0x3d lib/libbootloader.a(boot_uart.c.obj)
 .ARM.attributes
                0x00000307       0x3d lib/libhal.a(hal_clock_init.c.obj)
 .ARM.attributes
                0x00000344       0x3d lib/libhal.a(hal_chip_8910.c.obj)
 .ARM.attributes
                0x00000381       0x3d lib/libhal.a(hal_delay.c.obj)
 .ARM.attributes
                0x000003be       0x3d lib/libhal.a(hal_reg_apply.c.obj)
 .ARM.attributes
                0x000003fb       0x3d lib/libhal.a(hal_chip.c.obj)
 .ARM.attributes
                0x00000438       0x3d lib/libhal.a(hal_adi_bus.c.obj)
 .ARM.attributes
                0x00000475       0x3d lib/libhal.a(hal_hwspinlock.c.obj)
 .ARM.attributes
                0x000004b2       0x3d lib/libhal.a(hal_spi_flash.c.obj)
 .ARM.attributes
                0x000004ef       0x3d lib/libhal.a(hal_blue_screen.c.obj)
 .ARM.attributes
                0x0000052c       0x3d lib/libosi_lib.a(osi_log.c.obj)
 .ARM.attributes
                0x00000569       0x3d ../../components/newlib/armca5/libc.a(lib_a-impure.o)
 .ARM.attributes
                0x000005a6       0x37 ../../components/newlib/armca5/libc.a(lib_a-memcpy-stub.o)
 .ARM.attributes
                0x000005dd       0x37 ../../components/newlib/armca5/libc.a(lib_a-memset.o)
 .ARM.attributes
                0x00000614       0x1d ../../components/newlib/armca5/libc.a(lib_a-strlen.o)
 .ARM.attributes
                0x00000631       0x1b ../../prebuilts/win32/gcc-arm-none-eabi/bin/../lib/gcc/arm-none-eabi/7.2.1/thumb/v7-ar/fpv3/hard/libgcc.a(_udivsi3.o)
 .ARM.attributes
                0x0000064c       0x1b ../../prebuilts/win32/gcc-arm-none-eabi/bin/../lib/gcc/arm-none-eabi/7.2.1/thumb/v7-ar/fpv3/hard/libgcc.a(_dvmd_tls.o)
 .ARM.attributes
                0x00000667       0x3d lib/libboot_ex_spi6nor.a(quec_spi6_ext_norflash_cfg.c.obj)
 .ARM.attributes
                0x000006a4       0x3d lib/libhal_prop.a(hal_spi_flash_prop.c.obj)

.iplt           0x00000000        0x0
 *(.iplt)
 .iplt          0x00000000        0x0 components/bootloader/CMakeFiles/flash_test_fdl.dir/flash_test_fdl/flash_test_main.c.obj

.igot.plt       0x00000000        0x0
 *(.igot.plt)
 .igot.plt      0x00000000        0x0 components/bootloader/CMakeFiles/flash_test_fdl.dir/flash_test_fdl/flash_test_main.c.obj

.rel.dyn        0x00000000        0x0
 *(.rel.dyn)
 .rel.iplt      0x00000000        0x0 components/bootloader/CMakeFiles/flash_test_fdl.dir/flash_test_fdl/flash_test_main.c.obj

.glue_7         0x00000000        0x0
 *(.glue_7)
 .glue_7        0x00000000        0x0 linker stubs

.glue_7t        0x00000000        0x0
 *(.glue_7t)
 .glue_7t       0x00000000        0x0 linker stubs

.vfp11_veneer   0x00000000        0x0
 *(.vfp11_veneer)
 .vfp11_veneer  0x00000000        0x0 linker stubs

.v4_bx          0x00000000        0x0
 *(.v4_bx)
 .v4_bx         0x00000000        0x0 linker stubs

/DISCARD/
 *(.ARM.exidx*)
 *(.gnu.linkonce.armexidx*)
OUTPUT(hex\flash_test_fdl.elf elf32-littlearm)

.debug_info     0x00000000    0x252d2
 .debug_info    0x00000000     0x1ad1 components/bootloader/CMakeFiles/flash_test_fdl.dir/flash_test_fdl/flash_test_main.c.obj
 .debug_info    0x00001ad1     0x269b lib/libbootloader.a(boot_platform_8910.c.obj)
 .debug_info    0x0000416c       0x26 lib/libbootloader.a(boot_entry_v7a.S.obj)
 .debug_info    0x00004192      0x1cc lib/libbootloader.a(boot_stub.c.obj)
 .debug_info    0x0000435e      0x1fb lib/libbootloader.a(boot_delay.c.obj)
 .debug_info    0x00004559      0x97f lib/libbootloader.a(boot_mem.c.obj)
 .debug_info    0x00004ed8     0x1901 lib/libbootloader.a(boot_spi_flash.c.obj)
 .debug_info    0x000067d9      0x601 lib/libbootloader.a(boot_debuguart.c.obj)
 .debug_info    0x00006dda      0x1f8 lib/libbootloader.a(boot_trace.c.obj)
 .debug_info    0x00006fd2     0x1b28 lib/libbootloader.a(boot_fdl.c.obj)
 .debug_info    0x00008afa     0x14d5 lib/libbootloader.a(boot_irq.c.obj)
 .debug_info    0x00009fcf      0xe69 lib/libbootloader.a(boot_timer.c.obj)
 .debug_info    0x0000ae38     0x158c lib/libbootloader.a(boot_uart.c.obj)
 .debug_info    0x0000c3c4     0x7975 lib/libhal.a(hal_clock_init.c.obj)
 .debug_info    0x00013d39     0x3878 lib/libhal.a(hal_chip_8910.c.obj)
 .debug_info    0x000175b1      0x3ab lib/libhal.a(hal_delay.c.obj)
 .debug_info    0x0001795c      0x1b8 lib/libhal.a(hal_reg_apply.c.obj)
 .debug_info    0x00017b14      0x3e4 lib/libhal.a(hal_chip.c.obj)
 .debug_info    0x00017ef8      0x9fb lib/libhal.a(hal_adi_bus.c.obj)
 .debug_info    0x000188f3      0x633 lib/libhal.a(hal_hwspinlock.c.obj)
 .debug_info    0x00018f26     0x42f4 lib/libhal.a(hal_spi_flash.c.obj)
 .debug_info    0x0001d21a     0x2292 lib/libhal.a(hal_blue_screen.c.obj)
 .debug_info    0x0001f4ac     0x324a lib/libosi_lib.a(osi_log.c.obj)
 .debug_info    0x000226f6     0x20cf lib/libboot_ex_spi6nor.a(quec_spi6_ext_norflash_cfg.c.obj)
 .debug_info    0x000247c5      0xb0d lib/libhal_prop.a(hal_spi_flash_prop.c.obj)

.debug_abbrev   0x00000000     0x4530
 .debug_abbrev  0x00000000      0x3f8 components/bootloader/CMakeFiles/flash_test_fdl.dir/flash_test_fdl/flash_test_main.c.obj
 .debug_abbrev  0x000003f8      0x29a lib/libbootloader.a(boot_platform_8910.c.obj)
 .debug_abbrev  0x00000692       0x14 lib/libbootloader.a(boot_entry_v7a.S.obj)
 .debug_abbrev  0x000006a6       0xf3 lib/libbootloader.a(boot_stub.c.obj)
 .debug_abbrev  0x00000799       0xd2 lib/libbootloader.a(boot_delay.c.obj)
 .debug_abbrev  0x0000086b      0x2fe lib/libbootloader.a(boot_mem.c.obj)
 .debug_abbrev  0x00000b69      0x411 lib/libbootloader.a(boot_spi_flash.c.obj)
 .debug_abbrev  0x00000f7a      0x159 lib/libbootloader.a(boot_debuguart.c.obj)
 .debug_abbrev  0x000010d3      0x116 lib/libbootloader.a(boot_trace.c.obj)
 .debug_abbrev  0x000011e9      0x4b3 lib/libbootloader.a(boot_fdl.c.obj)
 .debug_abbrev  0x0000169c      0x3db lib/libbootloader.a(boot_irq.c.obj)
 .debug_abbrev  0x00001a77      0x273 lib/libbootloader.a(boot_timer.c.obj)
 .debug_abbrev  0x00001cea      0x3fe lib/libbootloader.a(boot_uart.c.obj)
 .debug_abbrev  0x000020e8      0x38b lib/libhal.a(hal_clock_init.c.obj)
 .debug_abbrev  0x00002473      0x463 lib/libhal.a(hal_chip_8910.c.obj)
 .debug_abbrev  0x000028d6      0x15d lib/libhal.a(hal_delay.c.obj)
 .debug_abbrev  0x00002a33      0x10f lib/libhal.a(hal_reg_apply.c.obj)
 .debug_abbrev  0x00002b42       0xec lib/libhal.a(hal_chip.c.obj)
 .debug_abbrev  0x00002c2e      0x283 lib/libhal.a(hal_adi_bus.c.obj)
 .debug_abbrev  0x00002eb1      0x15e lib/libhal.a(hal_hwspinlock.c.obj)
 .debug_abbrev  0x0000300f      0x565 lib/libhal.a(hal_spi_flash.c.obj)
 .debug_abbrev  0x00003574      0x4e7 lib/libhal.a(hal_blue_screen.c.obj)
 .debug_abbrev  0x00003a5b      0x4b4 lib/libosi_lib.a(osi_log.c.obj)
 .debug_abbrev  0x00003f0f      0x429 lib/libboot_ex_spi6nor.a(quec_spi6_ext_norflash_cfg.c.obj)
 .debug_abbrev  0x00004338      0x1f8 lib/libhal_prop.a(hal_spi_flash_prop.c.obj)

.debug_loc      0x00000000     0xb1e4
 .debug_loc     0x00000000      0x7cb components/bootloader/CMakeFiles/flash_test_fdl.dir/flash_test_fdl/flash_test_main.c.obj
 .debug_loc     0x000007cb      0x143 lib/libbootloader.a(boot_platform_8910.c.obj)
 .debug_loc     0x0000090e       0x21 lib/libbootloader.a(boot_stub.c.obj)
 .debug_loc     0x0000092f       0x42 lib/libbootloader.a(boot_delay.c.obj)
 .debug_loc     0x00000971      0x94c lib/libbootloader.a(boot_mem.c.obj)
 .debug_loc     0x000012bd      0xb23 lib/libbootloader.a(boot_spi_flash.c.obj)
 .debug_loc     0x00001de0      0x1b5 lib/libbootloader.a(boot_debuguart.c.obj)
 .debug_loc     0x00001f95       0xf8 lib/libbootloader.a(boot_trace.c.obj)
 .debug_loc     0x0000208d      0xc38 lib/libbootloader.a(boot_fdl.c.obj)
 .debug_loc     0x00002cc5      0x2be lib/libbootloader.a(boot_irq.c.obj)
 .debug_loc     0x00002f83       0xdb lib/libbootloader.a(boot_timer.c.obj)
 .debug_loc     0x0000305e      0x75b lib/libbootloader.a(boot_uart.c.obj)
 .debug_loc     0x000037b9      0x555 lib/libhal.a(hal_clock_init.c.obj)
 .debug_loc     0x00003d0e      0xefc lib/libhal.a(hal_chip_8910.c.obj)
 .debug_loc     0x00004c0a       0xdc lib/libhal.a(hal_delay.c.obj)
 .debug_loc     0x00004ce6       0xbe lib/libhal.a(hal_reg_apply.c.obj)
 .debug_loc     0x00004da4      0x488 lib/libhal.a(hal_chip.c.obj)
 .debug_loc     0x0000522c      0x3dd lib/libhal.a(hal_adi_bus.c.obj)
 .debug_loc     0x00005609       0xff lib/libhal.a(hal_hwspinlock.c.obj)
 .debug_loc     0x00005708     0x2bf3 lib/libhal.a(hal_spi_flash.c.obj)
 .debug_loc     0x000082fb      0xcca lib/libhal.a(hal_blue_screen.c.obj)
 .debug_loc     0x00008fc5     0x1f63 lib/libosi_lib.a(osi_log.c.obj)
 .debug_loc     0x0000af28      0x282 lib/libboot_ex_spi6nor.a(quec_spi6_ext_norflash_cfg.c.obj)
 .debug_loc     0x0000b1aa       0x3a lib/libhal_prop.a(hal_spi_flash_prop.c.obj)

.debug_aranges  0x00000000      0xa38
 .debug_aranges
                0x00000000       0x28 components/bootloader/CMakeFiles/flash_test_fdl.dir/flash_test_fdl/flash_test_main.c.obj
 .debug_aranges
                0x00000028       0x58 lib/libbootloader.a(boot_platform_8910.c.obj)
 .debug_aranges
                0x00000080       0x20 lib/libbootloader.a(boot_entry_v7a.S.obj)
 .debug_aranges
                0x000000a0       0x20 lib/libbootloader.a(boot_stub.c.obj)
 .debug_aranges
                0x000000c0       0x38 lib/libbootloader.a(boot_delay.c.obj)
 .debug_aranges
                0x000000f8       0x98 lib/libbootloader.a(boot_mem.c.obj)
 .debug_aranges
                0x00000190       0xb0 lib/libbootloader.a(boot_spi_flash.c.obj)
 .debug_aranges
                0x00000240       0x30 lib/libbootloader.a(boot_debuguart.c.obj)
 .debug_aranges
                0x00000270       0x30 lib/libbootloader.a(boot_trace.c.obj)
 .debug_aranges
                0x000002a0       0x98 lib/libbootloader.a(boot_fdl.c.obj)
 .debug_aranges
                0x00000338       0x50 lib/libbootloader.a(boot_irq.c.obj)
 .debug_aranges
                0x00000388       0x30 lib/libbootloader.a(boot_timer.c.obj)
 .debug_aranges
                0x000003b8       0x90 lib/libbootloader.a(boot_uart.c.obj)
 .debug_aranges
                0x00000448       0x70 lib/libhal.a(hal_clock_init.c.obj)
 .debug_aranges
                0x000004b8       0xb0 lib/libhal.a(hal_chip_8910.c.obj)
 .debug_aranges
                0x00000568       0x38 lib/libhal.a(hal_delay.c.obj)
 .debug_aranges
                0x000005a0       0x28 lib/libhal.a(hal_reg_apply.c.obj)
 .debug_aranges
                0x000005c8       0x48 lib/libhal.a(hal_chip.c.obj)
 .debug_aranges
                0x00000610       0x50 lib/libhal.a(hal_adi_bus.c.obj)
 .debug_aranges
                0x00000660       0x40 lib/libhal.a(hal_hwspinlock.c.obj)
 .debug_aranges
                0x000006a0      0x180 lib/libhal.a(hal_spi_flash.c.obj)
 .debug_aranges
                0x00000820       0x58 lib/libhal.a(hal_blue_screen.c.obj)
 .debug_aranges
                0x00000878      0x130 lib/libosi_lib.a(osi_log.c.obj)
 .debug_aranges
                0x000009a8       0x70 lib/libboot_ex_spi6nor.a(quec_spi6_ext_norflash_cfg.c.obj)
 .debug_aranges
                0x00000a18       0x20 lib/libhal_prop.a(hal_spi_flash_prop.c.obj)

.debug_ranges   0x00000000     0x1a80
 .debug_ranges  0x00000000       0xd8 components/bootloader/CMakeFiles/flash_test_fdl.dir/flash_test_fdl/flash_test_main.c.obj
 .debug_ranges  0x000000d8       0x60 lib/libbootloader.a(boot_platform_8910.c.obj)
 .debug_ranges  0x00000138       0x10 lib/libbootloader.a(boot_stub.c.obj)
 .debug_ranges  0x00000148       0x28 lib/libbootloader.a(boot_delay.c.obj)
 .debug_ranges  0x00000170      0x158 lib/libbootloader.a(boot_mem.c.obj)
 .debug_ranges  0x000002c8      0x1c8 lib/libbootloader.a(boot_spi_flash.c.obj)
 .debug_ranges  0x00000490       0x50 lib/libbootloader.a(boot_debuguart.c.obj)
 .debug_ranges  0x000004e0       0x38 lib/libbootloader.a(boot_trace.c.obj)
 .debug_ranges  0x00000518      0x138 lib/libbootloader.a(boot_fdl.c.obj)
 .debug_ranges  0x00000650      0x148 lib/libbootloader.a(boot_irq.c.obj)
 .debug_ranges  0x00000798       0x20 lib/libbootloader.a(boot_timer.c.obj)
 .debug_ranges  0x000007b8       0xc8 lib/libbootloader.a(boot_uart.c.obj)
 .debug_ranges  0x00000880       0xb0 lib/libhal.a(hal_clock_init.c.obj)
 .debug_ranges  0x00000930      0x270 lib/libhal.a(hal_chip_8910.c.obj)
 .debug_ranges  0x00000ba0       0x28 lib/libhal.a(hal_delay.c.obj)
 .debug_ranges  0x00000bc8       0x18 lib/libhal.a(hal_reg_apply.c.obj)
 .debug_ranges  0x00000be0       0x88 lib/libhal.a(hal_chip.c.obj)
 .debug_ranges  0x00000c68       0x70 lib/libhal.a(hal_adi_bus.c.obj)
 .debug_ranges  0x00000cd8       0x30 lib/libhal.a(hal_hwspinlock.c.obj)
 .debug_ranges  0x00000d08      0x5c0 lib/libhal.a(hal_spi_flash.c.obj)
 .debug_ranges  0x000012c8       0xc8 lib/libhal.a(hal_blue_screen.c.obj)
 .debug_ranges  0x00001390      0x630 lib/libosi_lib.a(osi_log.c.obj)
 .debug_ranges  0x000019c0       0xb0 lib/libboot_ex_spi6nor.a(quec_spi6_ext_norflash_cfg.c.obj)
 .debug_ranges  0x00001a70       0x10 lib/libhal_prop.a(hal_spi_flash_prop.c.obj)

.debug_line     0x00000000     0x5839
 .debug_line    0x00000000      0x3e8 components/bootloader/CMakeFiles/flash_test_fdl.dir/flash_test_fdl/flash_test_main.c.obj
 .debug_line    0x000003e8      0x2ac lib/libbootloader.a(boot_platform_8910.c.obj)
 .debug_line    0x00000694       0xce lib/libbootloader.a(boot_entry_v7a.S.obj)
 .debug_line    0x00000762       0xf6 lib/libbootloader.a(boot_stub.c.obj)
 .debug_line    0x00000858      0x164 lib/libbootloader.a(boot_delay.c.obj)
 .debug_line    0x000009bc      0x2be lib/libbootloader.a(boot_mem.c.obj)
 .debug_line    0x00000c7a      0x543 lib/libbootloader.a(boot_spi_flash.c.obj)
 .debug_line    0x000011bd      0x1f4 lib/libbootloader.a(boot_debuguart.c.obj)
 .debug_line    0x000013b1      0x17b lib/libbootloader.a(boot_trace.c.obj)
 .debug_line    0x0000152c      0x4c9 lib/libbootloader.a(boot_fdl.c.obj)
 .debug_line    0x000019f5      0x38a lib/libbootloader.a(boot_irq.c.obj)
 .debug_line    0x00001d7f      0x248 lib/libbootloader.a(boot_timer.c.obj)
 .debug_line    0x00001fc7      0x3c7 lib/libbootloader.a(boot_uart.c.obj)
 .debug_line    0x0000238e      0x519 lib/libhal.a(hal_clock_init.c.obj)
 .debug_line    0x000028a7      0x733 lib/libhal.a(hal_chip_8910.c.obj)
 .debug_line    0x00002fda      0x139 lib/libhal.a(hal_delay.c.obj)
 .debug_line    0x00003113      0x1a8 lib/libhal.a(hal_reg_apply.c.obj)
 .debug_line    0x000032bb      0x1b4 lib/libhal.a(hal_chip.c.obj)
 .debug_line    0x0000346f      0x2bf lib/libhal.a(hal_adi_bus.c.obj)
 .debug_line    0x0000372e      0x182 lib/libhal.a(hal_hwspinlock.c.obj)
 .debug_line    0x000038b0      0xa9b lib/libhal.a(hal_spi_flash.c.obj)
 .debug_line    0x0000434b      0x49a lib/libhal.a(hal_blue_screen.c.obj)
 .debug_line    0x000047e5      0x967 lib/libosi_lib.a(osi_log.c.obj)
 .debug_line    0x0000514c      0x53e lib/libboot_ex_spi6nor.a(quec_spi6_ext_norflash_cfg.c.obj)
 .debug_line    0x0000568a      0x1af lib/libhal_prop.a(hal_spi_flash_prop.c.obj)

.debug_str      0x00000000    0x114c1
 .debug_str     0x00000000     0x150e components/bootloader/CMakeFiles/flash_test_fdl.dir/flash_test_fdl/flash_test_main.c.obj
                               0x15ee (size before relaxing)
 .debug_str     0x0000150e     0x2108 lib/libbootloader.a(boot_platform_8910.c.obj)
                               0x2307 (size before relaxing)
 .debug_str     0x00003616       0x40 lib/libbootloader.a(boot_entry_v7a.S.obj)
                                 0x78 (size before relaxing)
 .debug_str     0x00003656       0xd5 lib/libbootloader.a(boot_stub.c.obj)
                                0x2bf (size before relaxing)
 .debug_str     0x0000372b      0x17a lib/libbootloader.a(boot_delay.c.obj)
                                0x374 (size before relaxing)
 .debug_str     0x000038a5      0x1c4 lib/libbootloader.a(boot_mem.c.obj)
                                0x483 (size before relaxing)
 .debug_str     0x00003a69      0x664 lib/libbootloader.a(boot_spi_flash.c.obj)
                                0xdf2 (size before relaxing)
 .debug_str     0x000040cd      0x329 lib/libbootloader.a(boot_debuguart.c.obj)
                                0x597 (size before relaxing)
 .debug_str     0x000043f6       0x80 lib/libbootloader.a(boot_trace.c.obj)
                                0x2c6 (size before relaxing)
 .debug_str     0x00004476      0x1f5 lib/libbootloader.a(boot_fdl.c.obj)
                               0x1528 (size before relaxing)
 .debug_str     0x0000466b      0xb02 lib/libbootloader.a(boot_irq.c.obj)
                               0x10f6 (size before relaxing)
 .debug_str     0x0000516d      0x143 lib/libbootloader.a(boot_timer.c.obj)
                                0xf82 (size before relaxing)
 .debug_str     0x000052b0      0x3dc lib/libbootloader.a(boot_uart.c.obj)
                                0xaa7 (size before relaxing)
 .debug_str     0x0000568c     0x66f2 lib/libhal.a(hal_clock_init.c.obj)
                               0x7865 (size before relaxing)
 .debug_str     0x0000bd7e     0x1d9f lib/libhal.a(hal_chip_8910.c.obj)
                               0x30a3 (size before relaxing)
 .debug_str     0x0000db1d       0xfd lib/libhal.a(hal_delay.c.obj)
                                0x443 (size before relaxing)
 .debug_str     0x0000dc1a       0x5c lib/libhal.a(hal_reg_apply.c.obj)
                                0x298 (size before relaxing)
 .debug_str     0x0000dc76       0xd0 lib/libhal.a(hal_chip.c.obj)
                                0x3fe (size before relaxing)
 .debug_str     0x0000dd46      0x4bd lib/libhal.a(hal_adi_bus.c.obj)
                                0x881 (size before relaxing)
 .debug_str     0x0000e203      0x318 lib/libhal.a(hal_hwspinlock.c.obj)
                                0x5bc (size before relaxing)
 .debug_str     0x0000e51b      0xb0a lib/libhal.a(hal_spi_flash.c.obj)
                               0x1701 (size before relaxing)
 .debug_str     0x0000f025      0x617 lib/libhal.a(hal_blue_screen.c.obj)
                                0xd14 (size before relaxing)
 .debug_str     0x0000f63c      0x502 lib/libosi_lib.a(osi_log.c.obj)
                               0x14fc (size before relaxing)
 .debug_str     0x0000fb3e     0x191c lib/libboot_ex_spi6nor.a(quec_spi6_ext_norflash_cfg.c.obj)
                               0x2121 (size before relaxing)
 .debug_str     0x0001145a       0x67 lib/libhal_prop.a(hal_spi_flash_prop.c.obj)
                                0x8f0 (size before relaxing)

.debug_frame    0x00000000     0x1ca0
 .debug_frame   0x00000000       0x60 components/bootloader/CMakeFiles/flash_test_fdl.dir/flash_test_fdl/flash_test_main.c.obj
 .debug_frame   0x00000060       0xe0 lib/libbootloader.a(boot_platform_8910.c.obj)
 .debug_frame   0x00000140       0x20 lib/libbootloader.a(boot_stub.c.obj)
 .debug_frame   0x00000160       0x50 lib/libbootloader.a(boot_delay.c.obj)
 .debug_frame   0x000001b0      0x170 lib/libbootloader.a(boot_mem.c.obj)
 .debug_frame   0x00000320      0x1f4 lib/libbootloader.a(boot_spi_flash.c.obj)
 .debug_frame   0x00000514       0x58 lib/libbootloader.a(boot_debuguart.c.obj)
 .debug_frame   0x0000056c       0x5c lib/libbootloader.a(boot_trace.c.obj)
 .debug_frame   0x000005c8      0x1d8 lib/libbootloader.a(boot_fdl.c.obj)
 .debug_frame   0x000007a0       0xb0 lib/libbootloader.a(boot_irq.c.obj)
 .debug_frame   0x00000850       0x48 lib/libbootloader.a(boot_timer.c.obj)
 .debug_frame   0x00000898      0x150 lib/libbootloader.a(boot_uart.c.obj)
 .debug_frame   0x000009e8      0x138 lib/libhal.a(hal_clock_init.c.obj)
 .debug_frame   0x00000b20      0x230 lib/libhal.a(hal_chip_8910.c.obj)
 .debug_frame   0x00000d50       0x5c lib/libhal.a(hal_delay.c.obj)
 .debug_frame   0x00000dac       0x5c lib/libhal.a(hal_reg_apply.c.obj)
 .debug_frame   0x00000e08       0xf4 lib/libhal.a(hal_chip.c.obj)
 .debug_frame   0x00000efc       0xe0 lib/libhal.a(hal_adi_bus.c.obj)
 .debug_frame   0x00000fdc       0x6c lib/libhal.a(hal_hwspinlock.c.obj)
 .debug_frame   0x00001048      0x4d0 lib/libhal.a(hal_spi_flash.c.obj)
 .debug_frame   0x00001518       0xcc lib/libhal.a(hal_blue_screen.c.obj)
 .debug_frame   0x000015e4      0x56c lib/libosi_lib.a(osi_log.c.obj)
 .debug_frame   0x00001b50       0x20 ../../prebuilts/win32/gcc-arm-none-eabi/bin/../lib/gcc/arm-none-eabi/7.2.1/thumb/v7-ar/fpv3/hard/libgcc.a(_udivsi3.o)
 .debug_frame   0x00001b70      0x110 lib/libboot_ex_spi6nor.a(quec_spi6_ext_norflash_cfg.c.obj)
 .debug_frame   0x00001c80       0x20 lib/libhal_prop.a(hal_spi_flash_prop.c.obj)
